<?xml version="1.0" encoding="ISO-8859-1" ?>
<link_info>
   <banner>TMS320C2000 Linker PC v20.2.5.LTS</banner>
   <copyright>Copyright (c) 1996-2018 Texas Instruments Incorporated</copyright>
   <link_time>0x65650c00</link_time>
   <link_errors>0x0</link_errors>
   <output_file>Lab2Idle.out</output_file>
   <entry_point>
      <name>_c_int00</name>
      <address>0x8919c</address>
   </entry_point>
   <input_file_list>
      <input_file id="fl-2">
         <path>.\</path>
         <kind>object</kind>
         <file>DelayUs.obj</file>
         <name>DelayUs.obj</name>
      </input_file>
      <input_file id="fl-3">
         <path>.\</path>
         <kind>object</kind>
         <file>F2837xD_GlobalVariableDefs.obj</file>
         <name>F2837xD_GlobalVariableDefs.obj</name>
      </input_file>
      <input_file id="fl-4">
         <path>.\</path>
         <kind>object</kind>
         <file>HwiExample_DevInit.obj</file>
         <name>HwiExample_DevInit.obj</name>
      </input_file>
      <input_file id="fl-5">
         <path>.\</path>
         <kind>object</kind>
         <file>SoilMonitor_main.obj</file>
         <name>SoilMonitor_main.obj</name>
      </input_file>
      <input_file id="fl-6">
         <path>.\</path>
         <kind>object</kind>
         <file>i2c_driver.obj</file>
         <name>i2c_driver.obj</name>
      </input_file>
      <input_file id="fl-a">
         <path>C:\Users\Danial\Documents\GitHub\soil_monitor_c2000\Debug\configPkg\package\cfg\</path>
         <kind>object</kind>
         <file>app_p28FP.o28FP</file>
         <name>app_p28FP.o28FP</name>
      </input_file>
      <input_file id="fl-11">
         <kind>object</kind>
         <file>&lt;internal&gt;</file>
         <name>&lt;internal&gt;</name>
      </input_file>
      <input_file id="fl-12">
         <path>C:\Users\Danial\Documents\GitHub\soil_monitor_c2000\src\sysbios\</path>
         <kind>archive</kind>
         <file>sysbios.a28FP</file>
         <name>BIOS.obj</name>
      </input_file>
      <input_file id="fl-13">
         <path>C:\Users\Danial\Documents\GitHub\soil_monitor_c2000\src\sysbios\</path>
         <kind>archive</kind>
         <file>sysbios.a28FP</file>
         <name>c28_Hwi_asm.obj</name>
      </input_file>
      <input_file id="fl-14">
         <path>C:\Users\Danial\Documents\GitHub\soil_monitor_c2000\src\sysbios\</path>
         <kind>archive</kind>
         <file>sysbios.a28FP</file>
         <name>c28_Hwi_disp_asm.obj</name>
      </input_file>
      <input_file id="fl-15">
         <path>C:\Users\Danial\Documents\GitHub\soil_monitor_c2000\src\sysbios\</path>
         <kind>archive</kind>
         <file>sysbios.a28FP</file>
         <name>c28_IntrinsicsSupport_asm.obj</name>
      </input_file>
      <input_file id="fl-16">
         <path>C:\Users\Danial\Documents\GitHub\soil_monitor_c2000\src\sysbios\</path>
         <kind>archive</kind>
         <file>sysbios.a28FP</file>
         <name>c28_TaskSupport_asm.obj</name>
      </input_file>
      <input_file id="fl-17">
         <path>C:\ti\bios_6_83_00_18\packages\ti\targets\rts2800\lib\</path>
         <kind>archive</kind>
         <file>ti.targets.rts2800.a28FP</file>
         <name>Assert.o28FP</name>
      </input_file>
      <input_file id="fl-18">
         <path>C:\ti\bios_6_83_00_18\packages\ti\targets\rts2800\lib\</path>
         <kind>archive</kind>
         <file>ti.targets.rts2800.a28FP</file>
         <name>Core-mem.o28FP</name>
      </input_file>
      <input_file id="fl-19">
         <path>C:\ti\bios_6_83_00_18\packages\ti\targets\rts2800\lib\</path>
         <kind>archive</kind>
         <file>ti.targets.rts2800.a28FP</file>
         <name>Core-smem.o28FP</name>
      </input_file>
      <input_file id="fl-1a">
         <path>C:\ti\bios_6_83_00_18\packages\ti\targets\rts2800\lib\</path>
         <kind>archive</kind>
         <file>ti.targets.rts2800.a28FP</file>
         <name>Core-params.o28FP</name>
      </input_file>
      <input_file id="fl-1b">
         <path>C:\ti\bios_6_83_00_18\packages\ti\targets\rts2800\lib\</path>
         <kind>archive</kind>
         <file>ti.targets.rts2800.a28FP</file>
         <name>Error.o28FP</name>
      </input_file>
      <input_file id="fl-1c">
         <path>C:\ti\bios_6_83_00_18\packages\ti\targets\rts2800\lib\</path>
         <kind>archive</kind>
         <file>ti.targets.rts2800.a28FP</file>
         <name>Gate.o28FP</name>
      </input_file>
      <input_file id="fl-1d">
         <path>C:\ti\bios_6_83_00_18\packages\ti\targets\rts2800\lib\</path>
         <kind>archive</kind>
         <file>ti.targets.rts2800.a28FP</file>
         <name>HeapStd.o28FP</name>
      </input_file>
      <input_file id="fl-1e">
         <path>C:\ti\bios_6_83_00_18\packages\ti\targets\rts2800\lib\</path>
         <kind>archive</kind>
         <file>ti.targets.rts2800.a28FP</file>
         <name>LoggerBuf.o28FP</name>
      </input_file>
      <input_file id="fl-1f">
         <path>C:\ti\bios_6_83_00_18\packages\ti\targets\rts2800\lib\</path>
         <kind>archive</kind>
         <file>ti.targets.rts2800.a28FP</file>
         <name>Memory.o28FP</name>
      </input_file>
      <input_file id="fl-20">
         <path>C:\ti\bios_6_83_00_18\packages\ti\targets\rts2800\lib\</path>
         <kind>archive</kind>
         <file>ti.targets.rts2800.a28FP</file>
         <name>Startup.o28FP</name>
      </input_file>
      <input_file id="fl-21">
         <path>C:\ti\bios_6_83_00_18\packages\ti\targets\rts2800\lib\</path>
         <kind>archive</kind>
         <file>ti.targets.rts2800.a28FP</file>
         <name>System.o28FP</name>
      </input_file>
      <input_file id="fl-22">
         <path>C:\ti\bios_6_83_00_18\packages\ti\targets\rts2800\lib\</path>
         <kind>archive</kind>
         <file>ti.targets.rts2800.a28FP</file>
         <name>SysMin.o28FP</name>
      </input_file>
      <input_file id="fl-23">
         <path>C:\ti\bios_6_83_00_18\packages\ti\targets\rts2800\lib\</path>
         <kind>archive</kind>
         <file>ti.targets.rts2800.a28FP</file>
         <name>Text.o28FP</name>
      </input_file>
      <input_file id="fl-24">
         <path>C:\ti\bios_6_83_00_18\packages\ti\targets\rts2800\lib\</path>
         <kind>archive</kind>
         <file>ti.targets.rts2800.a28FP</file>
         <name>xdc_noinit.o28FP</name>
      </input_file>
      <input_file id="fl-25">
         <path>C:\ti\bios_6_83_00_18\packages\ti\targets\rts2800\lib\</path>
         <kind>archive</kind>
         <file>ti.targets.rts2800.a28FP</file>
         <name>Log.o28FP</name>
      </input_file>
      <input_file id="fl-26">
         <path>C:\ti\bios_6_83_00_18\packages\ti\targets\rts2800\lib\</path>
         <kind>archive</kind>
         <file>ti.targets.rts2800.a28FP</file>
         <name>Registry.o28FP</name>
      </input_file>
      <input_file id="fl-27">
         <path>C:\ti\bios_6_83_00_18\packages\ti\targets\rts2800\lib\</path>
         <kind>archive</kind>
         <file>boot.a28FP</file>
         <name>boot_cg.o28FP</name>
      </input_file>
      <input_file id="fl-28">
         <path>C:\ti\bios_6_83_00_18\packages\ti\catalog\c2800\initF2837x\lib\</path>
         <kind>archive</kind>
         <file>Boot.a28FP</file>
         <name>Boot.o28FP</name>
      </input_file>
      <input_file id="fl-29">
         <path>C:\ti\bios_6_83_00_18\packages\ti\catalog\c2800\initF2837x\lib\</path>
         <kind>archive</kind>
         <file>Boot.a28FP</file>
         <name>Boot_asm.o28FP</name>
      </input_file>
      <input_file id="fl-35">
         <path>C:\ti\ccs1040\ccs\tools\compiler\ti-cgt-c2000_20.2.5.LTS\lib\</path>
         <kind>archive</kind>
         <file>rts2800_fpu32.lib</file>
         <name>ll_div28.asm.obj</name>
      </input_file>
      <input_file id="fl-36">
         <path>C:\ti\ccs1040\ccs\tools\compiler\ti-cgt-c2000_20.2.5.LTS\lib\</path>
         <kind>archive</kind>
         <file>rts2800_fpu32.lib</file>
         <name>u_div28.asm.obj</name>
      </input_file>
      <input_file id="fl-37">
         <path>C:\ti\ccs1040\ccs\tools\compiler\ti-cgt-c2000_20.2.5.LTS\lib\</path>
         <kind>archive</kind>
         <file>rts2800_fpu32.lib</file>
         <name>cpy_tbl.c.obj</name>
      </input_file>
      <input_file id="fl-38">
         <path>C:\ti\ccs1040\ccs\tools\compiler\ti-cgt-c2000_20.2.5.LTS\lib\</path>
         <kind>archive</kind>
         <file>rts2800_fpu32.lib</file>
         <name>memcpy.c.obj</name>
      </input_file>
      <input_file id="fl-39">
         <path>C:\ti\ccs1040\ccs\tools\compiler\ti-cgt-c2000_20.2.5.LTS\lib\</path>
         <kind>archive</kind>
         <file>rts2800_fpu32.lib</file>
         <name>pre_init.c.obj</name>
      </input_file>
      <input_file id="fl-3a">
         <path>C:\ti\ccs1040\ccs\tools\compiler\ti-cgt-c2000_20.2.5.LTS\lib\</path>
         <kind>archive</kind>
         <file>rts2800_fpu32.lib</file>
         <name>startup.c.obj</name>
      </input_file>
      <input_file id="fl-3b">
         <path>C:\ti\ccs1040\ccs\tools\compiler\ti-cgt-c2000_20.2.5.LTS\lib\</path>
         <kind>archive</kind>
         <file>rts2800_fpu32.lib</file>
         <name>exit.c.obj</name>
      </input_file>
      <input_file id="fl-3c">
         <path>C:\ti\ccs1040\ccs\tools\compiler\ti-cgt-c2000_20.2.5.LTS\lib\</path>
         <kind>archive</kind>
         <file>rts2800_fpu32.lib</file>
         <name>_lock.c.obj</name>
      </input_file>
      <input_file id="fl-3d">
         <path>C:\ti\ccs1040\ccs\tools\compiler\ti-cgt-c2000_20.2.5.LTS\lib\</path>
         <kind>archive</kind>
         <file>rts2800_fpu32.lib</file>
         <name>args_main.c.obj</name>
      </input_file>
      <input_file id="fl-3e">
         <path>C:\ti\ccs1040\ccs\tools\compiler\ti-cgt-c2000_20.2.5.LTS\lib\</path>
         <kind>archive</kind>
         <file>rts2800_fpu32.lib</file>
         <name>memset.c.obj</name>
      </input_file>
      <input_file id="fl-3f">
         <path>C:\ti\ccs1040\ccs\tools\compiler\ti-cgt-c2000_20.2.5.LTS\lib\</path>
         <kind>archive</kind>
         <file>rts2800_fpu32.lib</file>
         <name>strcmp.c.obj</name>
      </input_file>
      <input_file id="fl-40">
         <path>C:\ti\ccs1040\ccs\tools\compiler\ti-cgt-c2000_20.2.5.LTS\lib\</path>
         <kind>archive</kind>
         <file>rts2800_fpu32.lib</file>
         <name>strlen.c.obj</name>
      </input_file>
      <input_file id="fl-41">
         <path>C:\ti\ccs1040\ccs\tools\compiler\ti-cgt-c2000_20.2.5.LTS\lib\</path>
         <kind>archive</kind>
         <file>rts2800_fpu32.lib</file>
         <name>hostwrite.c.obj</name>
      </input_file>
      <input_file id="fl-42">
         <path>C:\ti\ccs1040\ccs\tools\compiler\ti-cgt-c2000_20.2.5.LTS\lib\</path>
         <kind>archive</kind>
         <file>rts2800_fpu32.lib</file>
         <name>trgmsg.c.obj</name>
      </input_file>
      <input_file id="fl-43">
         <path>C:\ti\ccs1040\ccs\tools\compiler\ti-cgt-c2000_20.2.5.LTS\lib\</path>
         <kind>archive</kind>
         <file>rts2800_fpu32.lib</file>
         <name>hostopen.c.obj</name>
      </input_file>
   </input_file_list>
   <object_component_list>
      <object_component id="oc-104">
         <name>PieVectTableFile</name>
         <uninitialized>true</uninitialized>
         <run_address>0xd00</run_address>
         <size>0x1c0</size>
         <input_file_ref idref="fl-3"/>
      </object_component>
      <object_component id="oc-d4">
         <name>AccessProtectionRegsFile</name>
         <uninitialized>true</uninitialized>
         <run_address>0x5f4c0</run_address>
         <size>0x2e</size>
         <input_file_ref idref="fl-3"/>
      </object_component>
      <object_component id="oc-e9">
         <name>AdcaRegsFile</name>
         <uninitialized>true</uninitialized>
         <run_address>0x7400</run_address>
         <size>0x7c</size>
         <input_file_ref idref="fl-3"/>
      </object_component>
      <object_component id="oc-ea">
         <name>AdcbRegsFile</name>
         <uninitialized>true</uninitialized>
         <run_address>0x7480</run_address>
         <size>0x7c</size>
         <input_file_ref idref="fl-3"/>
      </object_component>
      <object_component id="oc-eb">
         <name>AdccRegsFile</name>
         <uninitialized>true</uninitialized>
         <run_address>0x7500</run_address>
         <size>0x7c</size>
         <input_file_ref idref="fl-3"/>
      </object_component>
      <object_component id="oc-ec">
         <name>AdcdRegsFile</name>
         <uninitialized>true</uninitialized>
         <run_address>0x7580</run_address>
         <size>0x7c</size>
         <input_file_ref idref="fl-3"/>
      </object_component>
      <object_component id="oc-b1">
         <name>AdcaResultRegsFile</name>
         <uninitialized>true</uninitialized>
         <run_address>0xb00</run_address>
         <size>0x18</size>
         <input_file_ref idref="fl-3"/>
      </object_component>
      <object_component id="oc-b2">
         <name>AdcbResultRegsFile</name>
         <uninitialized>true</uninitialized>
         <run_address>0xb20</run_address>
         <size>0x18</size>
         <input_file_ref idref="fl-3"/>
      </object_component>
      <object_component id="oc-b3">
         <name>AdccResultRegsFile</name>
         <uninitialized>true</uninitialized>
         <run_address>0xb40</run_address>
         <size>0x18</size>
         <input_file_ref idref="fl-3"/>
      </object_component>
      <object_component id="oc-b4">
         <name>AdcdResultRegsFile</name>
         <uninitialized>true</uninitialized>
         <run_address>0xb60</run_address>
         <size>0x18</size>
         <input_file_ref idref="fl-3"/>
      </object_component>
      <object_component id="oc-d8">
         <name>AnalogSubsysRegsFile</name>
         <uninitialized>true</uninitialized>
         <run_address>0x5d180</run_address>
         <size>0x3e</size>
         <input_file_ref idref="fl-3"/>
      </object_component>
      <object_component id="oc-100">
         <name>CanaRegsFile</name>
         <uninitialized>true</uninitialized>
         <run_address>0x48000</run_address>
         <size>0x164</size>
         <input_file_ref idref="fl-3"/>
      </object_component>
      <object_component id="oc-101">
         <name>CanbRegsFile</name>
         <uninitialized>true</uninitialized>
         <run_address>0x4a000</run_address>
         <size>0x164</size>
         <input_file_ref idref="fl-3"/>
      </object_component>
      <object_component id="oc-d9">
         <name>Cla1RegsFile</name>
         <uninitialized>true</uninitialized>
         <run_address>0x1400</run_address>
         <size>0x3e</size>
         <input_file_ref idref="fl-3"/>
      </object_component>
      <object_component id="oc-fb">
         <name>Clb1DataExchRegsFile</name>
         <uninitialized>true</uninitialized>
         <run_address>0x3200</run_address>
         <size>0x108</size>
         <input_file_ref idref="fl-3"/>
      </object_component>
      <object_component id="oc-fc">
         <name>Clb2DataExchRegsFile</name>
         <uninitialized>true</uninitialized>
         <run_address>0x3600</run_address>
         <size>0x108</size>
         <input_file_ref idref="fl-3"/>
      </object_component>
      <object_component id="oc-fd">
         <name>Clb3DataExchRegsFile</name>
         <uninitialized>true</uninitialized>
         <run_address>0x3a00</run_address>
         <size>0x108</size>
         <input_file_ref idref="fl-3"/>
      </object_component>
      <object_component id="oc-fe">
         <name>Clb4DataExchRegsFile</name>
         <uninitialized>true</uninitialized>
         <run_address>0x3e00</run_address>
         <size>0x108</size>
         <input_file_ref idref="fl-3"/>
      </object_component>
      <object_component id="oc-da">
         <name>Clb1LogicCfgRegsFile</name>
         <uninitialized>true</uninitialized>
         <run_address>0x3000</run_address>
         <size>0x3e</size>
         <input_file_ref idref="fl-3"/>
      </object_component>
      <object_component id="oc-db">
         <name>Clb2LogicCfgRegsFile</name>
         <uninitialized>true</uninitialized>
         <run_address>0x3400</run_address>
         <size>0x3e</size>
         <input_file_ref idref="fl-3"/>
      </object_component>
      <object_component id="oc-dc">
         <name>Clb3LogicCfgRegsFile</name>
         <uninitialized>true</uninitialized>
         <run_address>0x3800</run_address>
         <size>0x3e</size>
         <input_file_ref idref="fl-3"/>
      </object_component>
      <object_component id="oc-dd">
         <name>Clb4LogicCfgRegsFile</name>
         <uninitialized>true</uninitialized>
         <run_address>0x3c00</run_address>
         <size>0x3e</size>
         <input_file_ref idref="fl-3"/>
      </object_component>
      <object_component id="oc-de">
         <name>Clb1LogicCtrlRegsFile</name>
         <uninitialized>true</uninitialized>
         <run_address>0x3100</run_address>
         <size>0x40</size>
         <input_file_ref idref="fl-3"/>
      </object_component>
      <object_component id="oc-df">
         <name>Clb2LogicCtrlRegsFile</name>
         <uninitialized>true</uninitialized>
         <run_address>0x3500</run_address>
         <size>0x40</size>
         <input_file_ref idref="fl-3"/>
      </object_component>
      <object_component id="oc-e0">
         <name>Clb3LogicCtrlRegsFile</name>
         <uninitialized>true</uninitialized>
         <run_address>0x3900</run_address>
         <size>0x40</size>
         <input_file_ref idref="fl-3"/>
      </object_component>
      <object_component id="oc-e1">
         <name>Clb4LogicCtrlRegsFile</name>
         <uninitialized>true</uninitialized>
         <run_address>0x3d00</run_address>
         <size>0x40</size>
         <input_file_ref idref="fl-3"/>
      </object_component>
      <object_component id="oc-e2">
         <name>ClbXbarRegsFile</name>
         <uninitialized>true</uninitialized>
         <run_address>0x7a40</run_address>
         <size>0x40</size>
         <input_file_ref idref="fl-3"/>
      </object_component>
      <object_component id="oc-d6">
         <name>ClkCfgRegsFile</name>
         <uninitialized>true</uninitialized>
         <run_address>0x5d200</run_address>
         <size>0x32</size>
         <input_file_ref idref="fl-3"/>
      </object_component>
      <object_component id="oc-bd">
         <name>Cmpss1RegsFile</name>
         <uninitialized>true</uninitialized>
         <run_address>0x5c80</run_address>
         <size>0x1b</size>
         <input_file_ref idref="fl-3"/>
      </object_component>
      <object_component id="oc-be">
         <name>Cmpss2RegsFile</name>
         <uninitialized>true</uninitialized>
         <run_address>0x5ca0</run_address>
         <size>0x1b</size>
         <input_file_ref idref="fl-3"/>
      </object_component>
      <object_component id="oc-bf">
         <name>Cmpss3RegsFile</name>
         <uninitialized>true</uninitialized>
         <run_address>0x5cc0</run_address>
         <size>0x1b</size>
         <input_file_ref idref="fl-3"/>
      </object_component>
      <object_component id="oc-c0">
         <name>Cmpss4RegsFile</name>
         <uninitialized>true</uninitialized>
         <run_address>0x5ce0</run_address>
         <size>0x1b</size>
         <input_file_ref idref="fl-3"/>
      </object_component>
      <object_component id="oc-c1">
         <name>Cmpss5RegsFile</name>
         <uninitialized>true</uninitialized>
         <run_address>0x5d00</run_address>
         <size>0x1b</size>
         <input_file_ref idref="fl-3"/>
      </object_component>
      <object_component id="oc-c2">
         <name>Cmpss6RegsFile</name>
         <uninitialized>true</uninitialized>
         <run_address>0x5d20</run_address>
         <size>0x1b</size>
         <input_file_ref idref="fl-3"/>
      </object_component>
      <object_component id="oc-c3">
         <name>Cmpss7RegsFile</name>
         <uninitialized>true</uninitialized>
         <run_address>0x5d40</run_address>
         <size>0x1b</size>
         <input_file_ref idref="fl-3"/>
      </object_component>
      <object_component id="oc-c4">
         <name>Cmpss8RegsFile</name>
         <uninitialized>true</uninitialized>
         <run_address>0x5d60</run_address>
         <size>0x1b</size>
         <input_file_ref idref="fl-3"/>
      </object_component>
      <object_component id="oc-a3">
         <name>CpuTimer0RegsFile</name>
         <uninitialized>true</uninitialized>
         <run_address>0xc00</run_address>
         <size>0x8</size>
         <input_file_ref idref="fl-3"/>
      </object_component>
      <object_component id="oc-a4">
         <name>CpuTimer1RegsFile</name>
         <uninitialized>true</uninitialized>
         <run_address>0xc08</run_address>
         <size>0x8</size>
         <input_file_ref idref="fl-3"/>
      </object_component>
      <object_component id="oc-a5">
         <name>CpuTimer2RegsFile</name>
         <uninitialized>true</uninitialized>
         <run_address>0xc10</run_address>
         <size>0x8</size>
         <input_file_ref idref="fl-3"/>
      </object_component>
      <object_component id="oc-ed">
         <name>CpuSysRegsFile</name>
         <uninitialized>true</uninitialized>
         <run_address>0x5d300</run_address>
         <size>0x82</size>
         <input_file_ref idref="fl-3"/>
      </object_component>
      <object_component id="oc-9f">
         <name>DacaRegsFile</name>
         <uninitialized>true</uninitialized>
         <run_address>0x5c00</run_address>
         <size>0x7</size>
         <input_file_ref idref="fl-3"/>
      </object_component>
      <object_component id="oc-a0">
         <name>DacbRegsFile</name>
         <uninitialized>true</uninitialized>
         <run_address>0x5c10</run_address>
         <size>0x7</size>
         <input_file_ref idref="fl-3"/>
      </object_component>
      <object_component id="oc-a1">
         <name>DaccRegsFile</name>
         <uninitialized>true</uninitialized>
         <run_address>0x5c20</run_address>
         <size>0x7</size>
         <input_file_ref idref="fl-3"/>
      </object_component>
      <object_component id="oc-9d">
         <name>DcsmCommonRegsFile</name>
         <uninitialized>true</uninitialized>
         <run_address>0x5f070</run_address>
         <size>0x6</size>
         <input_file_ref idref="fl-3"/>
      </object_component>
      <object_component id="oc-c6">
         <name>DcsmZ1RegsFile</name>
         <uninitialized>true</uninitialized>
         <run_address>0x5f000</run_address>
         <size>0x22</size>
         <input_file_ref idref="fl-3"/>
      </object_component>
      <object_component id="oc-c7">
         <name>DcsmZ2RegsFile</name>
         <uninitialized>true</uninitialized>
         <run_address>0x5f040</run_address>
         <size>0x22</size>
         <input_file_ref idref="fl-3"/>
      </object_component>
      <object_component id="oc-ff">
         <name>DevCfgRegsFile</name>
         <uninitialized>true</uninitialized>
         <run_address>0x5d000</run_address>
         <size>0x12e</size>
         <input_file_ref idref="fl-3"/>
      </object_component>
      <object_component id="oc-b5">
         <name>DmaClaSrcSelRegsFile</name>
         <uninitialized>true</uninitialized>
         <run_address>0x7980</run_address>
         <size>0x1a</size>
         <input_file_ref idref="fl-3"/>
      </object_component>
      <object_component id="oc-ee">
         <name>DmaRegsFile</name>
         <uninitialized>true</uninitialized>
         <run_address>0x1000</run_address>
         <size>0xe0</size>
         <input_file_ref idref="fl-3"/>
      </object_component>
      <object_component id="oc-b6">
         <name>ECap1RegsFile</name>
         <uninitialized>true</uninitialized>
         <run_address>0x5000</run_address>
         <size>0x1a</size>
         <input_file_ref idref="fl-3"/>
      </object_component>
      <object_component id="oc-b7">
         <name>ECap2RegsFile</name>
         <uninitialized>true</uninitialized>
         <run_address>0x5020</run_address>
         <size>0x1a</size>
         <input_file_ref idref="fl-3"/>
      </object_component>
      <object_component id="oc-b8">
         <name>ECap3RegsFile</name>
         <uninitialized>true</uninitialized>
         <run_address>0x5040</run_address>
         <size>0x1a</size>
         <input_file_ref idref="fl-3"/>
      </object_component>
      <object_component id="oc-b9">
         <name>ECap4RegsFile</name>
         <uninitialized>true</uninitialized>
         <run_address>0x5060</run_address>
         <size>0x1a</size>
         <input_file_ref idref="fl-3"/>
      </object_component>
      <object_component id="oc-ba">
         <name>ECap5RegsFile</name>
         <uninitialized>true</uninitialized>
         <run_address>0x5080</run_address>
         <size>0x1a</size>
         <input_file_ref idref="fl-3"/>
      </object_component>
      <object_component id="oc-bb">
         <name>ECap6RegsFile</name>
         <uninitialized>true</uninitialized>
         <run_address>0x50a0</run_address>
         <size>0x1a</size>
         <input_file_ref idref="fl-3"/>
      </object_component>
      <object_component id="oc-a6">
         <name>Emif1ConfigRegsFile</name>
         <uninitialized>true</uninitialized>
         <run_address>0x5f480</run_address>
         <size>0xa</size>
         <input_file_ref idref="fl-3"/>
      </object_component>
      <object_component id="oc-a7">
         <name>Emif2ConfigRegsFile</name>
         <uninitialized>true</uninitialized>
         <run_address>0x5f4a0</run_address>
         <size>0xa</size>
         <input_file_ref idref="fl-3"/>
      </object_component>
      <object_component id="oc-d0">
         <name>Emif1RegsFile</name>
         <uninitialized>true</uninitialized>
         <run_address>0x47000</run_address>
         <size>0x28</size>
         <input_file_ref idref="fl-3"/>
      </object_component>
      <object_component id="oc-d1">
         <name>Emif2RegsFile</name>
         <uninitialized>true</uninitialized>
         <run_address>0x47800</run_address>
         <size>0x28</size>
         <input_file_ref idref="fl-3"/>
      </object_component>
      <object_component id="oc-ef">
         <name>EPwm1RegsFile</name>
         <uninitialized>true</uninitialized>
         <run_address>0x4000</run_address>
         <size>0x100</size>
         <input_file_ref idref="fl-3"/>
      </object_component>
      <object_component id="oc-f0">
         <name>EPwm2RegsFile</name>
         <uninitialized>true</uninitialized>
         <run_address>0x4100</run_address>
         <size>0x100</size>
         <input_file_ref idref="fl-3"/>
      </object_component>
      <object_component id="oc-f1">
         <name>EPwm3RegsFile</name>
         <uninitialized>true</uninitialized>
         <run_address>0x4200</run_address>
         <size>0x100</size>
         <input_file_ref idref="fl-3"/>
      </object_component>
      <object_component id="oc-f2">
         <name>EPwm4RegsFile</name>
         <uninitialized>true</uninitialized>
         <run_address>0x4300</run_address>
         <size>0x100</size>
         <input_file_ref idref="fl-3"/>
      </object_component>
      <object_component id="oc-f3">
         <name>EPwm5RegsFile</name>
         <uninitialized>true</uninitialized>
         <run_address>0x4400</run_address>
         <size>0x100</size>
         <input_file_ref idref="fl-3"/>
      </object_component>
      <object_component id="oc-f4">
         <name>EPwm6RegsFile</name>
         <uninitialized>true</uninitialized>
         <run_address>0x4500</run_address>
         <size>0x100</size>
         <input_file_ref idref="fl-3"/>
      </object_component>
      <object_component id="oc-f5">
         <name>EPwm7RegsFile</name>
         <uninitialized>true</uninitialized>
         <run_address>0x4600</run_address>
         <size>0x100</size>
         <input_file_ref idref="fl-3"/>
      </object_component>
      <object_component id="oc-f6">
         <name>EPwm8RegsFile</name>
         <uninitialized>true</uninitialized>
         <run_address>0x4700</run_address>
         <size>0x100</size>
         <input_file_ref idref="fl-3"/>
      </object_component>
      <object_component id="oc-f7">
         <name>EPwm9RegsFile</name>
         <uninitialized>true</uninitialized>
         <run_address>0x4800</run_address>
         <size>0x100</size>
         <input_file_ref idref="fl-3"/>
      </object_component>
      <object_component id="oc-f8">
         <name>EPwm10RegsFile</name>
         <uninitialized>true</uninitialized>
         <run_address>0x4900</run_address>
         <size>0x100</size>
         <input_file_ref idref="fl-3"/>
      </object_component>
      <object_component id="oc-f9">
         <name>EPwm11RegsFile</name>
         <uninitialized>true</uninitialized>
         <run_address>0x4a00</run_address>
         <size>0x100</size>
         <input_file_ref idref="fl-3"/>
      </object_component>
      <object_component id="oc-fa">
         <name>EPwm12RegsFile</name>
         <uninitialized>true</uninitialized>
         <run_address>0x4b00</run_address>
         <size>0x100</size>
         <input_file_ref idref="fl-3"/>
      </object_component>
      <object_component id="oc-e3">
         <name>EPwmXbarRegsFile</name>
         <uninitialized>true</uninitialized>
         <run_address>0x7a00</run_address>
         <size>0x40</size>
         <input_file_ref idref="fl-3"/>
      </object_component>
      <object_component id="oc-c8">
         <name>EQep1RegsFile</name>
         <uninitialized>true</uninitialized>
         <run_address>0x5100</run_address>
         <size>0x22</size>
         <input_file_ref idref="fl-3"/>
      </object_component>
      <object_component id="oc-c9">
         <name>EQep2RegsFile</name>
         <uninitialized>true</uninitialized>
         <run_address>0x5140</run_address>
         <size>0x22</size>
         <input_file_ref idref="fl-3"/>
      </object_component>
      <object_component id="oc-ca">
         <name>EQep3RegsFile</name>
         <uninitialized>true</uninitialized>
         <run_address>0x5180</run_address>
         <size>0x22</size>
         <input_file_ref idref="fl-3"/>
      </object_component>
      <object_component id="oc-103">
         <name>Flash0CtrlRegsFile</name>
         <uninitialized>true</uninitialized>
         <run_address>0x5f800</run_address>
         <size>0x182</size>
         <input_file_ref idref="fl-3"/>
      </object_component>
      <object_component id="oc-d2">
         <name>Flash0EccRegsFile</name>
         <uninitialized>true</uninitialized>
         <run_address>0x5fb00</run_address>
         <size>0x28</size>
         <input_file_ref idref="fl-3"/>
      </object_component>
      <object_component id="oc-9a">
         <name>FlashPumpSemaphoreRegsFile</name>
         <uninitialized>true</uninitialized>
         <run_address>0x50024</run_address>
         <size>0x2</size>
         <input_file_ref idref="fl-3"/>
      </object_component>
      <object_component id="oc-102">
         <name>GpioCtrlRegsFile</name>
         <uninitialized>true</uninitialized>
         <run_address>0x7c00</run_address>
         <size>0x180</size>
         <input_file_ref idref="fl-3"/>
      </object_component>
      <object_component id="oc-d5">
         <name>GpioDataRegsFile</name>
         <uninitialized>true</uninitialized>
         <run_address>0x7f00</run_address>
         <size>0x30</size>
         <input_file_ref idref="fl-3"/>
      </object_component>
      <object_component id="oc-cb">
         <name>I2caRegsFile</name>
         <uninitialized>true</uninitialized>
         <run_address>0x7300</run_address>
         <size>0x22</size>
         <input_file_ref idref="fl-3"/>
      </object_component>
      <object_component id="oc-cc">
         <name>I2cbRegsFile</name>
         <uninitialized>true</uninitialized>
         <run_address>0x7340</run_address>
         <size>0x22</size>
         <input_file_ref idref="fl-3"/>
      </object_component>
      <object_component id="oc-c5">
         <name>InputXbarRegsFile</name>
         <uninitialized>true</uninitialized>
         <run_address>0x7900</run_address>
         <size>0x20</size>
         <input_file_ref idref="fl-3"/>
      </object_component>
      <object_component id="oc-cd">
         <name>IpcRegsFile</name>
         <uninitialized>true</uninitialized>
         <run_address>0x50000</run_address>
         <size>0x24</size>
         <input_file_ref idref="fl-3"/>
      </object_component>
      <object_component id="oc-d7">
         <name>MemoryErrorRegsFile</name>
         <uninitialized>true</uninitialized>
         <run_address>0x5f500</run_address>
         <size>0x3a</size>
         <input_file_ref idref="fl-3"/>
      </object_component>
      <object_component id="oc-e8">
         <name>MemCfgRegsFile</name>
         <uninitialized>true</uninitialized>
         <run_address>0x5f400</run_address>
         <size>0x76</size>
         <input_file_ref idref="fl-3"/>
      </object_component>
      <object_component id="oc-ce">
         <name>McbspaRegsFile</name>
         <uninitialized>true</uninitialized>
         <run_address>0x6000</run_address>
         <size>0x24</size>
         <input_file_ref idref="fl-3"/>
      </object_component>
      <object_component id="oc-cf">
         <name>McbspbRegsFile</name>
         <uninitialized>true</uninitialized>
         <run_address>0x6040</run_address>
         <size>0x24</size>
         <input_file_ref idref="fl-3"/>
      </object_component>
      <object_component id="oc-a2">
         <name>NmiIntruptRegsFile</name>
         <uninitialized>true</uninitialized>
         <run_address>0x7060</run_address>
         <size>0x7</size>
         <input_file_ref idref="fl-3"/>
      </object_component>
      <object_component id="oc-e4">
         <name>OutputXbarRegsFile</name>
         <uninitialized>true</uninitialized>
         <run_address>0x7a80</run_address>
         <size>0x40</size>
         <input_file_ref idref="fl-3"/>
      </object_component>
      <object_component id="oc-bc">
         <name>PieCtrlRegsFile</name>
         <uninitialized>true</uninitialized>
         <run_address>0xce0</run_address>
         <size>0x1a</size>
         <input_file_ref idref="fl-3"/>
      </object_component>
      <object_component id="oc-9b">
         <name>RomPrefetchRegsFile</name>
         <uninitialized>true</uninitialized>
         <run_address>0x5e608</run_address>
         <size>0x2</size>
         <input_file_ref idref="fl-3"/>
      </object_component>
      <object_component id="oc-9c">
         <name>RomWaitStateRegsFile</name>
         <uninitialized>true</uninitialized>
         <run_address>0x5f540</run_address>
         <size>0x2</size>
         <input_file_ref idref="fl-3"/>
      </object_component>
      <object_component id="oc-aa">
         <name>SciaRegsFile</name>
         <uninitialized>true</uninitialized>
         <run_address>0x7200</run_address>
         <size>0x10</size>
         <input_file_ref idref="fl-3"/>
      </object_component>
      <object_component id="oc-ab">
         <name>ScibRegsFile</name>
         <uninitialized>true</uninitialized>
         <run_address>0x7210</run_address>
         <size>0x10</size>
         <input_file_ref idref="fl-3"/>
      </object_component>
      <object_component id="oc-ac">
         <name>ScicRegsFile</name>
         <uninitialized>true</uninitialized>
         <run_address>0x7220</run_address>
         <size>0x10</size>
         <input_file_ref idref="fl-3"/>
      </object_component>
      <object_component id="oc-ad">
         <name>ScidRegsFile</name>
         <uninitialized>true</uninitialized>
         <run_address>0x7230</run_address>
         <size>0x10</size>
         <input_file_ref idref="fl-3"/>
      </object_component>
      <object_component id="oc-e5">
         <name>Sdfm1RegsFile</name>
         <uninitialized>true</uninitialized>
         <run_address>0x5e00</run_address>
         <size>0x48</size>
         <input_file_ref idref="fl-3"/>
      </object_component>
      <object_component id="oc-e6">
         <name>Sdfm2RegsFile</name>
         <uninitialized>true</uninitialized>
         <run_address>0x5e80</run_address>
         <size>0x48</size>
         <input_file_ref idref="fl-3"/>
      </object_component>
      <object_component id="oc-ae">
         <name>SpiaRegsFile</name>
         <uninitialized>true</uninitialized>
         <run_address>0x6100</run_address>
         <size>0x10</size>
         <input_file_ref idref="fl-3"/>
      </object_component>
      <object_component id="oc-af">
         <name>SpibRegsFile</name>
         <uninitialized>true</uninitialized>
         <run_address>0x6110</run_address>
         <size>0x10</size>
         <input_file_ref idref="fl-3"/>
      </object_component>
      <object_component id="oc-b0">
         <name>SpicRegsFile</name>
         <uninitialized>true</uninitialized>
         <run_address>0x6120</run_address>
         <size>0x10</size>
         <input_file_ref idref="fl-3"/>
      </object_component>
      <object_component id="oc-9e">
         <name>SyncSocRegsFile</name>
         <uninitialized>true</uninitialized>
         <run_address>0x7940</run_address>
         <size>0x6</size>
         <input_file_ref idref="fl-3"/>
      </object_component>
      <object_component id="oc-e7">
         <name>UppRegsFile</name>
         <uninitialized>true</uninitialized>
         <run_address>0x6200</run_address>
         <size>0x48</size>
         <input_file_ref idref="fl-3"/>
      </object_component>
      <object_component id="oc-d3">
         <name>WdRegsFile</name>
         <uninitialized>true</uninitialized>
         <run_address>0x7000</run_address>
         <size>0x2b</size>
         <input_file_ref idref="fl-3"/>
      </object_component>
      <object_component id="oc-a9">
         <name>XbarRegsFile</name>
         <uninitialized>true</uninitialized>
         <run_address>0x7920</run_address>
         <size>0xe</size>
         <input_file_ref idref="fl-3"/>
      </object_component>
      <object_component id="oc-a8">
         <name>XintRegsFile</name>
         <uninitialized>true</uninitialized>
         <run_address>0x7070</run_address>
         <size>0xb</size>
         <input_file_ref idref="fl-3"/>
      </object_component>
      <object_component id="oc-20f">
         <name>.cinit:_ti_sysbios_family_c28_Hwi_Module_State_0_dispatchTable__A</name>
         <load_address>0x8056a</load_address>
         <run_address>0x8056a</run_address>
         <size>0x1c3</size>
         <input_file_ref idref="fl-a"/>
      </object_component>
      <object_component id="oc-119">
         <name>.cinit</name>
         <load_address>0x8072d</load_address>
         <run_address>0x8072d</run_address>
         <size>0x125</size>
         <input_file_ref idref="fl-a"/>
      </object_component>
      <object_component id="oc-12d">
         <name>.cinit:_ti_sysbios_knl_Task_Object__table__V</name>
         <load_address>0x80852</load_address>
         <run_address>0x80852</run_address>
         <size>0x57</size>
         <input_file_ref idref="fl-a"/>
      </object_component>
      <object_component id="oc-209">
         <name>.cinit:_ti_sysbios_family_c28_Timer_Object__table__V</name>
         <load_address>0x808a9</load_address>
         <run_address>0x808a9</run_address>
         <size>0x4b</size>
         <input_file_ref idref="fl-a"/>
      </object_component>
      <object_component id="oc-20c">
         <name>.cinit:_ti_sysbios_knl_Swi_Module_State_0_readyQ__A</name>
         <load_address>0x808f4</load_address>
         <run_address>0x808f4</run_address>
         <size>0x43</size>
         <input_file_ref idref="fl-a"/>
      </object_component>
      <object_component id="oc-216">
         <name>.cinit:_ti_sysbios_knl_Task_Module_State_0_readyQ__A</name>
         <load_address>0x80937</load_address>
         <run_address>0x80937</run_address>
         <size>0x43</size>
         <input_file_ref idref="fl-a"/>
      </object_component>
      <object_component id="oc-22e">
         <name>.cinit:_ti_sysbios_family_c28_Hwi_Object__table__V</name>
         <load_address>0x8097a</load_address>
         <run_address>0x8097a</run_address>
         <size>0x33</size>
         <input_file_ref idref="fl-a"/>
      </object_component>
      <object_component id="oc-20d">
         <name>.cinit:_ti_sysbios_knl_Swi_Object__table__V</name>
         <load_address>0x809ad</load_address>
         <run_address>0x809ad</run_address>
         <size>0x17</size>
         <input_file_ref idref="fl-a"/>
      </object_component>
      <object_component id="oc-2dc">
         <name>.cinit:_xdc_runtime_LoggerBuf_Object__table__V</name>
         <load_address>0x809c4</load_address>
         <run_address>0x809c4</run_address>
         <size>0x15</size>
         <input_file_ref idref="fl-a"/>
      </object_component>
      <object_component id="oc-10c">
         <name>.cinit</name>
         <load_address>0x809d9</load_address>
         <run_address>0x809d9</run_address>
         <size>0x14</size>
         <input_file_ref idref="fl-5"/>
      </object_component>
      <object_component id="oc-211">
         <name>.cinit:_ti_sysbios_gates_GateMutex_Object__table__V</name>
         <load_address>0x809ed</load_address>
         <run_address>0x809ed</run_address>
         <size>0x11</size>
         <input_file_ref idref="fl-a"/>
      </object_component>
      <object_component id="oc-1cc">
         <name>.cinit</name>
         <load_address>0x809fe</load_address>
         <run_address>0x809fe</run_address>
         <size>0xe</size>
         <input_file_ref idref="fl-3b"/>
      </object_component>
      <object_component id="oc-21e">
         <name>.cinit:_ti_sysbios_knl_Semaphore_Object__table__V</name>
         <load_address>0x80a0c</load_address>
         <run_address>0x80a0c</run_address>
         <size>0xd</size>
         <input_file_ref idref="fl-a"/>
      </object_component>
      <object_component id="oc-205">
         <name>.cinit:_xdc_runtime_System_Module_State_0_atexitHandlers__A</name>
         <load_address>0x80a19</load_address>
         <run_address>0x80a19</run_address>
         <size>0xb</size>
         <input_file_ref idref="fl-a"/>
      </object_component>
      <object_component id="oc-31e">
         <name>.cinit:_xdc_runtime_HeapStd_Object__table__V</name>
         <load_address>0x80a24</load_address>
         <run_address>0x80a24</run_address>
         <size>0x9</size>
         <input_file_ref idref="fl-a"/>
      </object_component>
      <object_component id="oc-21a">
         <name>.cinit:_ti_sysbios_hal_Hwi_Object__table__V</name>
         <load_address>0x80a2d</load_address>
         <run_address>0x80a2d</run_address>
         <size>0x7</size>
         <input_file_ref idref="fl-a"/>
      </object_component>
      <object_component id="oc-20a">
         <name>.cinit:_ti_sysbios_hal_Timer_Object__table__V</name>
         <load_address>0x80a34</load_address>
         <run_address>0x80a34</run_address>
         <size>0x7</size>
         <input_file_ref idref="fl-a"/>
      </object_component>
      <object_component id="oc-25d">
         <name>.cinit:__lock</name>
         <load_address>0x80a3b</load_address>
         <run_address>0x80a3b</run_address>
         <size>0x5</size>
         <input_file_ref idref="fl-3c"/>
      </object_component>
      <object_component id="oc-25c">
         <name>.cinit:__unlock</name>
         <load_address>0x80a40</load_address>
         <run_address>0x80a40</run_address>
         <size>0x5</size>
         <input_file_ref idref="fl-3c"/>
      </object_component>
      <object_component id="oc-2b1">
         <name>.cinit:_ti_sysbios_gates_GateHwi_Object__table__V</name>
         <load_address>0x80a45</load_address>
         <run_address>0x80a45</run_address>
         <size>0x5</size>
         <input_file_ref idref="fl-a"/>
      </object_component>
      <object_component id="oc-218">
         <name>.cinit:_ti_sysbios_knl_Task_Module_State_0_idleTask__A</name>
         <load_address>0x80a4a</load_address>
         <run_address>0x80a4a</run_address>
         <size>0x5</size>
         <input_file_ref idref="fl-a"/>
      </object_component>
      <object_component id="oc-397">
         <name>.binit</name>
         <load_address>0x80a70</load_address>
         <run_address>0x80a70</run_address>
         <size>0xa</size>
      </object_component>
      <object_component id="oc-2af">
         <name>.text:_xdc_runtime_System_doPrint__I</name>
         <load_address>0x88000</load_address>
         <run_address>0x88000</run_address>
         <size>0x23b</size>
         <input_file_ref idref="fl-21"/>
      </object_component>
      <object_component id="oc-23e">
         <name>.text:_ti_sysbios_knl_Semaphore_pend__E</name>
         <load_address>0x8823b</load_address>
         <run_address>0x8823b</run_address>
         <size>0x19c</size>
         <input_file_ref idref="fl-12"/>
      </object_component>
      <object_component id="oc-1ad">
         <name>.text</name>
         <load_address>0x883d7</load_address>
         <run_address>0x883d7</run_address>
         <size>0x107</size>
         <input_file_ref idref="fl-35"/>
      </object_component>
      <object_component id="oc-2f6">
         <name>.text:_ti_sysbios_knl_Task_sleep__E</name>
         <load_address>0x884de</load_address>
         <run_address>0x884de</run_address>
         <size>0x104</size>
         <input_file_ref idref="fl-12"/>
      </object_component>
      <object_component id="oc-36e">
         <name>.text:_xdc_runtime_HeapStd_alloc__E</name>
         <load_address>0x885e2</load_address>
         <run_address>0x885e2</run_address>
         <size>0xee</size>
         <input_file_ref idref="fl-1d"/>
      </object_component>
      <object_component id="oc-296">
         <name>.text:_ti_sysbios_family_c28_Hwi_clearInterrupt__E</name>
         <load_address>0x886d0</load_address>
         <run_address>0x886d0</run_address>
         <size>0xdc</size>
         <input_file_ref idref="fl-12"/>
      </object_component>
      <object_component id="oc-310">
         <name>.text:_xdc_runtime_System_printfExtend__I</name>
         <load_address>0x887ac</load_address>
         <run_address>0x887ac</run_address>
         <size>0xc2</size>
         <input_file_ref idref="fl-a"/>
      </object_component>
      <object_component id="oc-2dd">
         <name>.text:_xdc_runtime_LoggerBuf_write8__E</name>
         <load_address>0x8886e</load_address>
         <run_address>0x8886e</run_address>
         <size>0xc0</size>
         <input_file_ref idref="fl-1e"/>
      </object_component>
      <object_component id="oc-2ef">
         <name>.text:_ti_sysbios_knl_Semaphore_Instance_init__E</name>
         <load_address>0x8892e</load_address>
         <run_address>0x8892e</run_address>
         <size>0xbf</size>
         <input_file_ref idref="fl-12"/>
      </object_component>
      <object_component id="oc-28d">
         <name>.text:_xdc_runtime_Core_createObject__I</name>
         <load_address>0x889ed</load_address>
         <run_address>0x889ed</run_address>
         <size>0xa0</size>
         <input_file_ref idref="fl-18"/>
      </object_component>
      <object_component id="oc-35d">
         <name>.text:_ti_sysbios_family_c28_Hwi_dispatch</name>
         <load_address>0x88a8d</load_address>
         <run_address>0x88a8d</run_address>
         <size>0x9d</size>
         <input_file_ref idref="fl-14"/>
      </object_component>
      <object_component id="oc-36b">
         <name>.text</name>
         <load_address>0x88b2a</load_address>
         <run_address>0x88b2a</run_address>
         <size>0x95</size>
         <input_file_ref idref="fl-42"/>
      </object_component>
      <object_component id="oc-297">
         <name>.text:_ti_sysbios_family_c28_Hwi_enableInterrupt__E</name>
         <load_address>0x88bbf</load_address>
         <run_address>0x88bbf</run_address>
         <size>0x8e</size>
         <input_file_ref idref="fl-12"/>
      </object_component>
      <object_component id="oc-2ee">
         <name>.text:_xdc_runtime_Core_constructObject__I</name>
         <load_address>0x88c4d</load_address>
         <run_address>0x88c4d</run_address>
         <size>0x8d</size>
         <input_file_ref idref="fl-19"/>
      </object_component>
      <object_component id="oc-38a">
         <name>.text:_xdc_runtime_HeapStd_Instance_init__E</name>
         <load_address>0x88cda</load_address>
         <run_address>0x88cda</run_address>
         <size>0x83</size>
         <input_file_ref idref="fl-1d"/>
      </object_component>
      <object_component id="oc-24c">
         <name>.text:_ti_sysbios_knl_Semaphore_post__E</name>
         <load_address>0x88d5d</load_address>
         <run_address>0x88d5d</run_address>
         <size>0x82</size>
         <input_file_ref idref="fl-12"/>
      </object_component>
      <object_component id="oc-37d">
         <name>.text:_ti_sysbios_family_c28_Hwi_disableInterrupt__E</name>
         <load_address>0x88ddf</load_address>
         <run_address>0x88ddf</run_address>
         <size>0x81</size>
         <input_file_ref idref="fl-12"/>
      </object_component>
      <object_component id="oc-2cc">
         <name>.text:_ti_sysbios_family_c28_Hwi_disablePIEIER__E</name>
         <load_address>0x88e60</load_address>
         <run_address>0x88e60</run_address>
         <size>0x80</size>
         <input_file_ref idref="fl-12"/>
      </object_component>
      <object_component id="oc-2cb">
         <name>.text:_ti_sysbios_family_c28_Hwi_enablePIEIER__E</name>
         <load_address>0x88ee0</load_address>
         <run_address>0x88ee0</run_address>
         <size>0x7f</size>
         <input_file_ref idref="fl-12"/>
      </object_component>
      <object_component id="oc-32c">
         <name>.text:_xdc_runtime_LoggerBuf_write4__E</name>
         <load_address>0x88f5f</load_address>
         <run_address>0x88f5f</run_address>
         <size>0x7a</size>
         <input_file_ref idref="fl-1e"/>
      </object_component>
      <object_component id="oc-29a">
         <name>.text:_ti_sysbios_knl_Task_checkStacks__E</name>
         <load_address>0x88fd9</load_address>
         <run_address>0x88fd9</run_address>
         <size>0x75</size>
         <input_file_ref idref="fl-12"/>
      </object_component>
      <object_component id="oc-27a">
         <name>.text:_xdc_runtime_Startup_startMods__I</name>
         <load_address>0x8904e</load_address>
         <run_address>0x8904e</run_address>
         <size>0x72</size>
         <input_file_ref idref="fl-20"/>
      </object_component>
      <object_component id="oc-254">
         <name>.text:_ti_sysbios_gates_GateMutex_enter__E</name>
         <load_address>0x890c0</load_address>
         <run_address>0x890c0</run_address>
         <size>0x71</size>
         <input_file_ref idref="fl-12"/>
      </object_component>
      <object_component id="oc-36f">
         <name>.text:_xdc_runtime_HeapStd_free__E</name>
         <load_address>0x89131</load_address>
         <run_address>0x89131</run_address>
         <size>0x6b</size>
         <input_file_ref idref="fl-1d"/>
      </object_component>
      <object_component id="oc-92">
         <name>.text</name>
         <load_address>0x8919c</load_address>
         <run_address>0x8919c</run_address>
         <size>0x69</size>
         <input_file_ref idref="fl-27"/>
      </object_component>
      <object_component id="oc-35e">
         <name>.text:_ti_sysbios_family_c28_Timer_stopAndClear__I</name>
         <load_address>0x89205</load_address>
         <run_address>0x89205</run_address>
         <size>0x66</size>
         <input_file_ref idref="fl-12"/>
      </object_component>
      <object_component id="oc-276">
         <name>.text:_xdc_runtime_Error_policyDefault__E</name>
         <load_address>0x8926b</load_address>
         <run_address>0x8926b</run_address>
         <size>0x60</size>
         <input_file_ref idref="fl-1b"/>
      </object_component>
      <object_component id="oc-334">
         <name>.text:_xdc_runtime_Text_putSite__E</name>
         <load_address>0x892cb</load_address>
         <run_address>0x892cb</run_address>
         <size>0x60</size>
         <input_file_ref idref="fl-23"/>
      </object_component>
      <object_component id="oc-394">
         <name>.text:_ti_sysbios_family_c28_Hwi_dispatchCore__I</name>
         <load_address>0x8932b</load_address>
         <run_address>0x8932b</run_address>
         <size>0x4c</size>
         <input_file_ref idref="fl-12"/>
      </object_component>
      <object_component id="oc-224">
         <name>.text:.bootCodeSection:_ti_catalog_c2800_initF2837x_Boot_configurePllDivs</name>
         <load_address>0x89377</load_address>
         <run_address>0x89377</run_address>
         <size>0x49</size>
         <input_file_ref idref="fl-28"/>
      </object_component>
      <object_component id="oc-309">
         <name>.text:_ti_sysbios_family_c28_Hwi_Module_startup__E</name>
         <load_address>0x893c0</load_address>
         <run_address>0x893c0</run_address>
         <size>0x47</size>
         <input_file_ref idref="fl-12"/>
      </object_component>
      <object_component id="oc-345">
         <name>.text:_ti_sysbios_knl_Task_postInit__I</name>
         <load_address>0x89407</load_address>
         <run_address>0x89407</run_address>
         <size>0x47</size>
         <input_file_ref idref="fl-12"/>
      </object_component>
      <object_component id="oc-247">
         <name>.text:_start_i2c</name>
         <load_address>0x8944e</load_address>
         <run_address>0x8944e</run_address>
         <size>0x46</size>
         <input_file_ref idref="fl-6"/>
      </object_component>
      <object_component id="oc-231">
         <name>.text:_ti_sysbios_knl_Clock_workFunc__E</name>
         <load_address>0x89494</load_address>
         <run_address>0x89494</run_address>
         <size>0x44</size>
         <input_file_ref idref="fl-12"/>
      </object_component>
      <object_component id="oc-134">
         <name>.text:_ti_sysbios_family_c28_Hwi_unPluggedInterrupt__I</name>
         <load_address>0x894d8</load_address>
         <run_address>0x894d8</run_address>
         <size>0x42</size>
         <input_file_ref idref="fl-12"/>
      </object_component>
      <object_component id="oc-348">
         <name>.text:_xdc_runtime_Text_putLab__E</name>
         <load_address>0x8951a</load_address>
         <run_address>0x8951a</run_address>
         <size>0x41</size>
         <input_file_ref idref="fl-23"/>
      </object_component>
      <object_component id="oc-246">
         <name>.text:_DeviceInit</name>
         <load_address>0x8955b</load_address>
         <run_address>0x8955b</run_address>
         <size>0x40</size>
         <input_file_ref idref="fl-4"/>
      </object_component>
      <object_component id="oc-33d">
         <name>.text:_ti_sysbios_family_c28_Timer_postInit__I</name>
         <load_address>0x8959b</load_address>
         <run_address>0x8959b</run_address>
         <size>0x40</size>
         <input_file_ref idref="fl-12"/>
      </object_component>
      <object_component id="oc-317">
         <name>.text:_xdc_runtime_Memory_alloc__E</name>
         <load_address>0x895db</load_address>
         <run_address>0x895db</run_address>
         <size>0x40</size>
         <input_file_ref idref="fl-1f"/>
      </object_component>
      <object_component id="oc-2f7">
         <name>.text:_i2c_master_transmit</name>
         <load_address>0x8961b</load_address>
         <run_address>0x8961b</run_address>
         <size>0x3e</size>
         <input_file_ref idref="fl-6"/>
      </object_component>
      <object_component id="oc-396">
         <name>.text:_ti_sysbios_knl_Swi_restoreHwi__E</name>
         <load_address>0x89659</load_address>
         <run_address>0x89659</run_address>
         <size>0x3e</size>
         <input_file_ref idref="fl-12"/>
      </object_component>
      <object_component id="oc-2eb">
         <name>.text:_ti_sysbios_knl_Swi_run__I</name>
         <load_address>0x89697</load_address>
         <run_address>0x89697</run_address>
         <size>0x3e</size>
         <input_file_ref idref="fl-12"/>
      </object_component>
      <object_component id="oc-290">
         <name>.text:_xdc_runtime_Core_deleteObject__I</name>
         <load_address>0x896d5</load_address>
         <run_address>0x896d5</run_address>
         <size>0x3e</size>
         <input_file_ref idref="fl-18"/>
      </object_component>
      <object_component id="oc-32e">
         <name>.text:_xdc_runtime_LoggerBuf_getFilterLevel__E</name>
         <load_address>0x89713</load_address>
         <run_address>0x89713</run_address>
         <size>0x3d</size>
         <input_file_ref idref="fl-1e"/>
      </object_component>
      <object_component id="oc-32d">
         <name>.text:_xdc_runtime_LoggerBuf_setFilterLevel__E</name>
         <load_address>0x89750</load_address>
         <run_address>0x89750</run_address>
         <size>0x3c</size>
         <input_file_ref idref="fl-1e"/>
      </object_component>
      <object_component id="oc-37f">
         <name>.text:_ti_sysbios_family_c28_TaskSupport_start__E</name>
         <load_address>0x8978c</load_address>
         <run_address>0x8978c</run_address>
         <size>0x39</size>
         <input_file_ref idref="fl-12"/>
      </object_component>
      <object_component id="oc-34b">
         <name>.text</name>
         <load_address>0x897c5</load_address>
         <run_address>0x897c5</run_address>
         <size>0x39</size>
         <input_file_ref idref="fl-41"/>
      </object_component>
      <object_component id="oc-35a">
         <name>.text:_xdc_runtime_Text_putMod__E</name>
         <load_address>0x897fe</load_address>
         <run_address>0x897fe</run_address>
         <size>0x38</size>
         <input_file_ref idref="fl-23"/>
      </object_component>
      <object_component id="oc-266">
         <name>.text:_ti_sysbios_knl_Task_startCore__E</name>
         <load_address>0x89836</load_address>
         <run_address>0x89836</run_address>
         <size>0x35</size>
         <input_file_ref idref="fl-12"/>
      </object_component>
      <object_component id="oc-2e7">
         <name>.text:_xdc_runtime_System_formatNum__I</name>
         <load_address>0x8986b</load_address>
         <run_address>0x8986b</run_address>
         <size>0x35</size>
         <input_file_ref idref="fl-21"/>
      </object_component>
      <object_component id="oc-30d">
         <name>.text:_ti_sysbios_knl_Task_Module_startup__E</name>
         <load_address>0x898a0</load_address>
         <run_address>0x898a0</run_address>
         <size>0x32</size>
         <input_file_ref idref="fl-12"/>
      </object_component>
      <object_component id="oc-303">
         <name>.text:_xdc_runtime_Error_print__E</name>
         <load_address>0x898d2</load_address>
         <run_address>0x898d2</run_address>
         <size>0x31</size>
         <input_file_ref idref="fl-1b"/>
      </object_component>
      <object_component id="oc-358">
         <name>.text:_xdc_runtime_LoggerBuf_Instance_init__E</name>
         <load_address>0x89903</load_address>
         <run_address>0x89903</run_address>
         <size>0x30</size>
         <input_file_ref idref="fl-1e"/>
      </object_component>
      <object_component id="oc-2be">
         <name>.text:_xdc_runtime_Core_assignParams__I</name>
         <load_address>0x89933</load_address>
         <run_address>0x89933</run_address>
         <size>0x2f</size>
         <input_file_ref idref="fl-1a"/>
      </object_component>
      <object_component id="oc-1fe">
         <name>.text:_xdc_runtime_Startup_exec__E</name>
         <load_address>0x89962</load_address>
         <run_address>0x89962</run_address>
         <size>0x2f</size>
         <input_file_ref idref="fl-20"/>
      </object_component>
      <object_component id="oc-2e1">
         <name>.text:_ti_sysbios_family_c28_Hwi_getStackInfo__E</name>
         <load_address>0x89991</load_address>
         <run_address>0x89991</run_address>
         <size>0x2e</size>
         <input_file_ref idref="fl-12"/>
      </object_component>
      <object_component id="oc-2b6">
         <name>.text:_ti_sysbios_knl_Swi_runLoop__I</name>
         <load_address>0x899bf</load_address>
         <run_address>0x899bf</run_address>
         <size>0x2e</size>
         <input_file_ref idref="fl-12"/>
      </object_component>
      <object_component id="oc-284">
         <name>.text:_ti_sysbios_knl_Swi_schedule__I</name>
         <load_address>0x899ed</load_address>
         <run_address>0x899ed</run_address>
         <size>0x2e</size>
         <input_file_ref idref="fl-12"/>
      </object_component>
      <object_component id="oc-2a0">
         <name>.text:_ti_sysbios_knl_Task_schedule__I</name>
         <load_address>0x89a1b</load_address>
         <run_address>0x89a1b</run_address>
         <size>0x2e</size>
         <input_file_ref idref="fl-12"/>
      </object_component>
      <object_component id="oc-26f">
         <name>.text:_xdc_runtime_Assert_raise__I</name>
         <load_address>0x89a49</load_address>
         <run_address>0x89a49</run_address>
         <size>0x2d</size>
         <input_file_ref idref="fl-17"/>
      </object_component>
      <object_component id="oc-2a2">
         <name>.text:_xdc_runtime_Error_setX__E</name>
         <load_address>0x89a76</load_address>
         <run_address>0x89a76</run_address>
         <size>0x2d</size>
         <input_file_ref idref="fl-1b"/>
      </object_component>
      <object_component id="oc-263">
         <name>.text:_ti_sysbios_family_c28_Timer_start__E</name>
         <load_address>0x89aa3</load_address>
         <run_address>0x89aa3</run_address>
         <size>0x2c</size>
         <input_file_ref idref="fl-12"/>
      </object_component>
      <object_component id="oc-32f">
         <name>.text:_xdc_runtime_LoggerBuf_Object__create__S</name>
         <load_address>0x89acf</load_address>
         <run_address>0x89acf</run_address>
         <size>0x2c</size>
         <input_file_ref idref="fl-a"/>
      </object_component>
      <object_component id="oc-24d">
         <name>.text:_myHwi</name>
         <load_address>0x89afb</load_address>
         <run_address>0x89afb</run_address>
         <size>0x2b</size>
         <input_file_ref idref="fl-5"/>
      </object_component>
      <object_component id="oc-372">
         <name>.text:_xdc_runtime_HeapStd_Object__create__S</name>
         <load_address>0x89b26</load_address>
         <run_address>0x89b26</run_address>
         <size>0x2b</size>
         <input_file_ref idref="fl-a"/>
      </object_component>
      <object_component id="oc-35b">
         <name>.text:_xdc_runtime_Text_xprintf__I</name>
         <load_address>0x89b51</load_address>
         <run_address>0x89b51</run_address>
         <size>0x29</size>
         <input_file_ref idref="fl-23"/>
      </object_component>
      <object_component id="oc-281">
         <name>.text</name>
         <load_address>0x89b7a</load_address>
         <run_address>0x89b7a</run_address>
         <size>0x29</size>
         <input_file_ref idref="fl-3b"/>
      </object_component>
      <object_component id="oc-2b5">
         <name>.text:_xdc_runtime_SysMin_flush__E</name>
         <load_address>0x89ba3</load_address>
         <run_address>0x89ba3</run_address>
         <size>0x26</size>
         <input_file_ref idref="fl-22"/>
      </object_component>
      <object_component id="oc-391">
         <name>.text:_ti_sysbios_family_c28_TaskSupport_buildTaskStack</name>
         <load_address>0x89bc9</load_address>
         <run_address>0x89bc9</run_address>
         <size>0x25</size>
         <input_file_ref idref="fl-16"/>
      </object_component>
      <object_component id="oc-250">
         <name>.text:_ti_sysbios_knl_Swi_post__E</name>
         <load_address>0x89bee</load_address>
         <run_address>0x89bee</run_address>
         <size>0x24</size>
         <input_file_ref idref="fl-12"/>
      </object_component>
      <object_component id="oc-1fd">
         <name>.text</name>
         <load_address>0x89c12</load_address>
         <run_address>0x89c12</run_address>
         <size>0x24</size>
         <input_file_ref idref="fl-37"/>
      </object_component>
      <object_component id="oc-22b">
         <name>.text:_xdc_runtime_System_processAtExit__E</name>
         <load_address>0x89c36</load_address>
         <run_address>0x89c36</run_address>
         <size>0x23</size>
         <input_file_ref idref="fl-21"/>
      </object_component>
      <object_component id="oc-298">
         <name>.text:_ti_sysbios_knl_Task_allBlockedFunction__I</name>
         <load_address>0x89c59</load_address>
         <run_address>0x89c59</run_address>
         <size>0x21</size>
         <input_file_ref idref="fl-12"/>
      </object_component>
      <object_component id="oc-360">
         <name>.text:_ti_sysbios_family_c28_Timer_setPrescale__E</name>
         <load_address>0x89c7a</load_address>
         <run_address>0x89c7a</run_address>
         <size>0x20</size>
         <input_file_ref idref="fl-12"/>
      </object_component>
      <object_component id="oc-236">
         <name>.text:_xdc_runtime_System_atexit__E</name>
         <load_address>0x89c9a</load_address>
         <run_address>0x89c9a</run_address>
         <size>0x20</size>
         <input_file_ref idref="fl-21"/>
      </object_component>
      <object_component id="oc-362">
         <name>.text:_ti_sysbios_knl_Task_exit__E</name>
         <load_address>0x89cba</load_address>
         <run_address>0x89cba</run_address>
         <size>0x1f</size>
         <input_file_ref idref="fl-12"/>
      </object_component>
      <object_component id="oc-2a4">
         <name>.text:_xdc_runtime_Error_policyLog__I</name>
         <load_address>0x89cd9</load_address>
         <run_address>0x89cd9</run_address>
         <size>0x1f</size>
         <input_file_ref idref="fl-a"/>
      </object_component>
      <object_component id="oc-2fd">
         <name>.text:_xdc_runtime_LoggerBuf_filterOutEvent__I</name>
         <load_address>0x89cf8</load_address>
         <run_address>0x89cf8</run_address>
         <size>0x1f</size>
         <input_file_ref idref="fl-1e"/>
      </object_component>
      <object_component id="oc-272">
         <name>.text:_ti_sysbios_knl_Task_blockI__E</name>
         <load_address>0x89d17</load_address>
         <run_address>0x89d17</run_address>
         <size>0x1e</size>
         <input_file_ref idref="fl-12"/>
      </object_component>
      <object_component id="oc-2d5">
         <name>.text:_ti_sysbios_family_c28_TaskSupport_swap__E</name>
         <load_address>0x89d35</load_address>
         <run_address>0x89d35</run_address>
         <size>0x1d</size>
         <input_file_ref idref="fl-16"/>
      </object_component>
      <object_component id="oc-313">
         <name>.text:_ti_sysbios_gates_GateHwi_Object__create__S</name>
         <load_address>0x89d52</load_address>
         <run_address>0x89d52</run_address>
         <size>0x1d</size>
         <input_file_ref idref="fl-a"/>
      </object_component>
      <object_component id="oc-256">
         <name>.text:_ti_sysbios_gates_GateMutex_Object__create__S</name>
         <load_address>0x89d6f</load_address>
         <run_address>0x89d6f</run_address>
         <size>0x1d</size>
         <input_file_ref idref="fl-a"/>
      </object_component>
      <object_component id="oc-2c0">
         <name>.text:_ti_sysbios_knl_Semaphore_construct</name>
         <load_address>0x89d8c</load_address>
         <run_address>0x89d8c</run_address>
         <size>0x1d</size>
         <input_file_ref idref="fl-a"/>
      </object_component>
      <object_component id="oc-336">
         <name>.text:_xdc_runtime_SysMin_putch__E</name>
         <load_address>0x89da9</load_address>
         <run_address>0x89da9</run_address>
         <size>0x1d</size>
         <input_file_ref idref="fl-22"/>
      </object_component>
      <object_component id="oc-226">
         <name>.text</name>
         <load_address>0x89dc6</load_address>
         <run_address>0x89dc6</run_address>
         <size>0x1d</size>
         <input_file_ref idref="fl-38"/>
      </object_component>
      <object_component id="oc-2d9">
         <name>.text:_ti_sysbios_hal_Hwi_checkStack</name>
         <load_address>0x89de3</load_address>
         <run_address>0x89de3</run_address>
         <size>0x1c</size>
         <input_file_ref idref="fl-12"/>
      </object_component>
      <object_component id="oc-316">
         <name>.text:_xdc_runtime_SysMin_output__I</name>
         <load_address>0x89dff</load_address>
         <run_address>0x89dff</run_address>
         <size>0x1c</size>
         <input_file_ref idref="fl-a"/>
      </object_component>
      <object_component id="oc-2d8">
         <name>.text:_myIdleFxn2</name>
         <load_address>0x89e1b</load_address>
         <run_address>0x89e1b</run_address>
         <size>0x1b</size>
         <input_file_ref idref="fl-5"/>
      </object_component>
      <object_component id="oc-38c">
         <name>.text:_ti_sysbios_family_c28_Hwi_switchAndDispatch__I</name>
         <load_address>0x89e36</load_address>
         <run_address>0x89e36</run_address>
         <size>0x1b</size>
         <input_file_ref idref="fl-13"/>
      </object_component>
      <object_component id="oc-279">
         <name>.text:_ti_sysbios_hal_Hwi_initStack</name>
         <load_address>0x89e51</load_address>
         <run_address>0x89e51</run_address>
         <size>0x1b</size>
         <input_file_ref idref="fl-12"/>
      </object_component>
      <object_component id="oc-37e">
         <name>.text:_ti_sysbios_knl_Task_processVitalTaskFlag__I</name>
         <load_address>0x89e6c</load_address>
         <run_address>0x89e6c</run_address>
         <size>0x1b</size>
         <input_file_ref idref="fl-12"/>
      </object_component>
      <object_component id="oc-35c">
         <name>.text:_xdc_runtime_System_avprintf__E</name>
         <load_address>0x89e87</load_address>
         <run_address>0x89e87</run_address>
         <size>0x1a</size>
         <input_file_ref idref="fl-21"/>
      </object_component>
      <object_component id="oc-22d">
         <name>.text:_myTickFxn</name>
         <load_address>0x89ea1</load_address>
         <run_address>0x89ea1</run_address>
         <size>0x19</size>
         <input_file_ref idref="fl-5"/>
      </object_component>
      <object_component id="oc-31b">
         <name>.text:_ti_sysbios_knl_Queue_construct</name>
         <load_address>0x89eba</load_address>
         <run_address>0x89eba</run_address>
         <size>0x19</size>
         <input_file_ref idref="fl-a"/>
      </object_component>
      <object_component id="oc-265">
         <name>.text:_ti_sysbios_knl_Swi_restore__E</name>
         <load_address>0x89ed3</load_address>
         <run_address>0x89ed3</run_address>
         <size>0x19</size>
         <input_file_ref idref="fl-12"/>
      </object_component>
      <object_component id="oc-27b">
         <name>.text:_xdc_runtime_System_vprintf__E</name>
         <load_address>0x89eec</load_address>
         <run_address>0x89eec</run_address>
         <size>0x19</size>
         <input_file_ref idref="fl-21"/>
      </object_component>
      <object_component id="oc-2b7">
         <name>.text:_ti_sysbios_family_xxx_Hwi_switchAndRunFunc</name>
         <load_address>0x89f05</load_address>
         <run_address>0x89f05</run_address>
         <size>0x18</size>
         <input_file_ref idref="fl-13"/>
      </object_component>
      <object_component id="oc-339">
         <name>.text:_xdc_runtime_LoggerBuf_reset__E</name>
         <load_address>0x89f1d</load_address>
         <run_address>0x89f1d</run_address>
         <size>0x18</size>
         <input_file_ref idref="fl-1e"/>
      </object_component>
      <object_component id="oc-2e8">
         <name>.text:_xdc_runtime_System_putchar__I</name>
         <load_address>0x89f35</load_address>
         <run_address>0x89f35</run_address>
         <size>0x18</size>
         <input_file_ref idref="fl-21"/>
      </object_component>
      <object_component id="oc-325">
         <name>.text:_i2c_send_byte</name>
         <load_address>0x89f4d</load_address>
         <run_address>0x89f4d</run_address>
         <size>0x17</size>
         <input_file_ref idref="fl-6"/>
      </object_component>
      <object_component id="oc-238">
         <name>.text:_ti_sysbios_family_c28_Timer_startup__E</name>
         <load_address>0x89f64</load_address>
         <run_address>0x89f64</run_address>
         <size>0x17</size>
         <input_file_ref idref="fl-12"/>
      </object_component>
      <object_component id="oc-230">
         <name>.text:_ti_sysbios_knl_Clock_doTick__I</name>
         <load_address>0x89f7b</load_address>
         <run_address>0x89f7b</run_address>
         <size>0x17</size>
         <input_file_ref idref="fl-a"/>
      </object_component>
      <object_component id="oc-268">
         <name>.text:_ti_sysbios_knl_Semaphore_pendTimeout__I</name>
         <load_address>0x89f92</load_address>
         <run_address>0x89f92</run_address>
         <size>0x17</size>
         <input_file_ref idref="fl-12"/>
      </object_component>
      <object_component id="oc-274">
         <name>.text:_ti_sysbios_knl_Task_restore__E</name>
         <load_address>0x89fa9</load_address>
         <run_address>0x89fa9</run_address>
         <size>0x17</size>
         <input_file_ref idref="fl-12"/>
      </object_component>
      <object_component id="oc-282">
         <name>.text:_ti_sysbios_knl_Task_unblockI__E</name>
         <load_address>0x89fc0</load_address>
         <run_address>0x89fc0</run_address>
         <size>0x17</size>
         <input_file_ref idref="fl-12"/>
      </object_component>
      <object_component id="oc-306">
         <name>.text:_xdc_runtime_LoggerBuf_Module_startup__E</name>
         <load_address>0x89fd7</load_address>
         <run_address>0x89fd7</run_address>
         <size>0x17</size>
         <input_file_ref idref="fl-1e"/>
      </object_component>
      <object_component id="oc-2ec">
         <name>.text:_xdc_runtime_Memory_valloc__E</name>
         <load_address>0x89fee</load_address>
         <run_address>0x89fee</run_address>
         <size>0x17</size>
         <input_file_ref idref="fl-1f"/>
      </object_component>
      <object_component id="oc-304">
         <name>.text:_xdc_runtime_SysMin_abort__E</name>
         <load_address>0x8a005</load_address>
         <run_address>0x8a005</run_address>
         <size>0x17</size>
         <input_file_ref idref="fl-22"/>
      </object_component>
      <object_component id="oc-235">
         <name>.text:_ti_sysbios_BIOS_atExitFunc__I</name>
         <load_address>0x8a01c</load_address>
         <run_address>0x8a01c</run_address>
         <size>0x16</size>
         <input_file_ref idref="fl-a"/>
      </object_component>
      <object_component id="oc-30a">
         <name>.text:_ti_sysbios_family_c28_Timer_Module_startup__E</name>
         <load_address>0x8a032</load_address>
         <run_address>0x8a032</run_address>
         <size>0x16</size>
         <input_file_ref idref="fl-12"/>
      </object_component>
      <object_component id="oc-37a">
         <name>.text:_xdc_runtime_Text_printVisFxn__I</name>
         <load_address>0x8a048</load_address>
         <run_address>0x8a048</run_address>
         <size>0x16</size>
         <input_file_ref idref="fl-23"/>
      </object_component>
      <object_component id="oc-212">
         <name>.text:_ti_sysbios_BIOS_startFunc__I</name>
         <load_address>0x8a05e</load_address>
         <run_address>0x8a05e</run_address>
         <size>0x15</size>
         <input_file_ref idref="fl-a"/>
      </object_component>
      <object_component id="oc-30c">
         <name>.text:_ti_sysbios_knl_Swi_Module_startup__E</name>
         <load_address>0x8a073</load_address>
         <run_address>0x8a073</run_address>
         <size>0x15</size>
         <input_file_ref idref="fl-12"/>
      </object_component>
      <object_component id="oc-23f">
         <name>.text:_ti_sysbios_knl_Idle_run__E</name>
         <load_address>0x8a088</load_address>
         <run_address>0x8a088</run_address>
         <size>0x14</size>
         <input_file_ref idref="fl-12"/>
      </object_component>
      <object_component id="oc-257">
         <name>.text:_ti_sysbios_gates_GateMutex_Object__delete__S</name>
         <load_address>0x8a09c</load_address>
         <run_address>0x8a09c</run_address>
         <size>0x13</size>
         <input_file_ref idref="fl-a"/>
      </object_component>
      <object_component id="oc-30b">
         <name>.text:_ti_sysbios_knl_Clock_Module_startup__E</name>
         <load_address>0x8a0af</load_address>
         <run_address>0x8a0af</run_address>
         <size>0x13</size>
         <input_file_ref idref="fl-12"/>
      </object_component>
      <object_component id="oc-223">
         <name>.text:_xdc_runtime_Error_raiseX__E</name>
         <load_address>0x8a0c2</load_address>
         <run_address>0x8a0c2</run_address>
         <size>0x13</size>
         <input_file_ref idref="fl-1b"/>
      </object_component>
      <object_component id="oc-314">
         <name>.text:_ti_sysbios_gates_GateHwi_Object__delete__S</name>
         <load_address>0x8a0d5</load_address>
         <run_address>0x8a0d5</run_address>
         <size>0x12</size>
         <input_file_ref idref="fl-a"/>
      </object_component>
      <object_component id="oc-330">
         <name>.text:_xdc_runtime_LoggerBuf_Object__delete__S</name>
         <load_address>0x8a0e7</load_address>
         <run_address>0x8a0e7</run_address>
         <size>0x12</size>
         <input_file_ref idref="fl-a"/>
      </object_component>
      <object_component id="oc-200">
         <name>.text</name>
         <load_address>0x8a0f9</load_address>
         <run_address>0x8a0f9</run_address>
         <size>0x12</size>
         <input_file_ref idref="fl-3d"/>
      </object_component>
      <object_component id="oc-245">
         <name>.text:_delay200ms</name>
         <load_address>0x8a10b</load_address>
         <run_address>0x8a10b</run_address>
         <size>0x11</size>
         <input_file_ref idref="fl-5"/>
      </object_component>
      <object_component id="oc-22a">
         <name>.text:_main</name>
         <load_address>0x8a11c</load_address>
         <run_address>0x8a11c</run_address>
         <size>0x11</size>
         <input_file_ref idref="fl-5"/>
      </object_component>
      <object_component id="oc-2de">
         <name>.text:_ti_sysbios_BIOS_errorRaiseHook__I</name>
         <load_address>0x8a12d</load_address>
         <run_address>0x8a12d</run_address>
         <size>0x11</size>
         <input_file_ref idref="fl-a"/>
      </object_component>
      <object_component id="oc-38d">
         <name>.text:_ti_sysbios_knl_Task_restoreHwi__E</name>
         <load_address>0x8a13e</load_address>
         <run_address>0x8a13e</run_address>
         <size>0x11</size>
         <input_file_ref idref="fl-12"/>
      </object_component>
      <object_component id="oc-373">
         <name>.text:_xdc_runtime_HeapStd_Object__delete__S</name>
         <load_address>0x8a14f</load_address>
         <run_address>0x8a14f</run_address>
         <size>0x11</size>
         <input_file_ref idref="fl-a"/>
      </object_component>
      <object_component id="oc-94">
         <name>.text</name>
         <load_address>0x8a160</load_address>
         <run_address>0x8a160</run_address>
         <size>0x10</size>
[...]
      </symbol>
      <symbol id="sm-9a7">
         <name>_ti_sysbios_family_xxx_Hwi_switchAndRunFunc</name>
         <value>0x89f05</value>
         <object_component_ref idref="oc-2b7"/>
      </symbol>
      <symbol id="sm-a47">
         <name>_ti_sysbios_family_c28_Hwi_dispatchTable</name>
         <value>0x88a8d</value>
         <object_component_ref idref="oc-35d"/>
      </symbol>
      <symbol id="sm-a48">
         <name>_ti_sysbios_family_c28_Hwi_dispatchPie</name>
         <value>0x88aea</value>
         <object_component_ref idref="oc-35d"/>
      </symbol>
      <symbol id="sm-a54">
         <name>_ti_sysbios_family_c28_IntrinsicsSupport_maxbit__E</name>
         <value>0x8a481</value>
         <object_component_ref idref="oc-299"/>
      </symbol>
      <symbol id="sm-a64">
         <name>_ti_sysbios_family_c28_TaskSupport_buildTaskStack</name>
         <value>0x89bc9</value>
         <object_component_ref idref="oc-391"/>
      </symbol>
      <symbol id="sm-a65">
         <name>_ti_sysbios_family_c28_TaskSupport_swap__E</name>
         <value>0x89d35</value>
         <object_component_ref idref="oc-2d5"/>
      </symbol>
      <symbol id="sm-a66">
         <name>_ti_sysbios_family_c28_TaskSupport_glue</name>
         <value>0x8a3af</value>
         <object_component_ref idref="oc-395"/>
      </symbol>
      <symbol id="sm-a7a">
         <name>_xdc_runtime_Assert_raise__I</name>
         <value>0x89a49</value>
         <object_component_ref idref="oc-26f"/>
      </symbol>
      <symbol id="sm-a99">
         <name>_xdc_runtime_Core_deleteObject__I</name>
         <value>0x896d5</value>
         <object_component_ref idref="oc-290"/>
      </symbol>
      <symbol id="sm-a9a">
         <name>_xdc_runtime_Core_createObject__I</name>
         <value>0x889ed</value>
         <object_component_ref idref="oc-28d"/>
      </symbol>
      <symbol id="sm-ab2">
         <name>_xdc_runtime_Core_constructObject__I</name>
         <value>0x88c4d</value>
         <object_component_ref idref="oc-2ee"/>
      </symbol>
      <symbol id="sm-ac0">
         <name>_xdc_runtime_Core_assignParams__I</name>
         <value>0x89933</value>
         <object_component_ref idref="oc-2be"/>
      </symbol>
      <symbol id="sm-aeb">
         <name>_xdc_runtime_Error_getSite__E</name>
         <value>0x8a529</value>
         <object_component_ref idref="oc-333"/>
      </symbol>
      <symbol id="sm-aec">
         <name>_xdc_runtime_Error_print__E</name>
         <value>0x898d2</value>
         <object_component_ref idref="oc-303"/>
      </symbol>
      <symbol id="sm-aed">
         <name>_xdc_runtime_Error_policyDefault__E</name>
         <value>0x8926b</value>
         <object_component_ref idref="oc-276"/>
      </symbol>
      <symbol id="sm-aee">
         <name>_xdc_runtime_Error_init__E</name>
         <value>0x8a36c</value>
         <object_component_ref idref="oc-2da"/>
      </symbol>
      <symbol id="sm-aef">
         <name>_xdc_runtime_Error_raiseX__E</name>
         <value>0x8a0c2</value>
         <object_component_ref idref="oc-223"/>
      </symbol>
      <symbol id="sm-af0">
         <name>_xdc_runtime_Error_check__E</name>
         <value>0x8a26d</value>
         <object_component_ref idref="oc-34c"/>
      </symbol>
      <symbol id="sm-af1">
         <name>_xdc_runtime_Error_setX__E</name>
         <value>0x89a76</value>
         <object_component_ref idref="oc-2a2"/>
      </symbol>
      <symbol id="sm-aff">
         <name>_xdc_runtime_Gate_leaveSystem__E</name>
         <value>0x8a499</value>
         <object_component_ref idref="oc-25f"/>
      </symbol>
      <symbol id="sm-b00">
         <name>_xdc_runtime_Gate_enterSystem__E</name>
         <value>0x8a493</value>
         <object_component_ref idref="oc-249"/>
      </symbol>
      <symbol id="sm-b41">
         <name>_xdc_runtime_HeapStd_isBlocking__E</name>
         <value>0x8a52b</value>
         <object_component_ref idref="oc-370"/>
      </symbol>
      <symbol id="sm-b42">
         <name>_xdc_runtime_HeapStd_getStats__E</name>
         <value>0x8a45f</value>
         <object_component_ref idref="oc-371"/>
      </symbol>
      <symbol id="sm-b43">
         <name>_xdc_runtime_HeapStd_free__E</name>
         <value>0x89131</value>
         <object_component_ref idref="oc-36f"/>
      </symbol>
      <symbol id="sm-b44">
         <name>_xdc_runtime_HeapStd_Instance_init__E</name>
         <value>0x88cda</value>
         <object_component_ref idref="oc-38a"/>
      </symbol>
      <symbol id="sm-b45">
         <name>_xdc_runtime_HeapStd_alloc__E</name>
         <value>0x885e2</value>
         <object_component_ref idref="oc-36e"/>
      </symbol>
      <symbol id="sm-b94">
         <name>_xdc_runtime_LoggerBuf_write0__E</name>
         <value>0x8a27a</value>
         <object_component_ref idref="oc-329"/>
      </symbol>
      <symbol id="sm-b95">
         <name>_xdc_runtime_LoggerBuf_Instance_init__E</name>
         <value>0x89903</value>
         <object_component_ref idref="oc-358"/>
      </symbol>
      <symbol id="sm-b96">
         <name>_xdc_runtime_LoggerBuf_Module_startup__E</name>
         <value>0x89fd7</value>
         <object_component_ref idref="oc-306"/>
      </symbol>
      <symbol id="sm-b97">
         <name>_xdc_runtime_LoggerBuf_reset__E</name>
         <value>0x89f1d</value>
         <object_component_ref idref="oc-339"/>
      </symbol>
      <symbol id="sm-b98">
         <name>_xdc_runtime_LoggerBuf_Instance_finalize__E</name>
         <value>0x8a341</value>
         <object_component_ref idref="oc-359"/>
      </symbol>
      <symbol id="sm-b99">
         <name>_xdc_runtime_LoggerBuf_write4__E</name>
         <value>0x88f5f</value>
         <object_component_ref idref="oc-32c"/>
      </symbol>
      <symbol id="sm-b9a">
         <name>_xdc_runtime_LoggerBuf_getFilterLevel__E</name>
         <value>0x89713</value>
         <object_component_ref idref="oc-32e"/>
      </symbol>
      <symbol id="sm-b9b">
         <name>_xdc_runtime_LoggerBuf_disable__E</name>
         <value>0x8a4af</value>
         <object_component_ref idref="oc-328"/>
      </symbol>
      <symbol id="sm-b9c">
         <name>_xdc_runtime_LoggerBuf_setFilterLevel__E</name>
         <value>0x89750</value>
         <object_component_ref idref="oc-32d"/>
      </symbol>
      <symbol id="sm-b9d">
         <name>_xdc_runtime_LoggerBuf_write8__E</name>
         <value>0x8886e</value>
         <object_component_ref idref="oc-2dd"/>
      </symbol>
      <symbol id="sm-b9e">
         <name>_xdc_runtime_LoggerBuf_write2__E</name>
         <value>0x8a1ae</value>
         <object_component_ref idref="oc-32b"/>
      </symbol>
      <symbol id="sm-b9f">
         <name>_xdc_runtime_LoggerBuf_filterOutEvent__I</name>
         <value>0x89cf8</value>
         <object_component_ref idref="oc-2fd"/>
      </symbol>
      <symbol id="sm-ba0">
         <name>_xdc_runtime_LoggerBuf_write1__E</name>
         <value>0x8a287</value>
         <object_component_ref idref="oc-32a"/>
      </symbol>
      <symbol id="sm-ba1">
         <name>_xdc_runtime_LoggerBuf_enable__E</name>
         <value>0x8a49f</value>
         <object_component_ref idref="oc-327"/>
      </symbol>
      <symbol id="sm-bbc">
         <name>_xdc_runtime_Memory_calloc__E</name>
         <value>0x8a439</value>
         <object_component_ref idref="oc-2bf"/>
      </symbol>
      <symbol id="sm-bbd">
         <name>_xdc_runtime_Memory_free__E</name>
         <value>0x8a376</value>
         <object_component_ref idref="oc-2c2"/>
      </symbol>
      <symbol id="sm-bbe">
         <name>_xdc_runtime_Memory_valloc__E</name>
         <value>0x89fee</value>
         <object_component_ref idref="oc-2ec"/>
      </symbol>
      <symbol id="sm-bbf">
         <name>_xdc_runtime_Memory_alloc__E</name>
         <value>0x895db</value>
         <object_component_ref idref="oc-317"/>
      </symbol>
      <symbol id="sm-bc0">
         <name>_xdc_runtime_Memory_getMaxDefaultTypeAlign__E</name>
         <value>0x8a4c8</value>
         <object_component_ref idref="oc-34d"/>
      </symbol>
      <symbol id="sm-be2">
         <name>_xdc_runtime_Startup_startMods__I</name>
         <value>0x8904e</value>
         <object_component_ref idref="oc-27a"/>
      </symbol>
      <symbol id="sm-be3">
         <name>_xdc_runtime_Startup_rtsDone__E</name>
         <value>0x8a4cc</value>
         <object_component_ref idref="oc-233"/>
      </symbol>
      <symbol id="sm-be4">
         <name>_xdc_runtime_Startup_exec__E</name>
         <value>0x89962</value>
         <object_component_ref idref="oc-1fe"/>
      </symbol>
      <symbol id="sm-c68">
         <name>_xdc_runtime_System_formatNum__I</name>
         <value>0x8986b</value>
         <object_component_ref idref="oc-2e7"/>
      </symbol>
      <symbol id="sm-c69">
         <name>_xdc_runtime_System_exit__E</name>
         <value>0x8a34c</value>
         <object_component_ref idref="oc-201"/>
      </symbol>
      <symbol id="sm-c6a">
         <name>_xdc_runtime_System_exitStd__E</name>
         <value>0x8a51b</value>
         <object_component_ref idref="oc-24b"/>
      </symbol>
      <symbol id="sm-c6b">
         <name>_xdc_runtime_System_printf_va__F</name>
         <value>0x89eec</value>
         <object_component_ref idref="oc-27b"/>
      </symbol>
      <symbol id="sm-c6c">
         <name>_xdc_runtime_System_atexit__E</name>
         <value>0x89c9a</value>
         <object_component_ref idref="oc-236"/>
      </symbol>
      <symbol id="sm-c6d">
         <name>_xdc_runtime_System_abortStd__E</name>
         <value>0x8a518</value>
         <object_component_ref idref="oc-305"/>
      </symbol>
      <symbol id="sm-c6e">
         <name>_xdc_runtime_System_putchar__I</name>
         <value>0x89f35</value>
         <object_component_ref idref="oc-2e8"/>
      </symbol>
      <symbol id="sm-c6f">
         <name>_xdc_runtime_System_snprintf_va__F</name>
         <value>0x8a380</value>
         <object_component_ref idref="oc-37b"/>
      </symbol>
      <symbol id="sm-c70">
         <name>_xdc_runtime_System_Module_startup__E</name>
         <value>0x8a509</value>
         <object_component_ref idref="oc-307"/>
      </symbol>
      <symbol id="sm-c71">
         <name>_xdc_runtime_System_avprintf__E</name>
         <value>0x89e87</value>
         <object_component_ref idref="oc-35c"/>
      </symbol>
      <symbol id="sm-c72">
         <name>_xdc_runtime_System_vprintf__E</name>
         <value>0x89eec</value>
         <object_component_ref idref="oc-27b"/>
      </symbol>
      <symbol id="sm-c73">
         <name>_xdc_runtime_System_aprintf_va__F</name>
         <value>0x89e87</value>
         <object_component_ref idref="oc-35c"/>
      </symbol>
      <symbol id="sm-c74">
         <name>_xdc_runtime_System_doPrint__I</name>
         <value>0x88000</value>
         <object_component_ref idref="oc-2af"/>
      </symbol>
      <symbol id="sm-c75">
         <name>_xdc_runtime_System_processAtExit__E</name>
         <value>0x89c36</value>
         <object_component_ref idref="oc-22b"/>
      </symbol>
      <symbol id="sm-c76">
         <name>_xdc_runtime_System_vsnprintf__E</name>
         <value>0x8a380</value>
         <object_component_ref idref="oc-37b"/>
      </symbol>
      <symbol id="sm-c77">
         <name>_xdc_runtime_System_abort__E</name>
         <value>0x8a294</value>
         <object_component_ref idref="oc-2a8"/>
      </symbol>
      <symbol id="sm-c95">
         <name>_xdc_runtime_SysMin_abort__E</name>
         <value>0x8a005</value>
         <object_component_ref idref="oc-304"/>
      </symbol>
      <symbol id="sm-c96">
         <name>_xdc_runtime_SysMin_ready__E</name>
         <value>0x8a441</value>
         <object_component_ref idref="oc-2e4"/>
      </symbol>
      <symbol id="sm-c97">
         <name>_xdc_runtime_SysMin_flush__E</name>
         <value>0x89ba3</value>
         <object_component_ref idref="oc-2b5"/>
      </symbol>
      <symbol id="sm-c98">
         <name>_xdc_runtime_SysMin_Module_startup__E</name>
         <value>0x8a180</value>
         <object_component_ref idref="oc-308"/>
      </symbol>
      <symbol id="sm-c99">
         <name>_xdc_runtime_SysMin_putch__E</name>
         <value>0x89da9</value>
         <object_component_ref idref="oc-336"/>
      </symbol>
      <symbol id="sm-c9a">
         <name>_xdc_runtime_SysMin_exit__E</name>
         <value>0x8a2dd</value>
         <object_component_ref idref="oc-280"/>
      </symbol>
      <symbol id="sm-cd4">
         <name>_xdc_runtime_Text_putLab__E</name>
         <value>0x8951a</value>
         <object_component_ref idref="oc-348"/>
      </symbol>
      <symbol id="sm-cd5">
         <name>_xdc_runtime_Text_printVisFxn__I</name>
         <value>0x8a048</value>
         <object_component_ref idref="oc-37a"/>
      </symbol>
      <symbol id="sm-cd6">
         <name>_xdc_runtime_Text_putMod__E</name>
         <value>0x897fe</value>
         <object_component_ref idref="oc-35a"/>
      </symbol>
      <symbol id="sm-cd7">
         <name>_xdc_runtime_Text_xprintf__I</name>
         <value>0x89b51</value>
         <object_component_ref idref="oc-35b"/>
      </symbol>
      <symbol id="sm-cd8">
         <name>_xdc_runtime_Text_ropeText__E</name>
         <value>0x8a38a</value>
         <object_component_ref idref="oc-29e"/>
      </symbol>
      <symbol id="sm-cd9">
         <name>_xdc_runtime_Text_putSite__E</name>
         <value>0x892cb</value>
         <object_component_ref idref="oc-334"/>
      </symbol>
      <symbol id="sm-ce5">
         <name>___xdc__init</name>
         <value>0x8a4d3</value>
         <object_component_ref idref="oc-202"/>
      </symbol>
      <symbol id="sm-d05">
         <name>_xdc_runtime_Registry_findById__E</name>
         <value>0x8a1bd</value>
         <object_component_ref idref="oc-378"/>
      </symbol>
      <symbol id="sm-d20">
         <name>_c_int00</name>
         <value>0x8919c</value>
         <object_component_ref idref="oc-92"/>
      </symbol>
      <symbol id="sm-d21">
         <name>__stack</name>
         <value>0x122</value>
         <object_component_ref idref="oc-19f"/>
      </symbol>
      <symbol id="sm-d38">
         <name>_ti_catalog_c2800_initF2837x_Boot_initFlash</name>
         <value>0xb000</value>
         <object_component_ref idref="oc-2a9"/>
      </symbol>
      <symbol id="sm-d39">
         <name>_ti_catalog_c2800_initF2837x_Boot_defaultLimpAbortFunction</name>
         <value>0x8a530</value>
         <object_component_ref idref="oc-277"/>
      </symbol>
      <symbol id="sm-d3a">
         <name>_ti_catalog_c2800_initF2837x_Boot_configurePllDivs</name>
         <value>0x89377</value>
         <object_component_ref idref="oc-224"/>
      </symbol>
      <symbol id="sm-d3b">
         <name>_ti_catalog_c2800_initF2837x_Boot_initSharedRAMs</name>
         <value>0x8a409</value>
         <object_component_ref idref="oc-225"/>
      </symbol>
      <symbol id="sm-d47">
         <name>_ti_catalog_c2800_initF2837x_Boot_entry</name>
         <value>0x80000</value>
         <object_component_ref idref="oc-93"/>
      </symbol>
      <symbol id="sm-d73">
         <name>ULL$$MOD</name>
         <value>0x8847c</value>
         <object_component_ref idref="oc-1ad"/>
      </symbol>
      <symbol id="sm-d74">
         <name>ULL$$DIV</name>
         <value>0x8844d</value>
         <object_component_ref idref="oc-1ad"/>
      </symbol>
      <symbol id="sm-d75">
         <name>LL$$MOD</name>
         <value>0x88413</value>
         <object_component_ref idref="oc-1ad"/>
      </symbol>
      <symbol id="sm-d76">
         <name>LL$$DIV</name>
         <value>0x883d7</value>
         <object_component_ref idref="oc-1ad"/>
      </symbol>
      <symbol id="sm-d82">
         <name>U$$MOD</name>
         <value>0x8a35c</value>
         <object_component_ref idref="oc-1b2"/>
      </symbol>
      <symbol id="sm-d83">
         <name>U$$DIV</name>
         <value>0x8a357</value>
         <object_component_ref idref="oc-1b2"/>
      </symbol>
      <symbol id="sm-d92">
         <name>_copy_in</name>
         <value>0x89c12</value>
         <object_component_ref idref="oc-1fd"/>
      </symbol>
      <symbol id="sm-da4">
         <name>_memcpy</name>
         <value>0x89dc6</value>
         <object_component_ref idref="oc-226"/>
      </symbol>
      <symbol id="sm-db1">
         <name>__system_pre_init</name>
         <value>0x8a52d</value>
         <object_component_ref idref="oc-1fb"/>
      </symbol>
      <symbol id="sm-dbf">
         <name>__system_post_cinit</name>
         <value>0x8a536</value>
         <object_component_ref idref="oc-1ff"/>
      </symbol>
      <symbol id="sm-dd4">
         <name>C$$EXIT</name>
         <value>0x89b7a</value>
         <object_component_ref idref="oc-281"/>
      </symbol>
      <symbol id="sm-dd5">
         <name>_exit</name>
         <value>0x89b7c</value>
         <object_component_ref idref="oc-281"/>
      </symbol>
      <symbol id="sm-dd7">
         <name>___TI_cleanup_ptr</name>
         <value>0x86da</value>
         <object_component_ref idref="oc-1cd"/>
      </symbol>
      <symbol id="sm-dd8">
         <name>___TI_enable_exit_profile_output</name>
         <value>0x86d8</value>
         <object_component_ref idref="oc-1cd"/>
      </symbol>
      <symbol id="sm-dd9">
         <name>_abort</name>
         <value>0x89b7a</value>
         <object_component_ref idref="oc-281"/>
      </symbol>
      <symbol id="sm-ddb">
         <name>___TI_dtors_ptr</name>
         <value>0x86dc</value>
         <object_component_ref idref="oc-1cd"/>
      </symbol>
      <symbol id="sm-def">
         <name>__unlock</name>
         <value>0x857e</value>
         <object_component_ref idref="oc-291"/>
      </symbol>
      <symbol id="sm-df0">
         <name>__lock</name>
         <value>0x84be</value>
         <object_component_ref idref="oc-292"/>
      </symbol>
      <symbol id="sm-df1">
         <name>__register_lock</name>
         <value>0x8a404</value>
         <object_component_ref idref="oc-25b"/>
      </symbol>
      <symbol id="sm-df3">
         <name>__nop</name>
         <value>0x8a408</value>
         <object_component_ref idref="oc-25b"/>
      </symbol>
      <symbol id="sm-df5">
         <name>__register_unlock</name>
         <value>0x8a400</value>
         <object_component_ref idref="oc-25b"/>
      </symbol>
      <symbol id="sm-e05">
         <name>__args_main</name>
         <value>0x8a0f9</value>
         <object_component_ref idref="oc-200"/>
      </symbol>
      <symbol id="sm-e14">
         <name>_memset</name>
         <value>0x8a474</value>
         <object_component_ref idref="oc-318"/>
      </symbol>
      <symbol id="sm-e2b">
         <name>_strlen</name>
         <value>0x8a449</value>
         <object_component_ref idref="oc-2e6"/>
      </symbol>
      <symbol id="sm-e39">
         <name>_HOSTwrite</name>
         <value>0x897c5</value>
         <object_component_ref idref="oc-34b"/>
      </symbol>
      <symbol id="sm-e53">
         <name>___TI_readmsg</name>
         <value>0x88b82</value>
         <object_component_ref idref="oc-36b"/>
      </symbol>
      <symbol id="sm-e55">
         <name>C$$IO$$</name>
         <value>0x88b7d</value>
         <object_component_ref idref="oc-36b"/>
      </symbol>
      <symbol id="sm-e56">
         <name>__CIOBUF_</name>
         <value>0x8780</value>
         <object_component_ref idref="oc-1f1"/>
      </symbol>
      <symbol id="sm-e57">
         <name>___TI_writemsg</name>
         <value>0x88b2a</value>
         <object_component_ref idref="oc-36b"/>
      </symbol>
      <symbol id="sm-e64">
         <name>_parmbuf</name>
         <value>0x86c8</value>
         <object_component_ref idref="oc-36a"/>
      </symbol>
   </symbol_table>
   <title>Link successful</title>
</link_info>
