******************************************************************************
             TMS320C2000 Linker PC v20.2.5                     
******************************************************************************
>> Linked Wed Dec  6 18:26:58 2023

OUTPUT FILE NAME:   <Lab2Idle.out>
ENTRY POINT SYMBOL: "_c_int00"  address: 0008a774


MEMORY CONFIGURATION

         name            origin    length      used     unused   attr    fill
----------------------  --------  ---------  --------  --------  ----  --------
PAGE 0:
  D01SARAM              0000b000   00001000  0000002b  00000fd5  RWIX
  BEGIN                 00080000   00000002  00000002  00000000  RWIX
  FLASHA                00080002   00001ffe  00000d57  000012a7  RWIX
  FLASHB                00082000   00002000  00000000  00002000  RWIX
  FLASHC                00084000   00002000  00000000  00002000  RWIX
  FLASHD                00086000   00002000  00000000  00002000  RWIX
  FLASHE                00088000   00008000  00004502  00003afe  RWIX
  FLASHF                00090000   00008000  00000000  00008000  RWIX
  FLASHG                00098000   00008000  00000000  00008000  RWIX
  FLASHH                000a0000   00008000  00000000  00008000  RWIX
  FLASHI                000a8000   00008000  00000000  00008000  RWIX
  FLASHJ                000b0000   00008000  00000000  00008000  RWIX
  FLASHK                000b8000   00002000  00000000  00002000  RWIX
  FLASHL                000ba000   00002000  00000000  00002000  RWIX
  FLASHM                000bc000   00002000  00000000  00002000  RWIX
  FLASHN                000be000   00002000  00000000  00002000  RWIX
  RESET                 003fffc0   00000002  00000000  00000002  RWIX

PAGE 1:
  BOOT_RSVD             00000002   00000120  00000000  00000120  RWIX
  M01SARAM              00000122   000006de  000001d4  0000050a  RWIX
  ADCARESULT            00000b00   00000018  00000018  00000000  RWIX
  ADCBRESULT            00000b20   00000018  00000018  00000000  RWIX
  ADCCRESULT            00000b40   00000018  00000018  00000000  RWIX
  ADCDRESULT            00000b60   00000018  00000018  00000000  RWIX
  CPUTIMER0             00000c00   00000008  00000008  00000000  RWIX
  CPUTIMER1             00000c08   00000008  00000008  00000000  RWIX
  CPUTIMER2             00000c10   00000008  00000008  00000000  RWIX
  PIECTRL               00000ce0   0000001a  0000001a  00000000  RWIX
  PIEVECTTABLE          00000d00   00000200  00000000  00000200  RWIX
  DMA                   00001000   00000200  000000e0  00000120  RWIX
  CLA1                  00001400   00000080  0000003e  00000042  RWIX
  CLB1LOGICCFG          00003000   00000052  0000003e  00000014  RWIX
  CLB1LOGICCTRL         00003100   00000040  00000040  00000000  RWIX
  CLB1DATAEXCH          00003200   00000200  00000108  000000f8  RWIX
  CLB2LOGICCFG          00003400   00000052  0000003e  00000014  RWIX
  CLB2LOGICCTRL         00003500   00000040  00000040  00000000  RWIX
  CLB2DATAEXCH          00003600   00000200  00000108  000000f8  RWIX
  CLB3LOGICCFG          00003800   00000052  0000003e  00000014  RWIX
  CLB3LOGICCTRL         00003900   00000040  00000040  00000000  RWIX
  CLB3DATAEXCH          00003a00   00000200  00000108  000000f8  RWIX
  CLB4LOGICCFG          00003c00   00000052  0000003e  00000014  RWIX
  CLB4LOGICCTRL         00003d00   00000040  00000040  00000000  RWIX
  CLB4DATAEXCH          00003e00   00000200  00000108  000000f8  RWIX
  EPWM1                 00004000   00000100  00000100  00000000  RWIX
  EPWM2                 00004100   00000100  00000100  00000000  RWIX
  EPWM3                 00004200   00000100  00000100  00000000  RWIX
  EPWM4                 00004300   00000100  00000100  00000000  RWIX
  EPWM5                 00004400   00000100  00000100  00000000  RWIX
  EPWM6                 00004500   00000100  00000100  00000000  RWIX
  EPWM7                 00004600   00000100  00000100  00000000  RWIX
  EPWM8                 00004700   00000100  00000100  00000000  RWIX
  EPWM9                 00004800   00000100  00000100  00000000  RWIX
  EPWM10                00004900   00000100  00000100  00000000  RWIX
  EPWM11                00004a00   00000100  00000100  00000000  RWIX
  EPWM12                00004b00   00000100  00000100  00000000  RWIX
  ECAP1                 00005000   00000020  0000001a  00000006  RWIX
  ECAP2                 00005020   00000020  0000001a  00000006  RWIX
  ECAP3                 00005040   00000020  0000001a  00000006  RWIX
  ECAP4                 00005060   00000020  0000001a  00000006  RWIX
  ECAP5                 00005080   00000020  0000001a  00000006  RWIX
  ECAP6                 000050a0   00000020  0000001a  00000006  RWIX
  EQEP1                 00005100   00000022  00000022  00000000  RWIX
  EQEP2                 00005140   00000022  00000022  00000000  RWIX
  EQEP3                 00005180   00000022  00000022  00000000  RWIX
  DACA                  00005c00   00000008  00000007  00000001  RWIX
  DACB                  00005c10   00000008  00000007  00000001  RWIX
  DACC                  00005c20   00000008  00000007  00000001  RWIX
  CMPSS1                00005c80   00000020  0000001b  00000005  RWIX
  CMPSS2                00005ca0   00000020  0000001b  00000005  RWIX
  CMPSS3                00005cc0   00000020  0000001b  00000005  RWIX
  CMPSS4                00005ce0   00000020  0000001b  00000005  RWIX
  CMPSS5                00005d00   00000020  0000001b  00000005  RWIX
  CMPSS6                00005d20   00000020  0000001b  00000005  RWIX
  CMPSS7                00005d40   00000020  0000001b  00000005  RWIX
  CMPSS8                00005d60   00000020  0000001b  00000005  RWIX
  SDFM1                 00005e00   00000080  00000048  00000038  RWIX
  SDFM2                 00005e80   00000080  00000048  00000038  RWIX
  MCBSPA                00006000   00000024  00000024  00000000  RWIX
  MCBSPB                00006040   00000024  00000024  00000000  RWIX
  SPIA                  00006100   00000010  00000010  00000000  RWIX
  SPIB                  00006110   00000010  00000010  00000000  RWIX
  SPIC                  00006120   00000010  00000010  00000000  RWIX
  UPP                   00006200   00000048  00000048  00000000  RWIX
  WD                    00007000   0000002b  0000002b  00000000  RWIX
  NMIINTRUPT            00007060   00000007  00000007  00000000  RWIX
  XINT                  00007070   0000000b  0000000b  00000000  RWIX
  SCIA                  00007200   00000010  00000010  00000000  RWIX
  SCIB                  00007210   00000010  00000010  00000000  RWIX
  SCIC                  00007220   00000010  00000010  00000000  RWIX
  SCID                  00007230   00000010  00000010  00000000  RWIX
  I2CA                  00007300   00000022  00000022  00000000  RWIX
  I2CB                  00007340   00000022  00000022  00000000  RWIX
  ADCA                  00007400   00000080  0000007c  00000004  RWIX
  ADCB                  00007480   00000080  0000007c  00000004  RWIX
  ADCC                  00007500   00000080  0000007c  00000004  RWIX
  ADCD                  00007580   00000080  0000007c  00000004  RWIX
  INPUTXBAR             00007900   00000020  00000020  00000000  RWIX
  XBAR                  00007920   00000020  0000000e  00000012  RWIX
  SYNCSOC               00007940   00000006  00000006  00000000  RWIX
  DMACLASRCSEL          00007980   0000001a  0000001a  00000000  RWIX
  EPWMXBAR              00007a00   00000040  00000040  00000000  RWIX
  CLBXBAR               00007a40   00000040  00000040  00000000  RWIX
  OUTPUTXBAR            00007a80   00000040  00000040  00000000  RWIX
  GPIOCTRL              00007c00   00000180  00000180  00000000  RWIX
  GPIODATA              00007f00   00000030  00000030  00000000  RWIX
  LS05SARAM             00008000   00003000  00001253  00001dad  RWIX
  RAMGS0                0000c000   00001000  00000000  00001000  RWIX
  RAMGS1                0000d000   00001000  00000000  00001000  RWIX
  RAMGS2                0000e000   00001000  00000000  00001000  RWIX
  RAMGS3                0000f000   00001000  00000000  00001000  RWIX
  RAMGS4                00010000   00001000  00000000  00001000  RWIX
  RAMGS5                00011000   00001000  00000000  00001000  RWIX
  RAMGS6                00012000   00001000  00000000  00001000  RWIX
  RAMGS7                00013000   00001000  00000000  00001000  RWIX
  RAMGS8                00014000   00001000  00000000  00001000  RWIX
  RAMGS9                00015000   00001000  00000000  00001000  RWIX
  RAMGS10               00016000   00001000  00000000  00001000  RWIX
  RAMGS11               00017000   00001000  00000000  00001000  RWIX
  RAMGS12               00018000   00001000  00000000  00001000  RWIX
  RAMGS13               00019000   00001000  00000000  00001000  RWIX
  RAMGS14               0001a000   00001000  00000000  00001000  RWIX
  RAMGS15               0001b000   00001000  00000000  00001000  RWIX
  CPU2TOCPU1RAM         0003f800   00000400  00000000  00000400  RWIX
  CPU1TOCPU2RAM         0003fc00   00000400  00000000  00000400  RWIX
  EMIF1                 00047000   00000070  00000028  00000048  RWIX
  EMIF2                 00047800   00000070  00000028  00000048  RWIX
  CANA                  00048000   00000200  00000164  0000009c  RWIX
  CANB                  0004a000   00000200  00000164  0000009c  RWIX
  IPC                   00050000   00000024  00000024  00000000  RWIX
  FLASHPUMPSEMAPHORE    00050024   00000002  00000002  00000000  RWIX
  DEVCFG                0005d000   0000012e  0000012e  00000000  RWIX
  ANALOGSUBSYS          0005d180   00000048  0000003e  0000000a  RWIX
  CLKCFG                0005d200   00000032  00000032  00000000  RWIX
  CPUSYS                0005d300   00000082  00000082  00000000  RWIX
  ROMPREFETCH           0005e608   00000002  00000002  00000000  RWIX
  DCSMZ1                0005f000   00000023  00000022  00000001  RWIX
  DCSMZ2                0005f040   00000023  00000022  00000001  RWIX
  DCSMCOMMON            0005f070   00000008  00000006  00000002  RWIX
  MEMCFG                0005f400   00000080  00000076  0000000a  RWIX
  EMIF1CONFIG           0005f480   00000020  0000000a  00000016  RWIX
  EMIF2CONFIG           0005f4a0   00000020  0000000a  00000016  RWIX
  ACCESSPROTECTION      0005f4c0   00000040  0000002e  00000012  RWIX
  MEMORYERROR           0005f500   00000040  0000003a  00000006  RWIX
  ROMWAITSTATE          0005f540   00000002  00000002  00000000  RWIX
  FLASH0CTRL            0005f800   00000182  00000182  00000000  RWIX
  FLASH0ECC             0005fb00   00000028  00000028  00000000  RWIX


SECTION ALLOCATION MAP

 output                                  attributes/
section   page    origin      length       input sections
--------  ----  ----------  ----------   ----------------
PieVectTableFile 
*          0    00000d00    000001c0     DSECT
                  00000d00    000001c0     F2837xD_GlobalVariableDefs.obj (PieVectTableFile)

EmuKeyVar 
*          0    00000d00    00000000     DSECT

EmuBModeVar 
*          0    00000d00    00000000     DSECT

EmuBootPinsVar 
*          0    00000d00    00000000     DSECT

FlashCallbackVar 
*          0    00000d00    00000000     DSECT

FlashScalingVar 
*          0    00000d00    00000000     DSECT

.ti_catalog_c2800_initF2837x_begin 
*          0    00080000    00000002     
                  00080000    00000002     Boot.a28FP : Boot_asm.o28FP (.ti_catalog_c2800_initF2837x_begin)

.econst    0    0008002e    000006f7     
                  0008002e    000001c0     app_p28FP.o28FP (.econst:_ti_sysbios_family_c28_Hwi_vectors)
                  000801ee    00000101     rts2800_fpu32.lib : ctype.c.obj (.econst:.string:__ctypes_)
                  000802ef    00000001     app_p28FP.o28FP (.econst:ti_sysbios_family_c28_Hwi_Module__id__C)
                  000802f0    0000006b     app_p28FP.o28FP (.econst:.string)
                  0008035b    00000001     app_p28FP.o28FP (.econst:ti_sysbios_family_c28_Hwi_NUM_INTERRUPTS_ALL__C)
                  0008035c    00000058     ti.targets.rts2800.a28FP : Error.o28FP (.econst:.string)
                  000803b4    00000047                              : Log.o28FP (.econst:.string)
                  000803fb    00000001     app_p28FP.o28FP (.econst:ti_sysbios_family_c28_Hwi_Object__count__C)
                  000803fc    00000031     ti.targets.rts2800.a28FP : Text.o28FP (.econst:.string)
                  0008042d    00000001     app_p28FP.o28FP (.econst:ti_sysbios_family_c28_TaskSupport_Module__id__C)
                  0008042e    0000002a     ti.targets.rts2800.a28FP : Startup.o28FP (.econst:.string)
                  00080458    00000026     rts2800_fpu32.lib : _printfi.c.obj (.econst:.string)
                  0008047e    0000001e     app_p28FP.o28FP (.econst:xdc_runtime_LoggerBuf_Module__FXNS__C)
                  0008049c    0000001c     rts2800_fpu32.lib : _printfi.c.obj (.econst)
                  000804b8    0000001c                       : s_scalbn.c.obj (.econst)
                  000804d4    00000019     ti.targets.rts2800.a28FP : System.o28FP (.econst:.string)
                  000804ed    00000001     app_p28FP.o28FP (.econst:ti_sysbios_family_c28_Timer_startupNeeded__C)
                  000804ee    00000016     SoilMonitor_main.obj (.econst:.string)
                  00080504    00000016     app_p28FP.o28FP (.econst)
                  0008051a    00000014     app_p28FP.o28FP (.econst:xdc_runtime_HeapStd_Module__FXNS__C)
                  0008052e    00000014     app_p28FP.o28FP (.econst:xdc_runtime_Startup_sfxnTab__A)
                  00080542    00000012     app_p28FP.o28FP (.econst:ti_sysbios_gates_GateHwi_Module__FXNS__C)
                  00080554    00000012     app_p28FP.o28FP (.econst:ti_sysbios_gates_GateMutex_Module__FXNS__C)
                  00080566    00000012     app_p28FP.o28FP (.econst:xdc_runtime_LoggerBuf_Object__PARAMS__C)
                  00080578    00000010     app_p28FP.o28FP (.econst:ti_sysbios_gates_GateHwi_Object__DESC__C)
                  00080588    00000010     app_p28FP.o28FP (.econst:ti_sysbios_gates_GateMutex_Object__DESC__C)
                  00080598    00000010     app_p28FP.o28FP (.econst:ti_sysbios_knl_Queue_Object__DESC__C)
                  000805a8    00000010     app_p28FP.o28FP (.econst:ti_sysbios_knl_Semaphore_Object__DESC__C)
                  000805b8    00000010     app_p28FP.o28FP (.econst:ti_sysbios_knl_Semaphore_Object__PARAMS__C)
                  000805c8    00000010     app_p28FP.o28FP (.econst:xdc_runtime_HeapStd_Object__DESC__C)
                  000805d8    00000010     app_p28FP.o28FP (.econst:xdc_runtime_LoggerBuf_Object__DESC__C)
                  000805e8    0000000e     app_p28FP.o28FP (.econst:xdc_runtime_HeapStd_Object__PARAMS__C)
                  000805f6    0000000c     app_p28FP.o28FP (.econst:ti_sysbios_gates_GateHwi_Object__PARAMS__C)
                  00080602    0000000c     app_p28FP.o28FP (.econst:ti_sysbios_gates_GateMutex_Object__PARAMS__C)
                  0008060e    0000000c     app_p28FP.o28FP (.econst:ti_sysbios_knl_Queue_Object__PARAMS__C)
                  0008061a    0000000c     app_p28FP.o28FP (.econst:ti_sysbios_knl_Swi_hooks__A)
                  00080626    0000000c     app_p28FP.o28FP (.econst:ti_sysbios_knl_Task_hooks__A)
                  00080632    0000000a     app_p28FP.o28FP (.econst:ti_sysbios_family_c28_Hwi_hooks__A)
                  0008063c    0000000a     app_p28FP.o28FP (.econst:xdc_runtime_Startup_sfxnRts__A)
                  00080646    00000008     rts2800_fpu32.lib : s_frexp.c.obj (.econst)
                  0008064e    00000006     app_p28FP.o28FP (.econst:ti_sysbios_knl_Idle_funcList__A)
                  00080654    00000005     ti.targets.rts2800.a28FP : Assert.o28FP (.econst:.string)
                  00080659    00000001     app_p28FP.o28FP (.econst:ti_sysbios_gates_GateMutex_Module__id__C)
                  0008065a    00000004     app_p28FP.o28FP (.econst:ti_sysbios_family_c28_Hwi_hooks__C)
                  0008065e    00000004     app_p28FP.o28FP (.econst:ti_sysbios_knl_Idle_funcList__C)
                  00080662    00000004     app_p28FP.o28FP (.econst:ti_sysbios_knl_Swi_hooks__C)
                  00080666    00000004     app_p28FP.o28FP (.econst:ti_sysbios_knl_Task_hooks__C)
                  0008066a    00000004     app_p28FP.o28FP (.econst:xdc_runtime_Startup_firstFxns__A)
                  0008066e    00000004     app_p28FP.o28FP (.econst:xdc_runtime_Startup_firstFxns__C)
                  00080672    00000004     app_p28FP.o28FP (.econst:xdc_runtime_Startup_lastFxns__C)
                  00080676    00000002     app_p28FP.o28FP (.econst:ti_sysbios_family_c28_Hwi_A_badIntNum__C)
                  00080678    00000002     app_p28FP.o28FP (.econst:ti_sysbios_family_c28_Hwi_A_invalidArg__C)
                  0008067a    00000002     app_p28FP.o28FP (.econst:ti_sysbios_family_c28_Hwi_E_unpluggedInterrupt__C)
                  0008067c    00000002     app_p28FP.o28FP (.econst:ti_sysbios_family_c28_Hwi_Module__diagsEnabled__C)
                  0008067e    00000002     app_p28FP.o28FP (.econst:ti_sysbios_family_c28_Hwi_Module__diagsIncluded__C)
                  00080680    00000002     app_p28FP.o28FP (.econst:ti_sysbios_family_c28_Hwi_Module__diagsMask__C)
                  00080682    00000002     app_p28FP.o28FP (.econst:ti_sysbios_family_c28_TaskSupport_E_invalidStack__C)
                  00080684    00000002     app_p28FP.o28FP (.econst:ti_sysbios_gates_GateMutex_A_badContext__C)
                  00080686    00000002     app_p28FP.o28FP (.econst:ti_sysbios_gates_GateMutex_Instance_State_sem__O)
                  00080688    00000002     app_p28FP.o28FP (.econst:ti_sysbios_gates_GateMutex_Module__diagsEnabled__C)
                  0008068a    00000002     app_p28FP.o28FP (.econst:ti_sysbios_gates_GateMutex_Module__diagsIncluded__C)
                  0008068c    00000002     app_p28FP.o28FP (.econst:ti_sysbios_gates_GateMutex_Module__diagsMask__C)
                  0008068e    00000002     app_p28FP.o28FP (.econst:ti_sysbios_hal_Hwi_E_stackOverflow__C)
                  00080690    00000002     app_p28FP.o28FP (.econst:ti_sysbios_knl_Clock_Module_State_clockQ__O)
                  00080692    00000002     app_p28FP.o28FP (.econst:ti_sysbios_knl_Semaphore_A_badContext__C)
                  00080694    00000002     app_p28FP.o28FP (.econst:ti_sysbios_knl_Semaphore_A_noEvents__C)
                  00080696    00000002     app_p28FP.o28FP (.econst:ti_sysbios_knl_Semaphore_A_overflow__C)
                  00080698    00000002     app_p28FP.o28FP (.econst:ti_sysbios_knl_Semaphore_A_pendTaskDisabled__C)
                  0008069a    00000002     app_p28FP.o28FP (.econst:ti_sysbios_knl_Semaphore_Instance_State_pendQ__O)
                  0008069c    00000002     app_p28FP.o28FP (.econst:ti_sysbios_knl_Semaphore_Module__diagsEnabled__C)
                  0008069e    00000002     app_p28FP.o28FP (.econst:ti_sysbios_knl_Semaphore_Module__diagsIncluded__C)
                  000806a0    00000002     app_p28FP.o28FP (.econst:ti_sysbios_knl_Semaphore_Module__diagsMask__C)
                  000806a2    00000002     app_p28FP.o28FP (.econst:ti_sysbios_knl_Task_A_badContextId__C)
                  000806a4    00000002     app_p28FP.o28FP (.econst:ti_sysbios_knl_Task_A_badTimeout__C)
                  000806a6    00000002     app_p28FP.o28FP (.econst:ti_sysbios_knl_Task_A_sleepTaskDisabled__C)
                  000806a8    00000002     app_p28FP.o28FP (.econst:ti_sysbios_knl_Task_E_spOutOfBounds__C)
                  000806aa    00000002     app_p28FP.o28FP (.econst:ti_sysbios_knl_Task_E_stackOverflow__C)
                  000806ac    00000002     app_p28FP.o28FP (.econst:ti_sysbios_knl_Task_Module_State_inactiveQ__O)
                  000806ae    00000002     app_p28FP.o28FP (.econst:ti_sysbios_knl_Task_Module__diagsEnabled__C)
                  000806b0    00000002     app_p28FP.o28FP (.econst:ti_sysbios_knl_Task_Module__diagsIncluded__C)
                  000806b2    00000002     app_p28FP.o28FP (.econst:ti_sysbios_knl_Task_Module__diagsMask__C)
                  000806b4    00000002     app_p28FP.o28FP (.econst:ti_sysbios_knl_Task_Object__heap__C)
                  000806b6    00000002     app_p28FP.o28FP (.econst:ti_sysbios_knl_Task_allBlockedFunc__C)
                  000806b8    00000002     app_p28FP.o28FP (.econst:ti_sysbios_utils_Load_Module_State_taskList__O)
                  000806ba    00000002     app_p28FP.o28FP (.econst:ti_sysbios_utils_Load_Module__diagsEnabled__C)
                  000806bc    00000002     app_p28FP.o28FP (.econst:ti_sysbios_utils_Load_Module__diagsIncluded__C)
                  000806be    00000002     app_p28FP.o28FP (.econst:ti_sysbios_utils_Load_Module__diagsMask__C)
                  000806c0    00000002     app_p28FP.o28FP (.econst:ti_sysbios_utils_Load_postUpdate__C)
                  000806c2    00000002     app_p28FP.o28FP (.econst:xdc_runtime_Assert_E_assertFailed__C)
                  000806c4    00000002     app_p28FP.o28FP (.econst:xdc_runtime_Core_A_initializedParams__C)
                  000806c6    00000002     app_p28FP.o28FP (.econst:xdc_runtime_Core_Module__diagsEnabled__C)
                  000806c8    00000002     app_p28FP.o28FP (.econst:xdc_runtime_Core_Module__diagsIncluded__C)
                  000806ca    00000002     app_p28FP.o28FP (.econst:xdc_runtime_Core_Module__diagsMask__C)
                  000806cc    00000002     app_p28FP.o28FP (.econst:xdc_runtime_Error_E_memory__C)
                  000806ce    00000002     app_p28FP.o28FP (.econst:xdc_runtime_Error_policyFxn__C)
                  000806d0    00000002     app_p28FP.o28FP (.econst:xdc_runtime_Error_raiseHook__C)
                  000806d2    00000002     app_p28FP.o28FP (.econst:xdc_runtime_HeapStd_A_align__C)
                  000806d4    00000002     app_p28FP.o28FP (.econst:xdc_runtime_HeapStd_A_invalidTotalFreeSize__C)
                  000806d6    00000002     app_p28FP.o28FP (.econst:xdc_runtime_HeapStd_A_zeroSize__C)
                  000806d8    00000002     app_p28FP.o28FP (.econst:xdc_runtime_HeapStd_E_noRTSMemory__C)
                  000806da    00000002     app_p28FP.o28FP (.econst:xdc_runtime_HeapStd_Module__diagsEnabled__C)
                  000806dc    00000002     app_p28FP.o28FP (.econst:xdc_runtime_HeapStd_Module__diagsIncluded__C)
                  000806de    00000002     app_p28FP.o28FP (.econst:xdc_runtime_HeapStd_Module__diagsMask__C)
                  000806e0    00000002     app_p28FP.o28FP (.econst:xdc_runtime_IFilterLogger_Interface__BASE__C)
                  000806e2    00000002     app_p28FP.o28FP (.econst:xdc_runtime_IGateProvider_Interface__BASE__C)
                  000806e4    00000002     app_p28FP.o28FP (.econst:xdc_runtime_IHeap_Interface__BASE__C)
                  000806e6    00000002     app_p28FP.o28FP (.econst:xdc_runtime_ILogger_Interface__BASE__C)
                  000806e8    00000002     app_p28FP.o28FP (.econst:xdc_runtime_IModule_Interface__BASE__C)
                  000806ea    00000002     app_p28FP.o28FP (.econst:xdc_runtime_LoggerBuf_E_badLevel__C)
                  000806ec    00000002     app_p28FP.o28FP (.econst:xdc_runtime_LoggerBuf_Module__gateObj__C)
                  000806ee    00000002     app_p28FP.o28FP (.econst:xdc_runtime_LoggerBuf_statusLogger__C)
                  000806f0    00000002     app_p28FP.o28FP (.econst:xdc_runtime_Memory_defaultHeapInstance__C)
                  000806f2    00000002     app_p28FP.o28FP (.econst:xdc_runtime_Startup_execImpl__C)
                  000806f4    00000002     app_p28FP.o28FP (.econst:xdc_runtime_Startup_sfxnRts__C)
                  000806f6    00000002     app_p28FP.o28FP (.econst:xdc_runtime_Startup_sfxnTab__C)
                  000806f8    00000002     app_p28FP.o28FP (.econst:xdc_runtime_SysMin_bufSize__C)
                  000806fa    00000002     app_p28FP.o28FP (.econst:xdc_runtime_SysMin_outputFunc__C)
                  000806fc    00000002     app_p28FP.o28FP (.econst:xdc_runtime_System_Module__gateObj__C)
                  000806fe    00000002     app_p28FP.o28FP (.econst:xdc_runtime_System_abortFxn__C)
                  00080700    00000002     app_p28FP.o28FP (.econst:xdc_runtime_System_exitFxn__C)
                  00080702    00000002     app_p28FP.o28FP (.econst:xdc_runtime_System_extendFxn__C)
                  00080704    00000002     app_p28FP.o28FP (.econst:xdc_runtime_Text_charTab__C)
                  00080706    00000002     app_p28FP.o28FP (.econst:xdc_runtime_Text_nodeTab__A)
                  00080708    00000002     app_p28FP.o28FP (.econst:xdc_runtime_Text_visitRopeFxn__C)
                  0008070a    00000001     app_p28FP.o28FP (.econst:ti_sysbios_hal_Hwi_Module__id__C)
                  0008070b    00000001     app_p28FP.o28FP (.econst:ti_sysbios_knl_Semaphore_Module__id__C)
                  0008070c    00000001     app_p28FP.o28FP (.econst:ti_sysbios_knl_Swi_Object__count__C)
                  0008070d    00000001     app_p28FP.o28FP (.econst:ti_sysbios_knl_Swi_numConstructedSwis__C)
                  0008070e    00000001     app_p28FP.o28FP (.econst:ti_sysbios_knl_Task_Module__id__C)
                  0008070f    00000001     app_p28FP.o28FP (.econst:ti_sysbios_knl_Task_Object__count__C)
                  00080710    00000001     app_p28FP.o28FP (.econst:ti_sysbios_knl_Task_numConstructedTasks__C)
                  00080711    00000001     app_p28FP.o28FP (.econst:ti_sysbios_utils_Load_Module__id__C)
                  00080712    00000001     app_p28FP.o28FP (.econst:ti_sysbios_utils_Load_autoAddTasks__C)
                  00080713    00000001     app_p28FP.o28FP (.econst:ti_sysbios_utils_Load_updateInIdle__C)
                  00080714    00000001     app_p28FP.o28FP (.econst:ti_sysbios_utils_Load_windowInMs__C)
                  00080715    00000001     app_p28FP.o28FP (.econst:xdc_runtime_Core_Module__id__C)
                  00080716    00000001     app_p28FP.o28FP (.econst:xdc_runtime_Error_Module__loggerDefined__C)
                  00080717    00000001     app_p28FP.o28FP (.econst:xdc_runtime_Error_maxDepth__C)
                  00080718    00000001     app_p28FP.o28FP (.econst:xdc_runtime_Error_policy__C)
                  00080719    00000001     app_p28FP.o28FP (.econst:xdc_runtime_HeapStd_Module__id__C)
                  0008071a    00000001     app_p28FP.o28FP (.econst:xdc_runtime_LoggerBuf_Module__id__C)
                  0008071b    00000001     app_p28FP.o28FP (.econst:xdc_runtime_LoggerBuf_Object__count__C)
                  0008071c    00000001     app_p28FP.o28FP (.econst:xdc_runtime_LoggerBuf_filterByLevel__C)
                  0008071d    00000001     app_p28FP.o28FP (.econst:xdc_runtime_Memory_Module__id__C)
                  0008071e    00000001     app_p28FP.o28FP (.econst:xdc_runtime_Startup_maxPasses__C)
                  0008071f    00000001     app_p28FP.o28FP (.econst:xdc_runtime_SysMin_flushAtExit__C)
                  00080720    00000001     app_p28FP.o28FP (.econst:xdc_runtime_System_maxAtexitHandlers__C)
                  00080721    00000001     app_p28FP.o28FP (.econst:xdc_runtime_Text_charTab__A)
                  00080722    00000001     app_p28FP.o28FP (.econst:xdc_runtime_Text_isLoaded__C)
                  00080723    00000001     app_p28FP.o28FP (.econst:xdc_runtime_Text_registryModsLastId__C)
                  00080724    00000001     app_p28FP.o28FP (.econst:xdc_runtime_Text_unnamedModsLastId__C)

.cinit     0    00080725    0000060f     
                  00080725    000001c3     app_p28FP.o28FP (.cinit:_ti_sysbios_family_c28_Hwi_Module_State_0_dispatchTable__A)
                  000808e8    00000174     app_p28FP.o28FP (.cinit)
                  00080a5c    000000ab     app_p28FP.o28FP (.cinit:_ti_sysbios_knl_Task_Object__table__V)
                  00080b07    0000004b     app_p28FP.o28FP (.cinit:_ti_sysbios_family_c28_Timer_Object__table__V)
                  00080b52    00000043     app_p28FP.o28FP (.cinit:_ti_sysbios_family_c28_Hwi_Object__table__V)
                  00080b95    00000043     app_p28FP.o28FP (.cinit:_ti_sysbios_knl_Swi_Module_State_0_readyQ__A)
                  00080bd8    00000043     app_p28FP.o28FP (.cinit:_ti_sysbios_knl_Task_Module_State_0_readyQ__A)
                  00080c1b    0000003b     app_p28FP.o28FP (.cinit:_ti_sysbios_utils_Load_Module_State_0_taskEnv__A)
                  00080c56    0000002b     app_p28FP.o28FP (.cinit:_ti_sysbios_knl_Swi_Object__table__V)
                  00080c81    00000021     SoilMonitor_main.obj (.cinit)
                  00080ca2    00000021     app_p28FP.o28FP (.cinit:_ti_sysbios_knl_Semaphore_Object__table__V)
                  00080cc3    00000015     app_p28FP.o28FP (.cinit:_xdc_runtime_LoggerBuf_Object__table__V)
                  00080cd8    00000011     app_p28FP.o28FP (.cinit:_ti_sysbios_gates_GateMutex_Object__table__V)
                  00080ce9    0000000e     rts2800_fpu32.lib : exit.c.obj (.cinit)
                  00080cf7    0000000b     app_p28FP.o28FP (.cinit:_xdc_runtime_System_Module_State_0_atexitHandlers__A)
                  00080d02    00000009     app_p28FP.o28FP (.cinit:_xdc_runtime_HeapStd_Object__table__V)
                  00080d0b    00000005     rts2800_fpu32.lib : _lock.c.obj (.cinit:__lock)
                  00080d10    00000005                       : _lock.c.obj (.cinit:__unlock)
                  00080d15    00000005     SoilMonitor_main.obj (.cinit:_temperature_buffer)
                  00080d1a    00000005     app_p28FP.o28FP (.cinit:_ti_sysbios_gates_GateHwi_Object__table__V)
                  00080d1f    00000005     app_p28FP.o28FP (.cinit:_ti_sysbios_knl_Task_Module_State_0_idleTask__A)
                  00080d24    00000005     app_p28FP.o28FP (.cinit:_ti_sysbios_utils_Load_Module_State_0_runningTask__A)
                  00080d29    00000005     app_p28FP.o28FP (.cinit:_ti_sysbios_utils_Load_Module_State_0_taskStartTime__A)
                  00080d2e    00000004     rts2800_fpu32.lib : errno.c.obj (.cinit)
                  00080d32    00000002     --HOLE-- [fill = 0]

.switch    0    00080d34    0000001c     
                  00080d34    0000001c     sysbios.a28FP : BIOS.obj (.switch:_ti_sysbios_family_c28_Hwi_clearInterrupt__E)

.binit     0    00080d50    0000000a     
                  00080d50    0000000a     (.binit)

AdcaResultRegsFile 
*          1    00000b00    00000018     UNINITIALIZED
                  00000b00    00000018     F2837xD_GlobalVariableDefs.obj (AdcaResultRegsFile)

AdcbResultRegsFile 
*          1    00000b20    00000018     UNINITIALIZED
                  00000b20    00000018     F2837xD_GlobalVariableDefs.obj (AdcbResultRegsFile)

AdccResultRegsFile 
*          1    00000b40    00000018     UNINITIALIZED
                  00000b40    00000018     F2837xD_GlobalVariableDefs.obj (AdccResultRegsFile)

AdcdResultRegsFile 
*          1    00000b60    00000018     UNINITIALIZED
                  00000b60    00000018     F2837xD_GlobalVariableDefs.obj (AdcdResultRegsFile)

CpuTimer0RegsFile 
*          1    00000c00    00000008     UNINITIALIZED
                  00000c00    00000008     F2837xD_GlobalVariableDefs.obj (CpuTimer0RegsFile)

CpuTimer1RegsFile 
*          1    00000c08    00000008     UNINITIALIZED
                  00000c08    00000008     F2837xD_GlobalVariableDefs.obj (CpuTimer1RegsFile)

CpuTimer2RegsFile 
*          1    00000c10    00000008     UNINITIALIZED
                  00000c10    00000008     F2837xD_GlobalVariableDefs.obj (CpuTimer2RegsFile)

PieCtrlRegsFile 
*          1    00000ce0    0000001a     UNINITIALIZED
                  00000ce0    0000001a     F2837xD_GlobalVariableDefs.obj (PieCtrlRegsFile)

DmaRegsFile 
*          1    00001000    000000e0     UNINITIALIZED
                  00001000    000000e0     F2837xD_GlobalVariableDefs.obj (DmaRegsFile)

Cla1RegsFile 
*          1    00001400    0000003e     UNINITIALIZED
                  00001400    0000003e     F2837xD_GlobalVariableDefs.obj (Cla1RegsFile)

Clb1LogicCfgRegsFile 
*          1    00003000    0000003e     UNINITIALIZED
                  00003000    0000003e     F2837xD_GlobalVariableDefs.obj (Clb1LogicCfgRegsFile)

Clb1LogicCtrlRegsFile 
*          1    00003100    00000040     UNINITIALIZED
                  00003100    00000040     F2837xD_GlobalVariableDefs.obj (Clb1LogicCtrlRegsFile)

Clb1DataExchRegsFile 
*          1    00003200    00000108     UNINITIALIZED
                  00003200    00000108     F2837xD_GlobalVariableDefs.obj (Clb1DataExchRegsFile)

Clb2LogicCfgRegsFile 
*          1    00003400    0000003e     UNINITIALIZED
                  00003400    0000003e     F2837xD_GlobalVariableDefs.obj (Clb2LogicCfgRegsFile)

Clb2LogicCtrlRegsFile 
*          1    00003500    00000040     UNINITIALIZED
                  00003500    00000040     F2837xD_GlobalVariableDefs.obj (Clb2LogicCtrlRegsFile)

Clb2DataExchRegsFile 
*          1    00003600    00000108     UNINITIALIZED
                  00003600    00000108     F2837xD_GlobalVariableDefs.obj (Clb2DataExchRegsFile)

Clb3LogicCfgRegsFile 
*          1    00003800    0000003e     UNINITIALIZED
                  00003800    0000003e     F2837xD_GlobalVariableDefs.obj (Clb3LogicCfgRegsFile)

Clb3LogicCtrlRegsFile 
*          1    00003900    00000040     UNINITIALIZED
                  00003900    00000040     F2837xD_GlobalVariableDefs.obj (Clb3LogicCtrlRegsFile)

Clb3DataExchRegsFile 
*          1    00003a00    00000108     UNINITIALIZED
                  00003a00    00000108     F2837xD_GlobalVariableDefs.obj (Clb3DataExchRegsFile)

Clb4LogicCfgRegsFile 
*          1    00003c00    0000003e     UNINITIALIZED
                  00003c00    0000003e     F2837xD_GlobalVariableDefs.obj (Clb4LogicCfgRegsFile)

Clb4LogicCtrlRegsFile 
*          1    00003d00    00000040     UNINITIALIZED
                  00003d00    00000040     F2837xD_GlobalVariableDefs.obj (Clb4LogicCtrlRegsFile)

Clb4DataExchRegsFile 
*          1    00003e00    00000108     UNINITIALIZED
                  00003e00    00000108     F2837xD_GlobalVariableDefs.obj (Clb4DataExchRegsFile)

EPwm1RegsFile 
*          1    00004000    00000100     UNINITIALIZED
                  00004000    00000100     F2837xD_GlobalVariableDefs.obj (EPwm1RegsFile)

EPwm2RegsFile 
*          1    00004100    00000100     UNINITIALIZED
                  00004100    00000100     F2837xD_GlobalVariableDefs.obj (EPwm2RegsFile)

EPwm3RegsFile 
*          1    00004200    00000100     UNINITIALIZED
                  00004200    00000100     F2837xD_GlobalVariableDefs.obj (EPwm3RegsFile)

EPwm4RegsFile 
*          1    00004300    00000100     UNINITIALIZED
                  00004300    00000100     F2837xD_GlobalVariableDefs.obj (EPwm4RegsFile)

EPwm5RegsFile 
*          1    00004400    00000100     UNINITIALIZED
                  00004400    00000100     F2837xD_GlobalVariableDefs.obj (EPwm5RegsFile)

EPwm6RegsFile 
*          1    00004500    00000100     UNINITIALIZED
                  00004500    00000100     F2837xD_GlobalVariableDefs.obj (EPwm6RegsFile)

EPwm7RegsFile 
*          1    00004600    00000100     UNINITIALIZED
                  00004600    00000100     F2837xD_GlobalVariableDefs.obj (EPwm7RegsFile)

EPwm8RegsFile 
*          1    00004700    00000100     UNINITIALIZED
                  00004700    00000100     F2837xD_GlobalVariableDefs.obj (EPwm8RegsFile)

EPwm9RegsFile 
*          1    00004800    00000100     UNINITIALIZED
                  00004800    00000100     F2837xD_GlobalVariableDefs.obj (EPwm9RegsFile)

EPwm10RegsFile 
*          1    00004900    00000100     UNINITIALIZED
                  00004900    00000100     F2837xD_GlobalVariableDefs.obj (EPwm10RegsFile)

EPwm11RegsFile 
*          1    00004a00    00000100     UNINITIALIZED
                  00004a00    00000100     F2837xD_GlobalVariableDefs.obj (EPwm11RegsFile)

EPwm12RegsFile 
*          1    00004b00    00000100     UNINITIALIZED
                  00004b00    00000100     F2837xD_GlobalVariableDefs.obj (EPwm12RegsFile)

ECap1RegsFile 
*          1    00005000    0000001a     UNINITIALIZED
                  00005000    0000001a     F2837xD_GlobalVariableDefs.obj (ECap1RegsFile)

ECap2RegsFile 
*          1    00005020    0000001a     UNINITIALIZED
                  00005020    0000001a     F2837xD_GlobalVariableDefs.obj (ECap2RegsFile)

ECap3RegsFile 
*          1    00005040    0000001a     UNINITIALIZED
                  00005040    0000001a     F2837xD_GlobalVariableDefs.obj (ECap3RegsFile)

ECap4RegsFile 
*          1    00005060    0000001a     UNINITIALIZED
                  00005060    0000001a     F2837xD_GlobalVariableDefs.obj (ECap4RegsFile)

ECap5RegsFile 
*          1    00005080    0000001a     UNINITIALIZED
                  00005080    0000001a     F2837xD_GlobalVariableDefs.obj (ECap5RegsFile)

ECap6RegsFile 
*          1    000050a0    0000001a     UNINITIALIZED
                  000050a0    0000001a     F2837xD_GlobalVariableDefs.obj (ECap6RegsFile)

EQep1RegsFile 
*          1    00005100    00000022     UNINITIALIZED
                  00005100    00000022     F2837xD_GlobalVariableDefs.obj (EQep1RegsFile)

EQep2RegsFile 
*          1    00005140    00000022     UNINITIALIZED
                  00005140    00000022     F2837xD_GlobalVariableDefs.obj (EQep2RegsFile)

EQep3RegsFile 
*          1    00005180    00000022     UNINITIALIZED
                  00005180    00000022     F2837xD_GlobalVariableDefs.obj (EQep3RegsFile)

DacaRegsFile 
*          1    00005c00    00000007     UNINITIALIZED
                  00005c00    00000007     F2837xD_GlobalVariableDefs.obj (DacaRegsFile)

DacbRegsFile 
*          1    00005c10    00000007     UNINITIALIZED
                  00005c10    00000007     F2837xD_GlobalVariableDefs.obj (DacbRegsFile)

DaccRegsFile 
*          1    00005c20    00000007     UNINITIALIZED
                  00005c20    00000007     F2837xD_GlobalVariableDefs.obj (DaccRegsFile)

Cmpss1RegsFile 
*          1    00005c80    0000001b     UNINITIALIZED
                  00005c80    0000001b     F2837xD_GlobalVariableDefs.obj (Cmpss1RegsFile)

Cmpss2RegsFile 
*          1    00005ca0    0000001b     UNINITIALIZED
                  00005ca0    0000001b     F2837xD_GlobalVariableDefs.obj (Cmpss2RegsFile)

Cmpss3RegsFile 
*          1    00005cc0    0000001b     UNINITIALIZED
                  00005cc0    0000001b     F2837xD_GlobalVariableDefs.obj (Cmpss3RegsFile)

Cmpss4RegsFile 
*          1    00005ce0    0000001b     UNINITIALIZED
                  00005ce0    0000001b     F2837xD_GlobalVariableDefs.obj (Cmpss4RegsFile)

Cmpss5RegsFile 
*          1    00005d00    0000001b     UNINITIALIZED
                  00005d00    0000001b     F2837xD_GlobalVariableDefs.obj (Cmpss5RegsFile)

Cmpss6RegsFile 
*          1    00005d20    0000001b     UNINITIALIZED
                  00005d20    0000001b     F2837xD_GlobalVariableDefs.obj (Cmpss6RegsFile)

Cmpss7RegsFile 
*          1    00005d40    0000001b     UNINITIALIZED
                  00005d40    0000001b     F2837xD_GlobalVariableDefs.obj (Cmpss7RegsFile)

Cmpss8RegsFile 
*          1    00005d60    0000001b     UNINITIALIZED
                  00005d60    0000001b     F2837xD_GlobalVariableDefs.obj (Cmpss8RegsFile)

Sdfm1RegsFile 
*          1    00005e00    00000048     UNINITIALIZED
                  00005e00    00000048     F2837xD_GlobalVariableDefs.obj (Sdfm1RegsFile)

Sdfm2RegsFile 
*          1    00005e80    00000048     UNINITIALIZED
                  00005e80    00000048     F2837xD_GlobalVariableDefs.obj (Sdfm2RegsFile)

McbspaRegsFile 
*          1    00006000    00000024     UNINITIALIZED
                  00006000    00000024     F2837xD_GlobalVariableDefs.obj (McbspaRegsFile)

McbspbRegsFile 
*          1    00006040    00000024     UNINITIALIZED
                  00006040    00000024     F2837xD_GlobalVariableDefs.obj (McbspbRegsFile)

SpiaRegsFile 
*          1    00006100    00000010     UNINITIALIZED
                  00006100    00000010     F2837xD_GlobalVariableDefs.obj (SpiaRegsFile)

SpibRegsFile 
*          1    00006110    00000010     UNINITIALIZED
                  00006110    00000010     F2837xD_GlobalVariableDefs.obj (SpibRegsFile)

SpicRegsFile 
*          1    00006120    00000010     UNINITIALIZED
                  00006120    00000010     F2837xD_GlobalVariableDefs.obj (SpicRegsFile)

UppRegsFile 
*          1    00006200    00000048     UNINITIALIZED
                  00006200    00000048     F2837xD_GlobalVariableDefs.obj (UppRegsFile)

WdRegsFile 
*          1    00007000    0000002b     UNINITIALIZED
                  00007000    0000002b     F2837xD_GlobalVariableDefs.obj (WdRegsFile)

NmiIntruptRegsFile 
*          1    00007060    00000007     UNINITIALIZED
                  00007060    00000007     F2837xD_GlobalVariableDefs.obj (NmiIntruptRegsFile)

XintRegsFile 
*          1    00007070    0000000b     UNINITIALIZED
                  00007070    0000000b     F2837xD_GlobalVariableDefs.obj (XintRegsFile)

SciaRegsFile 
*          1    00007200    00000010     UNINITIALIZED
                  00007200    00000010     F2837xD_GlobalVariableDefs.obj (SciaRegsFile)

ScibRegsFile 
*          1    00007210    00000010     UNINITIALIZED
                  00007210    00000010     F2837xD_GlobalVariableDefs.obj (ScibRegsFile)

ScicRegsFile 
*          1    00007220    00000010     UNINITIALIZED
                  00007220    00000010     F2837xD_GlobalVariableDefs.obj (ScicRegsFile)

ScidRegsFile 
*          1    00007230    00000010     UNINITIALIZED
                  00007230    00000010     F2837xD_GlobalVariableDefs.obj (ScidRegsFile)

I2caRegsFile 
*          1    00007300    00000022     UNINITIALIZED
                  00007300    00000022     F2837xD_GlobalVariableDefs.obj (I2caRegsFile)

I2cbRegsFile 
*          1    00007340    00000022     UNINITIALIZED
                  00007340    00000022     F2837xD_GlobalVariableDefs.obj (I2cbRegsFile)

AdcaRegsFile 
*          1    00007400    0000007c     UNINITIALIZED
                  00007400    0000007c     F2837xD_GlobalVariableDefs.obj (AdcaRegsFile)

AdcbRegsFile 
*          1    00007480    0000007c     UNINITIALIZED
                  00007480    0000007c     F2837xD_GlobalVariableDefs.obj (AdcbRegsFile)

AdccRegsFile 
*          1    00007500    0000007c     UNINITIALIZED
                  00007500    0000007c     F2837xD_GlobalVariableDefs.obj (AdccRegsFile)

AdcdRegsFile 
*          1    00007580    0000007c     UNINITIALIZED
                  00007580    0000007c     F2837xD_GlobalVariableDefs.obj (AdcdRegsFile)

InputXbarRegsFile 
*          1    00007900    00000020     UNINITIALIZED
                  00007900    00000020     F2837xD_GlobalVariableDefs.obj (InputXbarRegsFile)

XbarRegsFile 
*          1    00007920    0000000e     UNINITIALIZED
                  00007920    0000000e     F2837xD_GlobalVariableDefs.obj (XbarRegsFile)

SyncSocRegsFile 
*          1    00007940    00000006     UNINITIALIZED
                  00007940    00000006     F2837xD_GlobalVariableDefs.obj (SyncSocRegsFile)

DmaClaSrcSelRegsFile 
*          1    00007980    0000001a     UNINITIALIZED
                  00007980    0000001a     F2837xD_GlobalVariableDefs.obj (DmaClaSrcSelRegsFile)

EPwmXbarRegsFile 
*          1    00007a00    00000040     UNINITIALIZED
                  00007a00    00000040     F2837xD_GlobalVariableDefs.obj (EPwmXbarRegsFile)

ClbXbarRegsFile 
*          1    00007a40    00000040     UNINITIALIZED
                  00007a40    00000040     F2837xD_GlobalVariableDefs.obj (ClbXbarRegsFile)

OutputXbarRegsFile 
*          1    00007a80    00000040     UNINITIALIZED
                  00007a80    00000040     F2837xD_GlobalVariableDefs.obj (OutputXbarRegsFile)

GpioCtrlRegsFile 
*          1    00007c00    00000180     UNINITIALIZED
                  00007c00    00000180     F2837xD_GlobalVariableDefs.obj (GpioCtrlRegsFile)

GpioDataRegsFile 
*          1    00007f00    00000030     UNINITIALIZED
                  00007f00    00000030     F2837xD_GlobalVariableDefs.obj (GpioDataRegsFile)

Emif1RegsFile 
*          1    00047000    00000028     UNINITIALIZED
                  00047000    00000028     F2837xD_GlobalVariableDefs.obj (Emif1RegsFile)

Emif2RegsFile 
*          1    00047800    00000028     UNINITIALIZED
                  00047800    00000028     F2837xD_GlobalVariableDefs.obj (Emif2RegsFile)

CanaRegsFile 
*          1    00048000    00000164     UNINITIALIZED
                  00048000    00000164     F2837xD_GlobalVariableDefs.obj (CanaRegsFile)

CanbRegsFile 
*          1    0004a000    00000164     UNINITIALIZED
                  0004a000    00000164     F2837xD_GlobalVariableDefs.obj (CanbRegsFile)

IpcRegsFile 
*          1    00050000    00000024     UNINITIALIZED
                  00050000    00000024     F2837xD_GlobalVariableDefs.obj (IpcRegsFile)

FlashPumpSemaphoreRegsFile 
*          1    00050024    00000002     UNINITIALIZED
                  00050024    00000002     F2837xD_GlobalVariableDefs.obj (FlashPumpSemaphoreRegsFile)

DevCfgRegsFile 
*          1    0005d000    0000012e     UNINITIALIZED
                  0005d000    0000012e     F2837xD_GlobalVariableDefs.obj (DevCfgRegsFile)

AnalogSubsysRegsFile 
*          1    0005d180    0000003e     UNINITIALIZED
                  0005d180    0000003e     F2837xD_GlobalVariableDefs.obj (AnalogSubsysRegsFile)

ClkCfgRegsFile 
*          1    0005d200    00000032     UNINITIALIZED
                  0005d200    00000032     F2837xD_GlobalVariableDefs.obj (ClkCfgRegsFile)

CpuSysRegsFile 
*          1    0005d300    00000082     UNINITIALIZED
                  0005d300    00000082     F2837xD_GlobalVariableDefs.obj (CpuSysRegsFile)

DcsmZ1RegsFile 
*          1    0005f000    00000022     UNINITIALIZED
                  0005f000    00000022     F2837xD_GlobalVariableDefs.obj (DcsmZ1RegsFile)

DcsmZ2RegsFile 
*          1    0005f040    00000022     UNINITIALIZED
                  0005f040    00000022     F2837xD_GlobalVariableDefs.obj (DcsmZ2RegsFile)

DcsmCommonRegsFile 
*          1    0005f070    00000006     UNINITIALIZED
                  0005f070    00000006     F2837xD_GlobalVariableDefs.obj (DcsmCommonRegsFile)

MemCfgRegsFile 
*          1    0005f400    00000076     UNINITIALIZED
                  0005f400    00000076     F2837xD_GlobalVariableDefs.obj (MemCfgRegsFile)

Emif1ConfigRegsFile 
*          1    0005f480    0000000a     UNINITIALIZED
                  0005f480    0000000a     F2837xD_GlobalVariableDefs.obj (Emif1ConfigRegsFile)

Emif2ConfigRegsFile 
*          1    0005f4a0    0000000a     UNINITIALIZED
                  0005f4a0    0000000a     F2837xD_GlobalVariableDefs.obj (Emif2ConfigRegsFile)

AccessProtectionRegsFile 
*          1    0005f4c0    0000002e     UNINITIALIZED
                  0005f4c0    0000002e     F2837xD_GlobalVariableDefs.obj (AccessProtectionRegsFile)

MemoryErrorRegsFile 
*          1    0005f500    0000003a     UNINITIALIZED
                  0005f500    0000003a     F2837xD_GlobalVariableDefs.obj (MemoryErrorRegsFile)

Flash0CtrlRegsFile 
*          1    0005f800    00000182     UNINITIALIZED
                  0005f800    00000182     F2837xD_GlobalVariableDefs.obj (Flash0CtrlRegsFile)

Flash0EccRegsFile 
*          1    0005fb00    00000028     UNINITIALIZED
                  0005fb00    00000028     F2837xD_GlobalVariableDefs.obj (Flash0EccRegsFile)

RomPrefetchRegsFile 
*          1    0005e608    00000002     UNINITIALIZED
                  0005e608    00000002     F2837xD_GlobalVariableDefs.obj (RomPrefetchRegsFile)

RomWaitStateRegsFile 
*          1    0005f540    00000002     UNINITIALIZED
                  0005f540    00000002     F2837xD_GlobalVariableDefs.obj (RomWaitStateRegsFile)

.pinit     0    00080002    00000000     UNINITIALIZED

.text      0    00088000    00004502     
                  00088000    00000ce4     rts2800_fpu32.lib : _printfi.c.obj (.text)
                  00088ce4    0000023b     ti.targets.rts2800.a28FP : System.o28FP (.text:_xdc_runtime_System_doPrint__I)
                  00088f1f    000001b2     sysbios.a28FP : BIOS.obj (.text:_ti_sysbios_knl_Semaphore_pend__E)
                  000890d1    00000107     rts2800_fpu32.lib : ll_div28.asm.obj (.text)
                  000891d8    00000101     sysbios.a28FP : BIOS.obj (.text:_ti_sysbios_knl_Task_sleep__E)
                  000892d9    000000ee     ti.targets.rts2800.a28FP : HeapStd.o28FP (.text:_xdc_runtime_HeapStd_alloc__E)
                  000893c7    000000ed     sysbios.a28FP : BIOS.obj (.text:_ti_sysbios_family_c28_Hwi_clearInterrupt__E)
                  000894b4    000000e3     SoilMonitor_main.obj (.text:_myTskFxn)
                  00089597    000000d5     sysbios.a28FP : BIOS.obj (.text:_ti_sysbios_knl_Semaphore_Instance_init__E)
                  0008966c    000000c2     app_p28FP.o28FP (.text:_xdc_runtime_System_printfExtend__I)
                  0008972e    000000c0     ti.targets.rts2800.a28FP : LoggerBuf.o28FP (.text:_xdc_runtime_LoggerBuf_write8__E)
                  000897ee    000000ae     rts2800_fpu32.lib : s_scalbn.c.obj (.text)
                  0008989c    000000a8     sysbios.a28FP : BIOS.obj (.text:_ti_sysbios_utils_Load_updateThreadContexts__E)
                  00089944    000000a0     ti.targets.rts2800.a28FP : Core-mem.o28FP (.text:_xdc_runtime_Core_createObject__I)
                  000899e4    0000009d     sysbios.a28FP : c28_Hwi_disp_asm.obj (.text:_ti_sysbios_family_c28_Hwi_dispatch)
                  00089a81    0000009c     rts2800_fpu32.lib : fd_add28.asm.obj (.text)
                  00089b1d    00000099     sysbios.a28FP : BIOS.obj (.text:_ti_sysbios_family_c28_Hwi_enableInterrupt__E)
                  00089bb6    00000095                   : BIOS.obj (.text:_ti_sysbios_knl_Semaphore_post__E)
                  00089c4b    00000001     app_p28FP.o28FP (.text:_free)
                  00089c4c    00000095     rts2800_fpu32.lib : trgmsg.c.obj (.text)
                  00089ce1    00000090     SoilMonitor_DevInit.obj (.text:_DeviceInit)
                  00089d71    00000090     sysbios.a28FP : BIOS.obj (.text:_ti_sysbios_family_c28_Hwi_disableInterrupt__E)
                  00089e01    00000090                   : BIOS.obj (.text:_ti_sysbios_knl_Task_checkStacks__E)
                  00089e91    0000008f                   : BIOS.obj (.text:_ti_sysbios_knl_Task_postInit__I)
                  00089f20    0000008d     ti.targets.rts2800.a28FP : Core-smem.o28FP (.text:_xdc_runtime_Core_constructObject__I)
                  00089fad    0000008b     rts2800_fpu32.lib : fd_div28.asm.obj (.text)
                  0008a038    0000008a     sysbios.a28FP : BIOS.obj (.text:_ti_sysbios_family_c28_Hwi_disablePIEIER__E)
                  0008a0c2    00000089                   : BIOS.obj (.text:_ti_sysbios_family_c28_Hwi_enablePIEIER__E)
                  0008a14b    00000088     28379D_uart.obj (.text:_uart_init)
                  0008a1d3    00000084     sysbios.a28FP : BIOS.obj (.text:_ti_sysbios_family_c28_Hwi_Module_startup__E)
                  0008a257    00000083     ti.targets.rts2800.a28FP : HeapStd.o28FP (.text:_xdc_runtime_HeapStd_Instance_init__E)
                  0008a2da    00000083     rts2800_fpu32.lib : fd_mpy28.asm.obj (.text)
                  0008a35d    0000007c     sysbios.a28FP : BIOS.obj (.text:_ti_sysbios_utils_Load_updateLoads__E)
                  0008a3d9    0000007a                   : BIOS.obj (.text:_ti_sysbios_knl_Swi_run__I)
                  0008a453    0000007a     ti.targets.rts2800.a28FP : LoggerBuf.o28FP (.text:_xdc_runtime_LoggerBuf_write4__E)
                  0008a4cd    00000077     sysbios.a28FP : BIOS.obj (.text:_ti_sysbios_gates_GateMutex_enter__E)
                  0008a544    00000074                   : BIOS.obj (.text:_ti_sysbios_family_c28_Timer_stopAndClear__I)
                  0008a5b8    00000073                   : BIOS.obj (.text:_ti_sysbios_family_c28_Hwi_dispatchCore__I)
                  0008a62b    00000072     ti.targets.rts2800.a28FP : Startup.o28FP (.text:_xdc_runtime_Startup_startMods__I)
                  0008a69d    0000006c     sysbios.a28FP : BIOS.obj (.text:_ti_sysbios_knl_Task_setHookContext__E)
                  0008a709    0000006b     ti.targets.rts2800.a28FP : HeapStd.o28FP (.text:_xdc_runtime_HeapStd_free__E)
                  0008a774    00000069     boot.a28FP : boot_cg.o28FP (.text)
                  0008a7dd    00000067     sysbios.a28FP : BIOS.obj (.text:_ti_sysbios_utils_Load_idleFxn__E)
                  0008a844    00000066                   : BIOS.obj (.text:_ti_sysbios_utils_Load_updateCurrentThreadTime__E)
                  0008a8aa    00000060     ti.targets.rts2800.a28FP : Error.o28FP (.text:_xdc_runtime_Error_policyDefault__E)
                  0008a90a    00000060                              : Text.o28FP (.text:_xdc_runtime_Text_putSite__E)
                  0008a96a    0000005f     sysbios.a28FP : BIOS.obj (.text:_ti_sysbios_knl_Clock_workFunc__E)
                  0008a9c9    0000005c                   : BIOS.obj (.text:_ti_sysbios_family_c28_TaskSupport_start__E)
                  0008aa25    0000005c                   : BIOS.obj (.text:_ti_sysbios_knl_Task_startCore__E)
                  0008aa81    0000005a     rts2800_fpu32.lib : s_frexp.c.obj (.text)
                  0008aadb    00000056     sysbios.a28FP : BIOS.obj (.text:_ti_sysbios_knl_Task_schedule__I)
                  0008ab31    0000004f                   : BIOS.obj (.text:_ti_sysbios_knl_Task_Module_startup__E)
                  0008ab80    0000004b                   : BIOS.obj (.text:_ti_sysbios_utils_Load_taskSwitchHook__E)
                  0008abcb    0000004a                   : BIOS.obj (.text:_ti_sysbios_utils_Load_startup__E)
                  0008ac15    00000049     Boot.a28FP : Boot.o28FP (.text:.bootCodeSection:_ti_catalog_c2800_initF2837x_Boot_configurePllDivs)
                  0008ac5e    00000048     sysbios.a28FP : BIOS.obj (.text:_ti_sysbios_family_c28_Timer_postInit__I)
                  0008aca6    00000047                   : BIOS.obj (.text:_ti_sysbios_knl_Swi_Module_startup__E)
                  0008aced    00000047                   : BIOS.obj (.text:_ti_sysbios_knl_Swi_restoreHwi__E)
                  0008ad34    00000045                   : BIOS.obj (.text:_ti_sysbios_family_c28_Hwi_unPluggedInterrupt__I)
                  0008ad79    00000043                   : BIOS.obj (.text:_ti_sysbios_knl_Swi_postInit__I)
                  0008adbc    00000043                   : BIOS.obj (.text:_ti_sysbios_knl_Swi_post__E)
                  0008adff    00000042                   : BIOS.obj (.text:_ti_sysbios_utils_Load_swiBeginHook__E)
                  0008ae41    00000041     ti.targets.rts2800.a28FP : Text.o28FP (.text:_xdc_runtime_Text_putLab__E)
                  0008ae82    00000040     i2c_driver.obj (.text:_start_i2c)
                  0008aec2    00000040     sysbios.a28FP : BIOS.obj (.text:_ti_sysbios_family_c28_Hwi_postInit__I)
                  0008af02    00000040                   : BIOS.obj (.text:_ti_sysbios_utils_Load_taskCreateHook__E)
                  0008af42    00000040     ti.targets.rts2800.a28FP : Memory.o28FP (.text:_xdc_runtime_Memory_alloc__E)
                  0008af82    0000003e     i2c_driver.obj (.text:_i2c_master_transmit)
                  0008afc0    0000003e     ti.targets.rts2800.a28FP : Core-mem.o28FP (.text:_xdc_runtime_Core_deleteObject__I)
                  0008affe    0000003d                              : LoggerBuf.o28FP (.text:_xdc_runtime_LoggerBuf_getFilterLevel__E)
                  0008b03b    0000003c                              : LoggerBuf.o28FP (.text:_xdc_runtime_LoggerBuf_setFilterLevel__E)
                  0008b077    0000003a     sysbios.a28FP : BIOS.obj (.text:_ti_sysbios_utils_Load_addTask__E)
                  0008b0b1    00000039     SoilMonitor_main.obj (.text:_myTskFxn1)
                  0008b0ea    00000039     sysbios.a28FP : BIOS.obj (.text:_ti_sysbios_knl_Task_exit__E)
                  0008b123    00000039     rts2800_fpu32.lib : hostwrite.c.obj (.text)
                  0008b15c    00000038     sysbios.a28FP : BIOS.obj (.text:_ti_sysbios_family_c28_Timer_setPrescale__E)
                  0008b194    00000038                   : BIOS.obj (.text:_ti_sysbios_knl_Swi_runLoop__I)
                  0008b1cc    00000038     ti.targets.rts2800.a28FP : Text.o28FP (.text:_xdc_runtime_Text_putMod__E)
                  0008b204    00000037     SoilMonitor_main.obj (.text:_mySwiFxn)
                  0008b23b    00000035     app_p28FP.o28FP (.text:_ti_sysbios_utils_Load_hwiBeginHook__E)
                  0008b270    00000035     ti.targets.rts2800.a28FP : System.o28FP (.text:_xdc_runtime_System_formatNum__I)
                  0008b2a5    00000034     i2c_driver.obj (.text:_i2c_master_receive)
                  0008b2d9    00000034     sysbios.a28FP : BIOS.obj (.text:_ti_sysbios_family_c28_Hwi_getStackInfo__E)
                  0008b30d    00000034                   : BIOS.obj (.text:_ti_sysbios_family_c28_Timer_start__E)
                  0008b341    00000034                   : BIOS.obj (.text:_ti_sysbios_utils_Load_hwiEndHook__E)
                  0008b375    00000032     rts2800_fpu32.lib : sprintf.c.obj (.text)
                  0008b3a7    00000031     ti.targets.rts2800.a28FP : Error.o28FP (.text:_xdc_runtime_Error_print__E)
                  0008b3d8    00000031     rts2800_fpu32.lib : atoi.c.obj (.text)
                  0008b409    00000030     sysbios.a28FP : BIOS.obj (.text:_ti_sysbios_knl_Swi_schedule__I)
                  0008b439    00000030     ti.targets.rts2800.a28FP : LoggerBuf.o28FP (.text:_xdc_runtime_LoggerBuf_Instance_init__E)
                  0008b469    00000030     rts2800_fpu32.lib : _ltoa.c.obj (.text)
                  0008b499    0000002f     ti.targets.rts2800.a28FP : Core-params.o28FP (.text:_xdc_runtime_Core_assignParams__I)
                  0008b4c8    0000002f                              : Startup.o28FP (.text:_xdc_runtime_Startup_exec__E)
                  0008b4f7    0000002e     sysbios.a28FP : BIOS.obj (.text:_ti_sysbios_knl_Task_blockI__E)
                  0008b525    0000002d                   : BIOS.obj (.text:_ti_sysbios_utils_Load_logLoads__I)
                  0008b552    0000002d     ti.targets.rts2800.a28FP : Assert.o28FP (.text:_xdc_runtime_Assert_raise__I)
                  0008b57f    0000002d                              : Error.o28FP (.text:_xdc_runtime_Error_setX__E)
                  0008b5ac    0000002c     app_p28FP.o28FP (.text:_xdc_runtime_LoggerBuf_Object__create__S)
                  0008b5d8    0000002b     sysbios.a28FP : BIOS.obj (.text:_ti_sysbios_utils_Load_swiEndHook__E)
                  0008b603    0000002b     app_p28FP.o28FP (.text:_xdc_runtime_HeapStd_Object__create__S)
                  0008b62e    0000002a     i2c_driver.obj (.text:_resetRegister)
                  0008b658    0000002a     sysbios.a28FP : BIOS.obj (.text:_ti_sysbios_utils_Load_taskDeleteHook__E)
                  0008b682    0000002a     rts2800_fpu32.lib : fd_cmp28.asm.obj (.text)
                  0008b6ac    0000002a                       : l_div28.asm.obj (.text)
                  0008b6d6    00000029     ti.targets.rts2800.a28FP : Text.o28FP (.text:_xdc_runtime_Text_xprintf__I)
                  0008b6ff    00000029     rts2800_fpu32.lib : exit.c.obj (.text)
                  0008b728    00000027     SoilMonitor_main.obj (.text:_myTickFxn)
                  0008b74f    00000027     SoilMonitor_main.obj (.text:_myTskFxn2)
                  0008b776    00000027     sysbios.a28FP : BIOS.obj (.text:_ti_sysbios_knl_Task_unblockI__E)
                  0008b79d    00000026     ti.targets.rts2800.a28FP : SysMin.o28FP (.text:_xdc_runtime_SysMin_flush__E)
                  0008b7c3    00000025     sysbios.a28FP : c28_TaskSupport_asm.obj (.text:_ti_sysbios_family_c28_TaskSupport_buildTaskStack)
                  0008b7e8    00000025     rts2800_fpu32.lib : s_copysign.c.obj (.text)
                  0008b80d    00000024     SoilMonitor_main.obj (.text:_myHwi)
                  0008b831    00000024     rts2800_fpu32.lib : cpy_tbl.c.obj (.text)
                  0008b855    00000023     ti.targets.rts2800.a28FP : System.o28FP (.text:_xdc_runtime_System_processAtExit__E)
                  0008b878    00000022     sysbios.a28FP : BIOS.obj (.text:_ti_sysbios_family_c28_Timer_Module_startup__E)
                  0008b89a    00000022                   : BIOS.obj (.text:_ti_sysbios_knl_Task_allBlockedFunction__I)
                  0008b8bc    00000022     rts2800_fpu32.lib : i_div28.asm.obj (.text)
                  0008b8de    00000021     sysbios.a28FP : BIOS.obj (.text:_ti_sysbios_utils_Load_removeTask__E)
                  0008b8ff    00000021     rts2800_fpu32.lib : fd_toi28.asm.obj (.text)
                  0008b920    00000020     sysbios.a28FP : BIOS.obj (.text:_ti_sysbios_family_c28_Timer_startup__E)
                  0008b940    00000020     ti.targets.rts2800.a28FP : System.o28FP (.text:_xdc_runtime_System_atexit__E)
                  0008b960    0000001f     sysbios.a28FP : BIOS.obj (.text:_ti_sysbios_knl_Semaphore_pendTimeout__I)
                  0008b97f    0000001f                   : BIOS.obj (.text:_ti_sysbios_utils_Load_getTaskLoad__E)
                  0008b99e    0000001f     app_p28FP.o28FP (.text:_xdc_runtime_Error_policyLog__I)
                  0008b9bd    0000001f     ti.targets.rts2800.a28FP : LoggerBuf.o28FP (.text:_xdc_runtime_LoggerBuf_filterOutEvent__I)
                  0008b9dc    0000001f     rts2800_fpu32.lib : fd_tol28.asm.obj (.text)
                  0008b9fb    0000001e     sysbios.a28FP : BIOS.obj (.text:_ti_sysbios_hal_Hwi_checkStack)
                  0008ba19    0000001e     rts2800_fpu32.lib : ll_cmp28.asm.obj (.text)
                  0008ba37    0000001d     sysbios.a28FP : c28_TaskSupport_asm.obj (.text:_ti_sysbios_family_c28_TaskSupport_swap__E)
                  0008ba54    0000001d     app_p28FP.o28FP (.text:_ti_sysbios_gates_GateHwi_Object__create__S)
                  0008ba71    0000001d     app_p28FP.o28FP (.text:_ti_sysbios_gates_GateMutex_Object__create__S)
                  0008ba8e    0000001d     app_p28FP.o28FP (.text:_ti_sysbios_knl_Semaphore_construct)
                  0008baab    0000001d     sysbios.a28FP : BIOS.obj (.text:_ti_sysbios_knl_Swi_restore__E)
                  0008bac8    0000001d     ti.targets.rts2800.a28FP : SysMin.o28FP (.text:_xdc_runtime_SysMin_putch__E)
                  0008bae5    0000001d     rts2800_fpu32.lib : i_tofd28.asm.obj (.text)
                  0008bb02    0000001d                       : memcpy.c.obj (.text)
                  0008bb1f    0000001c     app_p28FP.o28FP (.text:_xdc_runtime_SysMin_output__I)
                  0008bb3b    0000001c     rts2800_fpu32.lib : fs_tofdfpu32.asm.obj (.text)
                  0008bb57    0000001c                       : l_tofd28.asm.obj (.text)
                  0008bb73    0000001b     sysbios.a28FP : c28_Hwi_asm.obj (.text:_ti_sysbios_family_c28_Hwi_switchAndDispatch__I)
                  0008bb8e    0000001b                   : BIOS.obj (.text:_ti_sysbios_knl_Task_processVitalTaskFlag__I)
                  0008bba9    0000001a                   : BIOS.obj (.text:_ti_sysbios_hal_Hwi_initStack)
                  0008bbc3    0000001a                   : BIOS.obj (.text:_ti_sysbios_knl_Clock_initI__E)
                  0008bbdd    0000001a     ti.targets.rts2800.a28FP : System.o28FP (.text:_xdc_runtime_System_avprintf__E)
                  0008bbf7    00000019     ultrasonic.obj (.text:_calculateDistance)
                  0008bc10    00000019     app_p28FP.o28FP (.text:_ti_sysbios_knl_Queue_construct)
                  0008bc29    00000019     sysbios.a28FP : BIOS.obj (.text:_ti_sysbios_knl_Queue_put__E)
                  0008bc42    00000019     ti.targets.rts2800.a28FP : System.o28FP (.text:_xdc_runtime_System_vprintf__E)
                  0008bc5b    00000018     sysbios.a28FP : BIOS.obj (.text:_ti_sysbios_family_c28_f2837x_TimestampProvider_get64__E)
                  0008bc73    00000018                   : c28_Hwi_asm.obj (.text:_ti_sysbios_family_xxx_Hwi_switchAndRunFunc)
                  0008bc8b    00000018                   : BIOS.obj (.text:_ti_sysbios_knl_Task_restore__E)
                  0008bca3    00000018     ti.targets.rts2800.a28FP : LoggerBuf.o28FP (.text:_xdc_runtime_LoggerBuf_reset__E)
                  0008bcbb    00000018                              : System.o28FP (.text:_xdc_runtime_System_putchar__I)
                  0008bcd3    00000018     rts2800_fpu32.lib : ll_aox28.asm.obj (.text)
                  0008bceb    00000017     i2c_driver.obj (.text:_i2c_send_byte)
                  0008bd02    00000017     SoilMonitor_main.obj (.text:_myIdleFxn)
                  0008bd19    00000017     app_p28FP.o28FP (.text:_ti_sysbios_BIOS_startFunc__I)
                  0008bd30    00000017     sysbios.a28FP : BIOS.obj (.text:_ti_sysbios_family_c28_Timer_stop__E)
                  0008bd47    00000017     app_p28FP.o28FP (.text:_ti_sysbios_knl_Clock_doTick__I)
                  0008bd5e    00000017     ti.targets.rts2800.a28FP : LoggerBuf.o28FP (.text:_xdc_runtime_LoggerBuf_Module_startup__E)
                  0008bd75    00000017                              : Memory.o28FP (.text:_xdc_runtime_Memory_valloc__E)
                  0008bd8c    00000017                              : SysMin.o28FP (.text:_xdc_runtime_SysMin_abort__E)
                  0008bda3    00000016     i2c_driver.obj (.text:_i2c_received_byte)
                  0008bdb9    00000016     app_p28FP.o28FP (.text:_ti_sysbios_BIOS_atExitFunc__I)
                  0008bdcf    00000016     sysbios.a28FP : BIOS.obj (.text:_ti_sysbios_knl_Clock_Module_startup__E)
                  0008bde5    00000016                   : BIOS.obj (.text:_ti_sysbios_knl_Clock_startI__E)
                  0008bdfb    00000016                   : BIOS.obj (.text:_ti_sysbios_utils_Load_getGlobalHwiLoad__E)
                  0008be11    00000016                   : BIOS.obj (.text:_ti_sysbios_utils_Load_getGlobalSwiLoad__E)
                  0008be27    00000016     28379D_uart.obj (.text:_uart_tx_str)
                  0008be3d    00000016     ti.targets.rts2800.a28FP : Text.o28FP (.text:_xdc_runtime_Text_printVisFxn__I)
                  0008be53    00000015     sysbios.a28FP : BIOS.obj (.text:_ti_sysbios_family_c28_Timer_setPeriod__E)
                  0008be68    00000015                   : BIOS.obj (.text:_ti_sysbios_knl_Idle_run__E)
                  0008be7d    00000014                   : BIOS.obj (.text:_ti_sysbios_knl_Task_restoreHwi__E)
                  0008be91    00000013     app_p28FP.o28FP (.text:_ti_sysbios_gates_GateMutex_Object__delete__S)
                  0008bea4    00000013     sysbios.a28FP : BIOS.obj (.text:_ti_sysbios_knl_Queue_enqueue__E)
                  0008beb7    00000013                   : BIOS.obj (.text:_ti_sysbios_knl_Queue_insert__E)
                  0008beca    00000013     ti.targets.rts2800.a28FP : Error.o28FP (.text:_xdc_runtime_Error_raiseX__E)
                  0008bedd    00000012     app_p28FP.o28FP (.text:_ti_sysbios_gates_GateHwi_Object__delete__S)
                  0008beef    00000012     app_p28FP.o28FP (.text:_xdc_runtime_LoggerBuf_Object__delete__S)
                  0008bf01    00000012     rts2800_fpu32.lib : args_main.c.obj (.text)
                  0008bf13    00000011     app_p28FP.o28FP (.text:_ti_sysbios_BIOS_errorRaiseHook__I)
                  0008bf24    00000011     sysbios.a28FP : BIOS.obj (.text:_ti_sysbios_gates_GateMutex_Instance_init__E)
                  0008bf35    00000011                   : BIOS.obj (.text:_ti_sysbios_knl_Task_sleepTimeout__I)
                  0008bf46    00000011     app_p28FP.o28FP (.text:_xdc_runtime_HeapStd_Object__delete__S)
                  0008bf57    00000010     DelayUs.obj (.text)
                  0008bf67    00000010     ti.targets.rts2800.a28FP : SysMin.o28FP (.text:_xdc_runtime_SysMin_Module_startup__E)
                  0008bf77    00000010     rts2800_fpu32.lib : memccpy.c.obj (.text)
                  0008bf87    0000000f     app_p28FP.o28FP (.text:_ti_sysbios_BIOS_removeRTSLock__I)
                  0008bf96    0000000f     sysbios.a28FP : BIOS.obj (.text:_ti_sysbios_family_c28_TaskSupport_checkStack__E)
                  0008bfa5    0000000f                   : BIOS.obj (.text:_ti_sysbios_gates_GateMutex_leave__E)
                  0008bfb4    0000000f                   : BIOS.obj (.text:_ti_sysbios_knl_Queue_dequeue__E)
                  0008bfc3    0000000f     ti.targets.rts2800.a28FP : LoggerBuf.o28FP (.text:_xdc_runtime_LoggerBuf_write2__E)
                  0008bfd2    0000000f                              : Registry.o28FP (.text:_xdc_runtime_Registry_findById__E)
                  0008bfe1    0000000e     SoilMonitor_main.obj (.text:_ECAP_ISR)
                  0008bfef    0000000e     sysbios.a28FP : BIOS.obj (.text:_ti_sysbios_BIOS_setThreadType__E)
                  0008bffd    0000000e                   : BIOS.obj (.text:_ti_sysbios_family_c28_Hwi_ack__I)
                  0008c00b    0000000e     app_p28FP.o28FP (.text:_ti_sysbios_knl_Semaphore_destruct)
                  0008c019    0000000e     app_p28FP.o28FP (.text:_ti_sysbios_knl_Swi_Object__get__S)
                  0008c027    0000000e     app_p28FP.o28FP (.text:_ti_sysbios_knl_Task_Object__get__S)
                  0008c035    0000000e     sysbios.a28FP : BIOS.obj (.text:_ti_sysbios_knl_Task_getHookContext__E)
                  0008c043    0000000e     28379D_uart.obj (.text:_uart_tx_char)
                  0008c051    0000000e     app_p28FP.o28FP (.text:_xdc_runtime_LoggerBuf_Object__get__S)
                  0008c05f    0000000e     rts2800_fpu32.lib : fd_sub28.asm.obj (.text)
                  0008c06d    0000000d     SoilMonitor_main.obj (.text:_main)
                  0008c07a    0000000d     app_p28FP.o28FP (.text:_ti_sysbios_BIOS_registerRTSLock__I)
                  0008c087    0000000d     app_p28FP.o28FP (.text:_ti_sysbios_BIOS_rtsLock__I)
                  0008c094    0000000d     sysbios.a28FP : BIOS.obj (.text:_ti_sysbios_family_c28_Hwi_dispatchC__I)
                  0008c0a1    0000000d     app_p28FP.o28FP (.text:_ti_sysbios_knl_Queue_destruct)
                  0008c0ae    0000000d     sysbios.a28FP : BIOS.obj (.text:_ti_sysbios_knl_Queue_remove__E)
                  0008c0bb    0000000d                   : BIOS.obj (.text:_ti_sysbios_knl_Task_enabled__E)
                  0008c0c8    0000000d                   : BIOS.obj (.text:_ti_sysbios_knl_Task_unblock__E)
                  0008c0d5    0000000d     ti.targets.rts2800.a28FP : Error.o28FP (.text:_xdc_runtime_Error_check__E)
                  0008c0e2    0000000d                              : LoggerBuf.o28FP (.text:_xdc_runtime_LoggerBuf_write0__E)
                  0008c0ef    0000000d                              : LoggerBuf.o28FP (.text:_xdc_runtime_LoggerBuf_write1__E)
                  0008c0fc    0000000d                              : System.o28FP (.text:_xdc_runtime_System_abort__E)
                  0008c109    0000000c     app_p28FP.o28FP (.text:_ti_sysbios_BIOS_exitFunc__I)
                  0008c115    0000000c     app_p28FP.o28FP (.text:_ti_sysbios_family_c28_Hwi_disableIER__E)
                  0008c121    0000000c     sysbios.a28FP : BIOS.obj (.text:_ti_sysbios_hal_Hwi_Module_startup__E)
                  0008c12d    0000000c                   : BIOS.obj (.text:_ti_sysbios_hal_Timer_Module_startup__E)
                  0008c139    0000000c                   : BIOS.obj (.text:_ti_sysbios_knl_Semaphore_Instance_finalize__E)
                  0008c145    0000000c                   : BIOS.obj (.text:_ti_sysbios_knl_Task_enter__I)
                  0008c151    0000000c     ti.targets.rts2800.a28FP : SysMin.o28FP (.text:_xdc_runtime_SysMin_exit__E)
                  0008c15d    0000000c     rts2800_fpu32.lib : strchr.c.obj (.text)
                  0008c169    0000000b     app_p28FP.o28FP (.text:_ti_sysbios_family_c28_Hwi_Module__startupDone__F)
                  0008c174    0000000b     app_p28FP.o28FP (.text:_ti_sysbios_family_c28_Hwi_Object__get__S)
                  0008c17f    0000000b     app_p28FP.o28FP (.text:_ti_sysbios_family_c28_Hwi_enableIER__E)
                  0008c18a    0000000b     app_p28FP.o28FP (.text:_ti_sysbios_family_c28_Timer_Module__startupDone__F)
                  0008c195    0000000b     sysbios.a28FP : BIOS.obj (.text:_ti_sysbios_gates_GateMutex_Instance_finalize__E)
                  0008c1a0    0000000b                   : BIOS.obj (.text:_ti_sysbios_gates_GateMutex_query__E)
                  0008c1ab    0000000b     app_p28FP.o28FP (.text:_ti_sysbios_knl_Queue_Object__get__S)
                  0008c1b6    0000000b     app_p28FP.o28FP (.text:_ti_sysbios_knl_Task_SupportProxy_start__E)
                  0008c1c1    0000000b     ti.targets.rts2800.a28FP : LoggerBuf.o28FP (.text:_xdc_runtime_LoggerBuf_Instance_finalize__E)
                  0008c1cc    0000000b                              : System.o28FP (.text:_xdc_runtime_System_exit__E)
                  0008c1d7    0000000b     rts2800_fpu32.lib : u_div28.asm.obj (.text)
                  0008c1e2    0000000a     app_p28FP.o28FP (.text:.bootCodeSection:_ti_catalog_c2800_initF2837x_Boot_init)
                  0008c1ec    0000000a     sysbios.a28FP : BIOS.obj (.text:_ti_sysbios_knl_Clock_enqueueI__E)
                  0008c1f6    0000000a                   : BIOS.obj (.text:_ti_sysbios_knl_Queue_Instance_init__E)
                  0008c200    0000000a                   : BIOS.obj (.text:_ti_sysbios_knl_Queue_empty__E)
                  0008c20a    0000000a                   : BIOS.obj (.text:_ti_sysbios_knl_Task_disable__E)
                  0008c214    0000000a     ti.targets.rts2800.a28FP : Error.o28FP (.text:_xdc_runtime_Error_init__E)
                  0008c21e    0000000a                              : Memory.o28FP (.text:_xdc_runtime_Memory_free__E)
                  0008c228    0000000a                              : System.o28FP (.text:_xdc_runtime_System_vsnprintf__E)
                  0008c232    0000000a                              : Text.o28FP (.text:_xdc_runtime_Text_ropeText__E)
                  0008c23c    00000009     sysbios.a28FP : BIOS.obj (.text:_ti_sysbios_BIOS_exit__E)
                  0008c245    00000009                   : BIOS.obj (.text:_ti_sysbios_BIOS_getCpuFreq__E)
                  0008c24e    00000009     app_p28FP.o28FP (.text:_ti_sysbios_BIOS_rtsUnlock__I)
                  0008c257    00000009     app_p28FP.o28FP (.text:_ti_sysbios_family_c28_Hwi_restoreIER__E)
                  0008c260    00000009     sysbios.a28FP : c28_TaskSupport_asm.obj (.text:_ti_sysbios_family_c28_TaskSupport_glue)
                  0008c269    00000009     app_p28FP.o28FP (.text:_ti_sysbios_gates_GateHwi_Handle__label__S)
                  0008c272    00000009     app_p28FP.o28FP (.text:_ti_sysbios_gates_GateMutex_Handle__label__S)
                  0008c27b    00000009     sysbios.a28FP : BIOS.obj (.text:_ti_sysbios_gates_GateMutex_Instance_State_sem$21)
                  0008c284    00000009                   : BIOS.obj (.text:_ti_sysbios_knl_Queue_elemClear__E)
                  0008c28d    00000009                   : BIOS.obj (.text:_ti_sysbios_knl_Semaphore_Instance_State_pendQ$8)
                  0008c296    00000009                   : BIOS.obj (.text:_ti_sysbios_knl_Swi_disable__E)
                  0008c29f    00000009     app_p28FP.o28FP (.text:_xdc_runtime_HeapStd_Handle__label__S)
                  0008c2a8    00000009     app_p28FP.o28FP (.text:_xdc_runtime_LoggerBuf_Handle__label__S)
                  0008c2b1    00000009     app_p28FP.o28FP (.text:_xdc_runtime_Startup_exec__I)
                  0008c2ba    00000009     rts2800_fpu32.lib : _lock.c.obj (.text)
                  0008c2c3    00000009                       : fd_neg28.asm.obj (.text)
                  0008c2cc    00000009                       : wcslen.c.obj (.text)
                  0008c2d5    00000008     Boot.a28FP : Boot.o28FP (.text:.bootCodeSection:_ti_catalog_c2800_initF2837x_Boot_initSharedRAMs)
                  0008c2dd    00000008     sysbios.a28FP : BIOS.obj (.text:_ti_sysbios_BIOS_getThreadType__E)
                  0008c2e5    00000008                   : BIOS.obj (.text:_ti_sysbios_gates_GateHwi_leave__E)
                  0008c2ed    00000008                   : BIOS.obj (.text:_ti_sysbios_knl_Clock_Module_State_clockQ$4)
                  0008c2f5    00000008                   : BIOS.obj (.text:_ti_sysbios_knl_Clock_stop__E)
                  0008c2fd    00000008                   : BIOS.obj (.text:_ti_sysbios_knl_Swi_enabled__E)
                  0008c305    00000008                   : BIOS.obj (.text:_ti_sysbios_knl_Task_Module_State_inactiveQ$10)
                  0008c30d    00000008                   : BIOS.obj (.text:_ti_sysbios_utils_Load_Module_State_taskList$17)
                  0008c315    00000008     app_p28FP.o28FP (.text:_xdc_runtime_IHeap_alloc)
                  0008c31d    00000008     ti.targets.rts2800.a28FP : Memory.o28FP (.text:_xdc_runtime_Memory_calloc__E)
                  0008c325    00000008                              : SysMin.o28FP (.text:_xdc_runtime_SysMin_ready__E)
                  0008c32d    00000008     rts2800_fpu32.lib : strlen.c.obj (.text)
                  0008c335    00000007     app_p28FP.o28FP (.text:.bootCodeSection:_ti_catalog_c2800_initF2837x_Boot_initStartup)
                  0008c33c    00000007     sysbios.a28FP : BIOS.obj (.text:_ti_sysbios_family_c28_Hwi_Object_get$1)
                  0008c343    00000007                   : BIOS.obj (.text:_ti_sysbios_family_c28_f2837x_TimestampProvider_get32__E)
                  0008c34a    00000007                   : BIOS.obj (.text:_ti_sysbios_gates_GateHwi_enter__E)
                  0008c351    00000007                   : BIOS.obj (.text:_ti_sysbios_hal_Hwi_getStackInfo__E)
                  0008c358    00000007                   : BIOS.obj (.text:_ti_sysbios_knl_Queue_Object_get$10)
                  0008c35f    00000007                   : BIOS.obj (.text:_ti_sysbios_knl_Swi_Object_get$9)
                  0008c366    00000007                   : BIOS.obj (.text:_ti_sysbios_knl_Task_Object_get$10)
                  0008c36d    00000007                   : BIOS.obj (.text:_ti_sysbios_utils_Load_taskRegHook__E)
                  0008c374    00000007     ti.targets.rts2800.a28FP : HeapStd.o28FP (.text:_xdc_runtime_HeapStd_getStats__E)
                  0008c37b    00000007     app_p28FP.o28FP (.text:_xdc_runtime_System_aprintf__E)
                  0008c382    00000007     app_p28FP.o28FP (.text:_xdc_runtime_System_printf__E)
                  0008c389    00000007     rts2800_fpu32.lib : memset.c.obj (.text)
                  0008c390    00000006     sysbios.a28FP : BIOS.obj (.text:_ti_sysbios_BIOS_start__E)
                  0008c396    00000006                   : BIOS.obj (.text:_ti_sysbios_family_c28_Hwi_restore$19)
                  0008c39c    00000006                   : BIOS.obj (.text:_ti_sysbios_family_c28_Hwi_restore$2)
                  0008c3a2    00000006                   : c28_IntrinsicsSupport_asm.obj (.text:_ti_sysbios_family_c28_IntrinsicsSupport_maxbit__E)
                  0008c3a8    00000006                   : BIOS.obj (.text:_ti_sysbios_family_c28_f2837x_TimestampProvider_getFreq__E)
                  0008c3ae    00000006                   : BIOS.obj (.text:_ti_sysbios_hal_Hwi_restore$10)
[...]
0     0008c4a0  _ti_sysbios_BIOS_RtsGateProxy_leave__E                    
0     0008c4a3  _ti_sysbios_family_c28_Hwi_restore__E                     
0     0008c4a6  _ti_sysbios_hal_Hwi_HwiProxy_getStackInfo__E              
0     0008c4a9  _ti_sysbios_hal_Hwi_HwiProxy_switchFromBootStack__E       
0     0008c4ac  _ti_sysbios_hal_Hwi_startup__E                            
0     0008c4af  _ti_sysbios_hal_Hwi_switchFromBootStack__E                
0     0008c4b2  _ti_sysbios_knl_Clock_TimerProxy_getMaxTicks__E           
0     0008c4b5  _ti_sysbios_knl_Task_SupportProxy_checkStack__E           
0     0008c4b8  _ti_sysbios_knl_Task_SupportProxy_swap__E                 
0     0008c4bb  _ti_sysbios_utils_Load_update__E                          
0     0008c4be  _xdc_runtime_LoggerBuf_Module_GateProxy_enter__E          
0     0008c4c1  _xdc_runtime_LoggerBuf_Module_GateProxy_leave__E          
0     0008c4c4  _xdc_runtime_LoggerBuf_TimestampProxy_get64__E            
0     0008c4c7  _xdc_runtime_System_Module_GateProxy_enter__E             
0     0008c4ca  _xdc_runtime_System_Module_GateProxy_leave__E             
0     0008c4cd  _xdc_runtime_System_Module_startup__E                     
0     0008c4d0  _xdc_runtime_System_SupportProxy_abort__E                 
0     0008c4d3  _xdc_runtime_System_SupportProxy_exit__E                  
0     0008c4d6  _xdc_runtime_System_SupportProxy_putch__E                 
0     0008c4d9  _xdc_runtime_System_SupportProxy_ready__E                 
0     0008c4dc  _xdc_runtime_System_abortStd__E                           
0     0008c4df  _xdc_runtime_System_exitStd__E                            
0     0008c4e2  _xdc_runtime_Text_visitRope__I                            
0     0008c4e5  _xdc_runtime_Timestamp_SupportProxy_get32__E              
0     0008c4e8  _xdc_runtime_Timestamp_SupportProxy_getFreq__E            
0     0008c4eb  _xdc_runtime_Timestamp_get32__E                           
0     0008c4ee  _xdc_runtime_Timestamp_getFreq__E                         
0     0008c4f1  _malloc                                                   
0     0008c4f3  _ti_sysbios_family_c28_TaskSupport_Module__startupDone__S 
0     0008c4f3  _ti_sysbios_knl_Task_SupportProxy_Module__startupDone__S  
0     0008c4f5  _xdc_runtime_Error_getSite__E                             
0     0008c4f7  _xdc_runtime_HeapStd_isBlocking__E                        
0     0008c4f9  __system_pre_init                                         
0     0008c4fb  _ti_catalog_c2800_initF2837x_Boot_defaultLimpAbortFunction
0     0008c4fc  _ti_sysbios_BIOS_linkedWithIncorrectBootLibrary__E        
0     0008c4fd  _ti_sysbios_BIOS_nullFunc__I                              
0     0008c4fe  _ti_sysbios_family_c28_Hwi_interruptReturn__I             
0     0008c4ff  _ti_sysbios_knl_Clock_logTick__E                          
0     0008c500  _ti_sysbios_utils_Load_logCPULoad__I                      
0     0008c501  __system_post_cinit                                       
0     0008c502  ___etext__                                                
0     0008c502  etext                                                     
1     00000122  __stack                                                   
1     00000222  .data                                                     
1     00000222  __STACK_END                                               
1     00000222  ___data__                                                 
1     00000222  _ti_sysbios_knl_Clock_Module__state__V                    
1     00000238  _ti_sysbios_family_c28_Timer_Module__state__V             
1     00000240  _ti_sysbios_utils_Load_Module__state__V                   
1     0000028c  _ti_sysbios_knl_Task_Module__state__V                     
1     000002ac  _ti_sysbios_BIOS_Module__state__V                         
1     000002be  _xdc_runtime_HeapStd_Module__state__V                     
1     000002c0  _ti_sysbios_family_c28_Hwi_Module__state__V               
1     000002d0  _ti_sysbios_knl_Swi_Module__state__V                      
1     000002dc  _xdc_runtime_Registry_Module__state__V                    
1     000002e0  _xdc_runtime_Startup_Module__state__V                     
1     000002e4  _xdc_runtime_SysMin_Module__state__V                      
1     000002e8  _xdc_runtime_System_Module__state__V                      
1     000002ec  _xdc_runtime_Text_Module__state__V                        
1     000002f0  _xdc_runtime_LoggerBuf_Module__state__V                   
1     000002f3  _xdc_runtime_Error_Module__state__V                       
1     000002f4  _xdc_runtime_Memory_Module__state__V                      
1     000002f6  ___edata__                                                
1     000002f6  edata                                                     
1     00000b00  _AdcaResultRegs                                           
1     00000b20  _AdcbResultRegs                                           
1     00000b40  _AdccResultRegs                                           
1     00000b60  _AdcdResultRegs                                           
1     00000c00  _CpuTimer0Regs                                            
1     00000c08  _CpuTimer1Regs                                            
1     00000c10  _CpuTimer2Regs                                            
1     00000ce0  _PieCtrlRegs                                              
1     00001000  _DmaRegs                                                  
1     00001400  _Cla1Regs                                                 
1     00003000  _Clb1LogicCfgRegs                                         
1     00003100  _Clb1LogicCtrlRegs                                        
1     00003200  _Clb1DataExchRegs                                         
1     00003400  _Clb2LogicCfgRegs                                         
1     00003500  _Clb2LogicCtrlRegs                                        
1     00003600  _Clb2DataExchRegs                                         
1     00003800  _Clb3LogicCfgRegs                                         
1     00003900  _Clb3LogicCtrlRegs                                        
1     00003a00  _Clb3DataExchRegs                                         
1     00003c00  _Clb4LogicCfgRegs                                         
1     00003d00  _Clb4LogicCtrlRegs                                        
1     00003e00  _Clb4DataExchRegs                                         
1     00004000  _EPwm1Regs                                                
1     00004100  _EPwm2Regs                                                
1     00004200  _EPwm3Regs                                                
1     00004300  _EPwm4Regs                                                
1     00004400  _EPwm5Regs                                                
1     00004500  _EPwm6Regs                                                
1     00004600  _EPwm7Regs                                                
1     00004700  _EPwm8Regs                                                
1     00004800  _EPwm9Regs                                                
1     00004900  _EPwm10Regs                                               
1     00004a00  _EPwm11Regs                                               
1     00004b00  _EPwm12Regs                                               
1     00005000  _ECap1Regs                                                
1     00005020  _ECap2Regs                                                
1     00005040  _ECap3Regs                                                
1     00005060  _ECap4Regs                                                
1     00005080  _ECap5Regs                                                
1     000050a0  _ECap6Regs                                                
1     00005100  _EQep1Regs                                                
1     00005140  _EQep2Regs                                                
1     00005180  _EQep3Regs                                                
1     00005c00  _DacaRegs                                                 
1     00005c10  _DacbRegs                                                 
1     00005c20  _DaccRegs                                                 
1     00005c80  _Cmpss1Regs                                               
1     00005ca0  _Cmpss2Regs                                               
1     00005cc0  _Cmpss3Regs                                               
1     00005ce0  _Cmpss4Regs                                               
1     00005d00  _Cmpss5Regs                                               
1     00005d20  _Cmpss6Regs                                               
1     00005d40  _Cmpss7Regs                                               
1     00005d60  _Cmpss8Regs                                               
1     00005e00  _Sdfm1Regs                                                
1     00005e80  _Sdfm2Regs                                                
1     00006000  _McbspaRegs                                               
1     00006040  _McbspbRegs                                               
1     00006100  _SpiaRegs                                                 
1     00006110  _SpibRegs                                                 
1     00006120  _SpicRegs                                                 
1     00006200  _UppRegs                                                  
1     00007000  _WdRegs                                                   
1     00007060  _NmiIntruptRegs                                           
1     00007070  _XintRegs                                                 
1     00007200  _SciaRegs                                                 
1     00007210  _ScibRegs                                                 
1     00007220  _ScicRegs                                                 
1     00007230  _ScidRegs                                                 
1     00007300  _I2caRegs                                                 
1     00007340  _I2cbRegs                                                 
1     00007400  _AdcaRegs                                                 
1     00007480  _AdcbRegs                                                 
1     00007500  _AdccRegs                                                 
1     00007580  _AdcdRegs                                                 
1     00007900  _InputXbarRegs                                            
1     00007920  _XbarRegs                                                 
1     00007940  _SyncSocRegs                                              
1     00007980  _DmaClaSrcSelRegs                                         
1     00007a00  _EPwmXbarRegs                                             
1     00007a40  _ClbXbarRegs                                              
1     00007a80  _OutputXbarRegs                                           
1     00007c00  _GpioCtrlRegs                                             
1     00007f00  _GpioDataRegs                                             
1     00008000  _RamfuncsLoadEnd                                          
1     00008000  _RamfuncsLoadStart                                        
1     00008000  _RamfuncsRunEnd                                           
1     00008000  _RamfuncsRunStart                                         
1     00008000  _ti_sysbios_knl_Task_Instance_State_1_stack__A            
1     00008100  _ti_sysbios_knl_Task_Instance_State_3_stack__A            
1     00008200  _ti_sysbios_knl_Task_Instance_State_2_stack__A            
1     00008600  _ti_sysbios_knl_Task_Instance_State_0_stack__A            
1     00008a04  _ti_sysbios_utils_Load_Module_State_0_taskEnv__A          
1     00008a3c  __lock                                                    
1     00008a3e  __unlock                                                  
1     00008a40  _ti_sysbios_family_c28_Hwi_Module_State_0_dispatchTable__A
1     00008c00  _xdc_runtime_SysMin_Module_State_0_outbuf__A              
1     00008d00  _xdc_runtime_LoggerBuf_Instance_State_0_entryArr__A       
1     00008df0  _ti_sysbios_gates_GateMutex_Object__table__V              
1     00008dfe  _ti_sysbios_family_c28_Hwi_Instance_State_0_hookEnv__A    
1     00008e00  _ti_sysbios_knl_Task_Object__table__V                     
1     00008ea8  _xdc_runtime_LoggerBuf_Object__table__V                   
1     00008eba  _xdc_runtime_HeapStd_Object__table__V                     
1     00008ec0  _temperature_buffer                                       
1     00008f40  ___xdc__init__addr                                        
1     00008f42  _ti_sysbios_family_c28_Hwi_Module__root__V                
1     00008f46  _ti_sysbios_family_c28_Timer_Module__root__V              
1     00008f4a  _ti_sysbios_gates_GateHwi_Module__root__V                 
1     00008f4e  _ti_sysbios_gates_GateMutex_Module__root__V               
1     00008f52  _ti_sysbios_hal_Hwi_Module__root__V                       
1     00008f56  _ti_sysbios_hal_Timer_Module__root__V                     
1     00008f5a  _ti_sysbios_knl_Clock_Module__root__V                     
1     00008f5e  _ti_sysbios_knl_Queue_Module__root__V                     
1     00008f62  _ti_sysbios_knl_Semaphore_Module__root__V                 
1     00008f66  _ti_sysbios_knl_Swi_Module__root__V                       
1     00008f6a  _ti_sysbios_knl_Task_Module__root__V                      
1     00008f6e  _xdc_runtime_HeapStd_Module__root__V                      
1     00008f72  _xdc_runtime_LoggerBuf_Module__root__V                    
1     00008f80  _xdc_runtime_Error_IgnoreBlock                            
1     00008f90  _ti_sysbios_knl_Swi_Object__table__V                      
1     00008fb8  _parmbuf                                                  
1     00008fc0  _ti_sysbios_family_c28_Timer_Object__table__V             
1     00009008  _isrFlag                                                  
1     00009009  _isrFlag1                                                 
1     0000900a  _tickCount                                                
1     0000900b  _once                                                     
1     0000900c  _init                                                     
1     0000900d  _counter_buffer                                           
1     0000900e  _num_samples                                              
1     0000900f  _count                                                    
1     00009010  _moisture_voltage_reading                                 
1     00009012  _water_content                                            
1     00009014  _humidity                                                 
1     00009016  _temperature                                              
1     00009018  _sum                                                      
1     0000901a  _movingAverage                                            
1     0000901c  _distance                                                 
1     0000901e  _ECAP_data                                                
1     00009020  _elapsedTimei2c                                           
1     00009022  _elapsedTimeultra                                         
1     00009024  _elapsedTimeuart                                          
1     00009026  _elapsedTimeidle                                          
1     00009028  _elapsedTimeswi                                           
1     0000902a  _elapsedTimehwi                                           
1     0000902c  _xdc_runtime_System_Module_State_0_atexitHandlers__A      
1     00009034  ___TI_enable_exit_profile_output                          
1     00009036  ___TI_cleanup_ptr                                         
1     00009038  ___TI_dtors_ptr                                           
1     0000903a  _ti_sysbios_family_c28_Hwi_Instance_State_1_hookEnv__A    
1     0000903c  _ti_sysbios_family_c28_Hwi_Instance_State_2_hookEnv__A    
1     0000903e  _ti_sysbios_family_c28_Hwi_Instance_State_3_hookEnv__A    
1     00009040  _ti_sysbios_family_c28_Hwi_Object__table__V               
1     00009080  _ti_sysbios_knl_Swi_Module_State_0_readyQ__A              
1     000090c0  _ti_sysbios_knl_Task_Module_State_0_readyQ__A             
1     00009100  _ti_sysbios_knl_Semaphore_Object__table__V                
1     0000911e  _ti_sysbios_gates_GateHwi_Object__table__V                
1     00009120  _ti_sysbios_knl_Swi_Instance_State_0_hookEnv__A           
1     00009122  _ti_sysbios_knl_Swi_Instance_State_1_hookEnv__A           
1     00009124  _ti_sysbios_knl_Task_Instance_State_0_hookEnv__A          
1     00009126  _ti_sysbios_knl_Task_Instance_State_1_hookEnv__A          
1     00009128  _ti_sysbios_knl_Task_Instance_State_2_hookEnv__A          
1     0000912a  _ti_sysbios_knl_Task_Instance_State_3_hookEnv__A          
1     0000912c  _ti_sysbios_knl_Task_Module_State_0_idleTask__A           
1     0000912e  _ti_sysbios_utils_Load_Module_State_0_runningTask__A      
1     00009130  _ti_sysbios_utils_Load_Module_State_0_taskStartTime__A    
1     00009132  _errno                                                    
1     00009140  __CIOBUF_                                                 
1     00047000  _Emif1Regs                                                
1     00047800  _Emif2Regs                                                
1     00048000  _CanaRegs                                                 
1     0004a000  _CanbRegs                                                 
1     00050000  _IpcRegs                                                  
1     00050024  _FlashPumpSemaphoreRegs                                   
1     0005d000  _DevCfgRegs                                               
1     0005d180  _AnalogSubsysRegs                                         
1     0005d200  _ClkCfgRegs                                               
1     0005d300  _CpuSysRegs                                               
1     0005e608  _RomPrefetchRegs                                          
1     0005f000  _DcsmZ1Regs                                               
1     0005f040  _DcsmZ2Regs                                               
1     0005f070  _DcsmCommonRegs                                           
1     0005f400  _MemCfgRegs                                               
1     0005f480  _Emif1ConfigRegs                                          
1     0005f4a0  _Emif2ConfigRegs                                          
1     0005f4c0  _AccessProtectionRegs                                     
1     0005f500  _MemoryErrorRegs                                          
1     0005f540  _RomWaitStateRegs                                         
1     0005f800  _Flash0CtrlRegs                                           
1     0005fb00  _Flash0EccRegs                                            
abs   00000000  _RamfuncsLoadSize                                         
abs   00000000  _RamfuncsRunSize                                          
abs   00000001  _xdc_rov_runtime_Mon__checksum                            
abs   00000001  _xdc_rov_runtime_Mon__write                               
abs   00000001  _xdc_runtime_Startup__EXECFXN__C                          
abs   00000001  _xdc_runtime_Startup__RESETFXN__C                         
abs   00000100  __STACK_SIZE                                              
abs   ffffffff  ___TI_pprof_out_hndl                                      
abs   ffffffff  ___TI_prof_data_size                                      
abs   ffffffff  ___TI_prof_data_start                                     
abs   ffffffff  ___c_args__                                               
abs   ffffffff  ___pinit__                                                
abs   ffffffff  pinit                                                     

[771 symbols]
