<?xml version="1.0" encoding="ISO-8859-1" ?>
<link_info>
   <banner>TMS320C2000 Linker PC v20.2.5.LTS</banner>
   <copyright>Copyright (c) 1996-2018 Texas Instruments Incorporated</copyright>
   <link_time>0x656e63b1</link_time>
   <link_errors>0x0</link_errors>
   <output_file>Lab2Idle.out</output_file>
   <entry_point>
      <name>_c_int00</name>
      <address>0x89576</address>
   </entry_point>
   <input_file_list>
      <input_file id="fl-2">
         <path>.\</path>
         <kind>object</kind>
         <file>DelayUs.obj</file>
         <name>DelayUs.obj</name>
      </input_file>
      <input_file id="fl-3">
         <path>.\</path>
         <kind>object</kind>
         <file>F2837xD_GlobalVariableDefs.obj</file>
         <name>F2837xD_GlobalVariableDefs.obj</name>
      </input_file>
      <input_file id="fl-4">
         <path>.\</path>
         <kind>object</kind>
         <file>SoilMonitor_DevInit.obj</file>
         <name>SoilMonitor_DevInit.obj</name>
      </input_file>
      <input_file id="fl-5">
         <path>.\</path>
         <kind>object</kind>
         <file>SoilMonitor_main.obj</file>
         <name>SoilMonitor_main.obj</name>
      </input_file>
      <input_file id="fl-6">
         <path>.\</path>
         <kind>object</kind>
         <file>i2c_driver.obj</file>
         <name>i2c_driver.obj</name>
      </input_file>
      <input_file id="fl-7">
         <path>.\</path>
         <kind>object</kind>
         <file>ultrasonic.obj</file>
         <name>ultrasonic.obj</name>
      </input_file>
      <input_file id="fl-b">
         <path>C:\Users\Danial\Documents\GitHub\soil_monitor_c2000\Debug\configPkg\package\cfg\</path>
         <kind>object</kind>
         <file>app_p28FP.o28FP</file>
         <name>app_p28FP.o28FP</name>
      </input_file>
      <input_file id="fl-12">
         <kind>object</kind>
         <file>&lt;internal&gt;</file>
         <name>&lt;internal&gt;</name>
      </input_file>
      <input_file id="fl-13">
         <path>C:\Users\Danial\Documents\GitHub\soil_monitor_c2000\src\sysbios\</path>
         <kind>archive</kind>
         <file>sysbios.a28FP</file>
         <name>BIOS.obj</name>
      </input_file>
      <input_file id="fl-14">
         <path>C:\Users\Danial\Documents\GitHub\soil_monitor_c2000\src\sysbios\</path>
         <kind>archive</kind>
         <file>sysbios.a28FP</file>
         <name>c28_Hwi_asm.obj</name>
      </input_file>
      <input_file id="fl-15">
         <path>C:\Users\Danial\Documents\GitHub\soil_monitor_c2000\src\sysbios\</path>
         <kind>archive</kind>
         <file>sysbios.a28FP</file>
         <name>c28_Hwi_disp_asm.obj</name>
      </input_file>
      <input_file id="fl-16">
         <path>C:\Users\Danial\Documents\GitHub\soil_monitor_c2000\src\sysbios\</path>
         <kind>archive</kind>
         <file>sysbios.a28FP</file>
         <name>c28_IntrinsicsSupport_asm.obj</name>
      </input_file>
      <input_file id="fl-17">
         <path>C:\Users\Danial\Documents\GitHub\soil_monitor_c2000\src\sysbios\</path>
         <kind>archive</kind>
         <file>sysbios.a28FP</file>
         <name>c28_TaskSupport_asm.obj</name>
      </input_file>
      <input_file id="fl-18">
         <path>C:\ti\bios_6_83_00_18\packages\ti\targets\rts2800\lib\</path>
         <kind>archive</kind>
         <file>ti.targets.rts2800.a28FP</file>
         <name>Assert.o28FP</name>
      </input_file>
      <input_file id="fl-19">
         <path>C:\ti\bios_6_83_00_18\packages\ti\targets\rts2800\lib\</path>
         <kind>archive</kind>
         <file>ti.targets.rts2800.a28FP</file>
         <name>Core-mem.o28FP</name>
      </input_file>
      <input_file id="fl-1a">
         <path>C:\ti\bios_6_83_00_18\packages\ti\targets\rts2800\lib\</path>
         <kind>archive</kind>
         <file>ti.targets.rts2800.a28FP</file>
         <name>Core-smem.o28FP</name>
      </input_file>
      <input_file id="fl-1b">
         <path>C:\ti\bios_6_83_00_18\packages\ti\targets\rts2800\lib\</path>
         <kind>archive</kind>
         <file>ti.targets.rts2800.a28FP</file>
         <name>Core-params.o28FP</name>
      </input_file>
      <input_file id="fl-1c">
         <path>C:\ti\bios_6_83_00_18\packages\ti\targets\rts2800\lib\</path>
         <kind>archive</kind>
         <file>ti.targets.rts2800.a28FP</file>
         <name>Error.o28FP</name>
      </input_file>
      <input_file id="fl-1d">
         <path>C:\ti\bios_6_83_00_18\packages\ti\targets\rts2800\lib\</path>
         <kind>archive</kind>
         <file>ti.targets.rts2800.a28FP</file>
         <name>Gate.o28FP</name>
      </input_file>
      <input_file id="fl-1e">
         <path>C:\ti\bios_6_83_00_18\packages\ti\targets\rts2800\lib\</path>
         <kind>archive</kind>
         <file>ti.targets.rts2800.a28FP</file>
         <name>HeapStd.o28FP</name>
      </input_file>
      <input_file id="fl-1f">
         <path>C:\ti\bios_6_83_00_18\packages\ti\targets\rts2800\lib\</path>
         <kind>archive</kind>
         <file>ti.targets.rts2800.a28FP</file>
         <name>LoggerBuf.o28FP</name>
      </input_file>
      <input_file id="fl-20">
         <path>C:\ti\bios_6_83_00_18\packages\ti\targets\rts2800\lib\</path>
         <kind>archive</kind>
         <file>ti.targets.rts2800.a28FP</file>
         <name>Memory.o28FP</name>
      </input_file>
      <input_file id="fl-21">
         <path>C:\ti\bios_6_83_00_18\packages\ti\targets\rts2800\lib\</path>
         <kind>archive</kind>
         <file>ti.targets.rts2800.a28FP</file>
         <name>Startup.o28FP</name>
      </input_file>
      <input_file id="fl-22">
         <path>C:\ti\bios_6_83_00_18\packages\ti\targets\rts2800\lib\</path>
         <kind>archive</kind>
         <file>ti.targets.rts2800.a28FP</file>
         <name>System.o28FP</name>
      </input_file>
      <input_file id="fl-23">
         <path>C:\ti\bios_6_83_00_18\packages\ti\targets\rts2800\lib\</path>
         <kind>archive</kind>
         <file>ti.targets.rts2800.a28FP</file>
         <name>SysMin.o28FP</name>
      </input_file>
      <input_file id="fl-24">
         <path>C:\ti\bios_6_83_00_18\packages\ti\targets\rts2800\lib\</path>
         <kind>archive</kind>
         <file>ti.targets.rts2800.a28FP</file>
         <name>Text.o28FP</name>
      </input_file>
      <input_file id="fl-25">
         <path>C:\ti\bios_6_83_00_18\packages\ti\targets\rts2800\lib\</path>
         <kind>archive</kind>
         <file>ti.targets.rts2800.a28FP</file>
         <name>Timestamp.o28FP</name>
      </input_file>
      <input_file id="fl-26">
         <path>C:\ti\bios_6_83_00_18\packages\ti\targets\rts2800\lib\</path>
         <kind>archive</kind>
         <file>ti.targets.rts2800.a28FP</file>
         <name>TimestampNull.o28FP</name>
      </input_file>
      <input_file id="fl-27">
         <path>C:\ti\bios_6_83_00_18\packages\ti\targets\rts2800\lib\</path>
         <kind>archive</kind>
         <file>ti.targets.rts2800.a28FP</file>
         <name>xdc_noinit.o28FP</name>
      </input_file>
      <input_file id="fl-28">
         <path>C:\ti\bios_6_83_00_18\packages\ti\targets\rts2800\lib\</path>
         <kind>archive</kind>
         <file>ti.targets.rts2800.a28FP</file>
         <name>Log.o28FP</name>
      </input_file>
      <input_file id="fl-29">
         <path>C:\ti\bios_6_83_00_18\packages\ti\targets\rts2800\lib\</path>
         <kind>archive</kind>
         <file>ti.targets.rts2800.a28FP</file>
         <name>Registry.o28FP</name>
      </input_file>
      <input_file id="fl-2a">
         <path>C:\ti\bios_6_83_00_18\packages\ti\targets\rts2800\lib\</path>
         <kind>archive</kind>
         <file>boot.a28FP</file>
         <name>boot_cg.o28FP</name>
      </input_file>
      <input_file id="fl-2b">
         <path>C:\ti\bios_6_83_00_18\packages\ti\catalog\c2800\initF2837x\lib\</path>
         <kind>archive</kind>
         <file>Boot.a28FP</file>
         <name>Boot.o28FP</name>
      </input_file>
      <input_file id="fl-2c">
         <path>C:\ti\bios_6_83_00_18\packages\ti\catalog\c2800\initF2837x\lib\</path>
         <kind>archive</kind>
         <file>Boot.a28FP</file>
         <name>Boot_asm.o28FP</name>
      </input_file>
      <input_file id="fl-38">
         <path>C:\ti\ccs1040\ccs\tools\compiler\ti-cgt-c2000_20.2.5.LTS\lib\</path>
         <kind>archive</kind>
         <file>rts2800_fpu32.lib</file>
         <name>ll_div28.asm.obj</name>
      </input_file>
      <input_file id="fl-39">
         <path>C:\ti\ccs1040\ccs\tools\compiler\ti-cgt-c2000_20.2.5.LTS\lib\</path>
         <kind>archive</kind>
         <file>rts2800_fpu32.lib</file>
         <name>i_div28.asm.obj</name>
      </input_file>
      <input_file id="fl-3a">
         <path>C:\ti\ccs1040\ccs\tools\compiler\ti-cgt-c2000_20.2.5.LTS\lib\</path>
         <kind>archive</kind>
         <file>rts2800_fpu32.lib</file>
         <name>u_div28.asm.obj</name>
      </input_file>
      <input_file id="fl-3b">
         <path>C:\ti\ccs1040\ccs\tools\compiler\ti-cgt-c2000_20.2.5.LTS\lib\</path>
         <kind>archive</kind>
         <file>rts2800_fpu32.lib</file>
         <name>cpy_tbl.c.obj</name>
      </input_file>
      <input_file id="fl-3c">
         <path>C:\ti\ccs1040\ccs\tools\compiler\ti-cgt-c2000_20.2.5.LTS\lib\</path>
         <kind>archive</kind>
         <file>rts2800_fpu32.lib</file>
         <name>memcpy.c.obj</name>
      </input_file>
      <input_file id="fl-3d">
         <path>C:\ti\ccs1040\ccs\tools\compiler\ti-cgt-c2000_20.2.5.LTS\lib\</path>
         <kind>archive</kind>
         <file>rts2800_fpu32.lib</file>
         <name>pre_init.c.obj</name>
      </input_file>
      <input_file id="fl-3e">
         <path>C:\ti\ccs1040\ccs\tools\compiler\ti-cgt-c2000_20.2.5.LTS\lib\</path>
         <kind>archive</kind>
         <file>rts2800_fpu32.lib</file>
         <name>startup.c.obj</name>
      </input_file>
      <input_file id="fl-3f">
         <path>C:\ti\ccs1040\ccs\tools\compiler\ti-cgt-c2000_20.2.5.LTS\lib\</path>
         <kind>archive</kind>
         <file>rts2800_fpu32.lib</file>
         <name>exit.c.obj</name>
      </input_file>
      <input_file id="fl-40">
         <path>C:\ti\ccs1040\ccs\tools\compiler\ti-cgt-c2000_20.2.5.LTS\lib\</path>
         <kind>archive</kind>
         <file>rts2800_fpu32.lib</file>
         <name>_lock.c.obj</name>
      </input_file>
      <input_file id="fl-41">
         <path>C:\ti\ccs1040\ccs\tools\compiler\ti-cgt-c2000_20.2.5.LTS\lib\</path>
         <kind>archive</kind>
         <file>rts2800_fpu32.lib</file>
         <name>args_main.c.obj</name>
      </input_file>
      <input_file id="fl-42">
         <path>C:\ti\ccs1040\ccs\tools\compiler\ti-cgt-c2000_20.2.5.LTS\lib\</path>
         <kind>archive</kind>
         <file>rts2800_fpu32.lib</file>
         <name>memset.c.obj</name>
      </input_file>
      <input_file id="fl-43">
         <path>C:\ti\ccs1040\ccs\tools\compiler\ti-cgt-c2000_20.2.5.LTS\lib\</path>
         <kind>archive</kind>
         <file>rts2800_fpu32.lib</file>
         <name>strcmp.c.obj</name>
      </input_file>
      <input_file id="fl-44">
         <path>C:\ti\ccs1040\ccs\tools\compiler\ti-cgt-c2000_20.2.5.LTS\lib\</path>
         <kind>archive</kind>
         <file>rts2800_fpu32.lib</file>
         <name>strlen.c.obj</name>
      </input_file>
      <input_file id="fl-45">
         <path>C:\ti\ccs1040\ccs\tools\compiler\ti-cgt-c2000_20.2.5.LTS\lib\</path>
         <kind>archive</kind>
         <file>rts2800_fpu32.lib</file>
         <name>hostwrite.c.obj</name>
      </input_file>
      <input_file id="fl-46">
         <path>C:\ti\ccs1040\ccs\tools\compiler\ti-cgt-c2000_20.2.5.LTS\lib\</path>
         <kind>archive</kind>
         <file>rts2800_fpu32.lib</file>
         <name>trgmsg.c.obj</name>
      </input_file>
      <input_file id="fl-47">
         <path>C:\ti\ccs1040\ccs\tools\compiler\ti-cgt-c2000_20.2.5.LTS\lib\</path>
         <kind>archive</kind>
         <file>rts2800_fpu32.lib</file>
         <name>hostopen.c.obj</name>
      </input_file>
   </input_file_list>
   <object_component_list>
      <object_component id="oc-104">
         <name>PieVectTableFile</name>
         <uninitialized>true</uninitialized>
         <run_address>0xd00</run_address>
         <size>0x1c0</size>
         <input_file_ref idref="fl-3"/>
      </object_component>
      <object_component id="oc-d4">
         <name>AccessProtectionRegsFile</name>
         <uninitialized>true</uninitialized>
         <run_address>0x5f4c0</run_address>
         <size>0x2e</size>
         <input_file_ref idref="fl-3"/>
      </object_component>
      <object_component id="oc-e9">
         <name>AdcaRegsFile</name>
         <uninitialized>true</uninitialized>
         <run_address>0x7400</run_address>
         <size>0x7c</size>
         <input_file_ref idref="fl-3"/>
      </object_component>
      <object_component id="oc-ea">
         <name>AdcbRegsFile</name>
         <uninitialized>true</uninitialized>
         <run_address>0x7480</run_address>
         <size>0x7c</size>
         <input_file_ref idref="fl-3"/>
      </object_component>
      <object_component id="oc-eb">
         <name>AdccRegsFile</name>
         <uninitialized>true</uninitialized>
         <run_address>0x7500</run_address>
         <size>0x7c</size>
         <input_file_ref idref="fl-3"/>
      </object_component>
      <object_component id="oc-ec">
         <name>AdcdRegsFile</name>
         <uninitialized>true</uninitialized>
         <run_address>0x7580</run_address>
         <size>0x7c</size>
         <input_file_ref idref="fl-3"/>
      </object_component>
      <object_component id="oc-b1">
         <name>AdcaResultRegsFile</name>
         <uninitialized>true</uninitialized>
         <run_address>0xb00</run_address>
         <size>0x18</size>
         <input_file_ref idref="fl-3"/>
      </object_component>
      <object_component id="oc-b2">
         <name>AdcbResultRegsFile</name>
         <uninitialized>true</uninitialized>
         <run_address>0xb20</run_address>
         <size>0x18</size>
         <input_file_ref idref="fl-3"/>
      </object_component>
      <object_component id="oc-b3">
         <name>AdccResultRegsFile</name>
         <uninitialized>true</uninitialized>
         <run_address>0xb40</run_address>
         <size>0x18</size>
         <input_file_ref idref="fl-3"/>
      </object_component>
      <object_component id="oc-b4">
         <name>AdcdResultRegsFile</name>
         <uninitialized>true</uninitialized>
         <run_address>0xb60</run_address>
         <size>0x18</size>
         <input_file_ref idref="fl-3"/>
      </object_component>
      <object_component id="oc-d8">
         <name>AnalogSubsysRegsFile</name>
         <uninitialized>true</uninitialized>
         <run_address>0x5d180</run_address>
         <size>0x3e</size>
         <input_file_ref idref="fl-3"/>
      </object_component>
      <object_component id="oc-100">
         <name>CanaRegsFile</name>
         <uninitialized>true</uninitialized>
         <run_address>0x48000</run_address>
         <size>0x164</size>
         <input_file_ref idref="fl-3"/>
      </object_component>
      <object_component id="oc-101">
         <name>CanbRegsFile</name>
         <uninitialized>true</uninitialized>
         <run_address>0x4a000</run_address>
         <size>0x164</size>
         <input_file_ref idref="fl-3"/>
      </object_component>
      <object_component id="oc-d9">
         <name>Cla1RegsFile</name>
         <uninitialized>true</uninitialized>
         <run_address>0x1400</run_address>
         <size>0x3e</size>
         <input_file_ref idref="fl-3"/>
      </object_component>
      <object_component id="oc-fb">
         <name>Clb1DataExchRegsFile</name>
         <uninitialized>true</uninitialized>
         <run_address>0x3200</run_address>
         <size>0x108</size>
         <input_file_ref idref="fl-3"/>
      </object_component>
      <object_component id="oc-fc">
         <name>Clb2DataExchRegsFile</name>
         <uninitialized>true</uninitialized>
         <run_address>0x3600</run_address>
         <size>0x108</size>
         <input_file_ref idref="fl-3"/>
      </object_component>
      <object_component id="oc-fd">
         <name>Clb3DataExchRegsFile</name>
         <uninitialized>true</uninitialized>
         <run_address>0x3a00</run_address>
         <size>0x108</size>
         <input_file_ref idref="fl-3"/>
      </object_component>
      <object_component id="oc-fe">
         <name>Clb4DataExchRegsFile</name>
         <uninitialized>true</uninitialized>
         <run_address>0x3e00</run_address>
         <size>0x108</size>
         <input_file_ref idref="fl-3"/>
      </object_component>
      <object_component id="oc-da">
         <name>Clb1LogicCfgRegsFile</name>
         <uninitialized>true</uninitialized>
         <run_address>0x3000</run_address>
         <size>0x3e</size>
         <input_file_ref idref="fl-3"/>
      </object_component>
      <object_component id="oc-db">
         <name>Clb2LogicCfgRegsFile</name>
         <uninitialized>true</uninitialized>
         <run_address>0x3400</run_address>
         <size>0x3e</size>
         <input_file_ref idref="fl-3"/>
      </object_component>
      <object_component id="oc-dc">
         <name>Clb3LogicCfgRegsFile</name>
         <uninitialized>true</uninitialized>
         <run_address>0x3800</run_address>
         <size>0x3e</size>
         <input_file_ref idref="fl-3"/>
      </object_component>
      <object_component id="oc-dd">
         <name>Clb4LogicCfgRegsFile</name>
         <uninitialized>true</uninitialized>
         <run_address>0x3c00</run_address>
         <size>0x3e</size>
         <input_file_ref idref="fl-3"/>
      </object_component>
      <object_component id="oc-de">
         <name>Clb1LogicCtrlRegsFile</name>
         <uninitialized>true</uninitialized>
         <run_address>0x3100</run_address>
         <size>0x40</size>
         <input_file_ref idref="fl-3"/>
      </object_component>
      <object_component id="oc-df">
         <name>Clb2LogicCtrlRegsFile</name>
         <uninitialized>true</uninitialized>
         <run_address>0x3500</run_address>
         <size>0x40</size>
         <input_file_ref idref="fl-3"/>
      </object_component>
      <object_component id="oc-e0">
         <name>Clb3LogicCtrlRegsFile</name>
         <uninitialized>true</uninitialized>
         <run_address>0x3900</run_address>
         <size>0x40</size>
         <input_file_ref idref="fl-3"/>
      </object_component>
      <object_component id="oc-e1">
         <name>Clb4LogicCtrlRegsFile</name>
         <uninitialized>true</uninitialized>
         <run_address>0x3d00</run_address>
         <size>0x40</size>
         <input_file_ref idref="fl-3"/>
      </object_component>
      <object_component id="oc-e2">
         <name>ClbXbarRegsFile</name>
         <uninitialized>true</uninitialized>
         <run_address>0x7a40</run_address>
         <size>0x40</size>
         <input_file_ref idref="fl-3"/>
      </object_component>
      <object_component id="oc-d6">
         <name>ClkCfgRegsFile</name>
         <uninitialized>true</uninitialized>
         <run_address>0x5d200</run_address>
         <size>0x32</size>
         <input_file_ref idref="fl-3"/>
      </object_component>
      <object_component id="oc-bd">
         <name>Cmpss1RegsFile</name>
         <uninitialized>true</uninitialized>
         <run_address>0x5c80</run_address>
         <size>0x1b</size>
         <input_file_ref idref="fl-3"/>
      </object_component>
      <object_component id="oc-be">
         <name>Cmpss2RegsFile</name>
         <uninitialized>true</uninitialized>
         <run_address>0x5ca0</run_address>
         <size>0x1b</size>
         <input_file_ref idref="fl-3"/>
      </object_component>
      <object_component id="oc-bf">
         <name>Cmpss3RegsFile</name>
         <uninitialized>true</uninitialized>
         <run_address>0x5cc0</run_address>
         <size>0x1b</size>
         <input_file_ref idref="fl-3"/>
      </object_component>
      <object_component id="oc-c0">
         <name>Cmpss4RegsFile</name>
         <uninitialized>true</uninitialized>
         <run_address>0x5ce0</run_address>
         <size>0x1b</size>
         <input_file_ref idref="fl-3"/>
      </object_component>
      <object_component id="oc-c1">
         <name>Cmpss5RegsFile</name>
         <uninitialized>true</uninitialized>
         <run_address>0x5d00</run_address>
         <size>0x1b</size>
         <input_file_ref idref="fl-3"/>
      </object_component>
      <object_component id="oc-c2">
         <name>Cmpss6RegsFile</name>
         <uninitialized>true</uninitialized>
         <run_address>0x5d20</run_address>
         <size>0x1b</size>
         <input_file_ref idref="fl-3"/>
      </object_component>
      <object_component id="oc-c3">
         <name>Cmpss7RegsFile</name>
         <uninitialized>true</uninitialized>
         <run_address>0x5d40</run_address>
         <size>0x1b</size>
         <input_file_ref idref="fl-3"/>
      </object_component>
      <object_component id="oc-c4">
         <name>Cmpss8RegsFile</name>
         <uninitialized>true</uninitialized>
         <run_address>0x5d60</run_address>
         <size>0x1b</size>
         <input_file_ref idref="fl-3"/>
      </object_component>
      <object_component id="oc-a3">
         <name>CpuTimer0RegsFile</name>
         <uninitialized>true</uninitialized>
         <run_address>0xc00</run_address>
         <size>0x8</size>
         <input_file_ref idref="fl-3"/>
      </object_component>
      <object_component id="oc-a4">
         <name>CpuTimer1RegsFile</name>
         <uninitialized>true</uninitialized>
         <run_address>0xc08</run_address>
         <size>0x8</size>
         <input_file_ref idref="fl-3"/>
      </object_component>
      <object_component id="oc-a5">
         <name>CpuTimer2RegsFile</name>
         <uninitialized>true</uninitialized>
         <run_address>0xc10</run_address>
         <size>0x8</size>
         <input_file_ref idref="fl-3"/>
      </object_component>
      <object_component id="oc-ed">
         <name>CpuSysRegsFile</name>
         <uninitialized>true</uninitialized>
         <run_address>0x5d300</run_address>
         <size>0x82</size>
         <input_file_ref idref="fl-3"/>
      </object_component>
      <object_component id="oc-9f">
         <name>DacaRegsFile</name>
         <uninitialized>true</uninitialized>
         <run_address>0x5c00</run_address>
         <size>0x7</size>
         <input_file_ref idref="fl-3"/>
      </object_component>
      <object_component id="oc-a0">
         <name>DacbRegsFile</name>
         <uninitialized>true</uninitialized>
         <run_address>0x5c10</run_address>
         <size>0x7</size>
         <input_file_ref idref="fl-3"/>
      </object_component>
      <object_component id="oc-a1">
         <name>DaccRegsFile</name>
         <uninitialized>true</uninitialized>
         <run_address>0x5c20</run_address>
         <size>0x7</size>
         <input_file_ref idref="fl-3"/>
      </object_component>
      <object_component id="oc-9d">
         <name>DcsmCommonRegsFile</name>
         <uninitialized>true</uninitialized>
         <run_address>0x5f070</run_address>
         <size>0x6</size>
         <input_file_ref idref="fl-3"/>
      </object_component>
      <object_component id="oc-c6">
         <name>DcsmZ1RegsFile</name>
         <uninitialized>true</uninitialized>
         <run_address>0x5f000</run_address>
         <size>0x22</size>
         <input_file_ref idref="fl-3"/>
      </object_component>
      <object_component id="oc-c7">
         <name>DcsmZ2RegsFile</name>
         <uninitialized>true</uninitialized>
         <run_address>0x5f040</run_address>
         <size>0x22</size>
         <input_file_ref idref="fl-3"/>
      </object_component>
      <object_component id="oc-ff">
         <name>DevCfgRegsFile</name>
         <uninitialized>true</uninitialized>
         <run_address>0x5d000</run_address>
         <size>0x12e</size>
         <input_file_ref idref="fl-3"/>
      </object_component>
      <object_component id="oc-b5">
         <name>DmaClaSrcSelRegsFile</name>
         <uninitialized>true</uninitialized>
         <run_address>0x7980</run_address>
         <size>0x1a</size>
         <input_file_ref idref="fl-3"/>
      </object_component>
      <object_component id="oc-ee">
         <name>DmaRegsFile</name>
         <uninitialized>true</uninitialized>
         <run_address>0x1000</run_address>
         <size>0xe0</size>
         <input_file_ref idref="fl-3"/>
      </object_component>
      <object_component id="oc-b6">
         <name>ECap1RegsFile</name>
         <uninitialized>true</uninitialized>
         <run_address>0x5000</run_address>
         <size>0x1a</size>
         <input_file_ref idref="fl-3"/>
      </object_component>
      <object_component id="oc-b7">
         <name>ECap2RegsFile</name>
         <uninitialized>true</uninitialized>
         <run_address>0x5020</run_address>
         <size>0x1a</size>
         <input_file_ref idref="fl-3"/>
      </object_component>
      <object_component id="oc-b8">
         <name>ECap3RegsFile</name>
         <uninitialized>true</uninitialized>
         <run_address>0x5040</run_address>
         <size>0x1a</size>
         <input_file_ref idref="fl-3"/>
      </object_component>
      <object_component id="oc-b9">
         <name>ECap4RegsFile</name>
         <uninitialized>true</uninitialized>
         <run_address>0x5060</run_address>
         <size>0x1a</size>
         <input_file_ref idref="fl-3"/>
      </object_component>
      <object_component id="oc-ba">
         <name>ECap5RegsFile</name>
         <uninitialized>true</uninitialized>
         <run_address>0x5080</run_address>
         <size>0x1a</size>
         <input_file_ref idref="fl-3"/>
      </object_component>
      <object_component id="oc-bb">
         <name>ECap6RegsFile</name>
         <uninitialized>true</uninitialized>
         <run_address>0x50a0</run_address>
         <size>0x1a</size>
         <input_file_ref idref="fl-3"/>
      </object_component>
      <object_component id="oc-a6">
         <name>Emif1ConfigRegsFile</name>
         <uninitialized>true</uninitialized>
         <run_address>0x5f480</run_address>
         <size>0xa</size>
         <input_file_ref idref="fl-3"/>
      </object_component>
      <object_component id="oc-a7">
         <name>Emif2ConfigRegsFile</name>
         <uninitialized>true</uninitialized>
         <run_address>0x5f4a0</run_address>
         <size>0xa</size>
         <input_file_ref idref="fl-3"/>
      </object_component>
      <object_component id="oc-d0">
         <name>Emif1RegsFile</name>
         <uninitialized>true</uninitialized>
         <run_address>0x47000</run_address>
         <size>0x28</size>
         <input_file_ref idref="fl-3"/>
      </object_component>
      <object_component id="oc-d1">
         <name>Emif2RegsFile</name>
         <uninitialized>true</uninitialized>
         <run_address>0x47800</run_address>
         <size>0x28</size>
         <input_file_ref idref="fl-3"/>
      </object_component>
      <object_component id="oc-ef">
         <name>EPwm1RegsFile</name>
         <uninitialized>true</uninitialized>
         <run_address>0x4000</run_address>
         <size>0x100</size>
         <input_file_ref idref="fl-3"/>
      </object_component>
      <object_component id="oc-f0">
         <name>EPwm2RegsFile</name>
         <uninitialized>true</uninitialized>
         <run_address>0x4100</run_address>
         <size>0x100</size>
         <input_file_ref idref="fl-3"/>
      </object_component>
      <object_component id="oc-f1">
         <name>EPwm3RegsFile</name>
         <uninitialized>true</uninitialized>
         <run_address>0x4200</run_address>
         <size>0x100</size>
         <input_file_ref idref="fl-3"/>
      </object_component>
      <object_component id="oc-f2">
         <name>EPwm4RegsFile</name>
         <uninitialized>true</uninitialized>
         <run_address>0x4300</run_address>
         <size>0x100</size>
         <input_file_ref idref="fl-3"/>
      </object_component>
      <object_component id="oc-f3">
         <name>EPwm5RegsFile</name>
         <uninitialized>true</uninitialized>
         <run_address>0x4400</run_address>
         <size>0x100</size>
         <input_file_ref idref="fl-3"/>
      </object_component>
      <object_component id="oc-f4">
         <name>EPwm6RegsFile</name>
         <uninitialized>true</uninitialized>
         <run_address>0x4500</run_address>
         <size>0x100</size>
         <input_file_ref idref="fl-3"/>
      </object_component>
      <object_component id="oc-f5">
         <name>EPwm7RegsFile</name>
         <uninitialized>true</uninitialized>
         <run_address>0x4600</run_address>
         <size>0x100</size>
         <input_file_ref idref="fl-3"/>
      </object_component>
      <object_component id="oc-f6">
         <name>EPwm8RegsFile</name>
         <uninitialized>true</uninitialized>
         <run_address>0x4700</run_address>
         <size>0x100</size>
         <input_file_ref idref="fl-3"/>
      </object_component>
      <object_component id="oc-f7">
         <name>EPwm9RegsFile</name>
         <uninitialized>true</uninitialized>
         <run_address>0x4800</run_address>
         <size>0x100</size>
         <input_file_ref idref="fl-3"/>
      </object_component>
      <object_component id="oc-f8">
         <name>EPwm10RegsFile</name>
         <uninitialized>true</uninitialized>
         <run_address>0x4900</run_address>
         <size>0x100</size>
         <input_file_ref idref="fl-3"/>
      </object_component>
      <object_component id="oc-f9">
         <name>EPwm11RegsFile</name>
         <uninitialized>true</uninitialized>
         <run_address>0x4a00</run_address>
         <size>0x100</size>
         <input_file_ref idref="fl-3"/>
      </object_component>
      <object_component id="oc-fa">
         <name>EPwm12RegsFile</name>
         <uninitialized>true</uninitialized>
         <run_address>0x4b00</run_address>
         <size>0x100</size>
         <input_file_ref idref="fl-3"/>
      </object_component>
      <object_component id="oc-e3">
         <name>EPwmXbarRegsFile</name>
         <uninitialized>true</uninitialized>
         <run_address>0x7a00</run_address>
         <size>0x40</size>
         <input_file_ref idref="fl-3"/>
      </object_component>
      <object_component id="oc-c8">
         <name>EQep1RegsFile</name>
         <uninitialized>true</uninitialized>
         <run_address>0x5100</run_address>
         <size>0x22</size>
         <input_file_ref idref="fl-3"/>
      </object_component>
      <object_component id="oc-c9">
         <name>EQep2RegsFile</name>
         <uninitialized>true</uninitialized>
         <run_address>0x5140</run_address>
         <size>0x22</size>
         <input_file_ref idref="fl-3"/>
      </object_component>
      <object_component id="oc-ca">
         <name>EQep3RegsFile</name>
         <uninitialized>true</uninitialized>
         <run_address>0x5180</run_address>
         <size>0x22</size>
         <input_file_ref idref="fl-3"/>
      </object_component>
      <object_component id="oc-103">
         <name>Flash0CtrlRegsFile</name>
         <uninitialized>true</uninitialized>
         <run_address>0x5f800</run_address>
         <size>0x182</size>
         <input_file_ref idref="fl-3"/>
      </object_component>
      <object_component id="oc-d2">
         <name>Flash0EccRegsFile</name>
         <uninitialized>true</uninitialized>
         <run_address>0x5fb00</run_address>
         <size>0x28</size>
         <input_file_ref idref="fl-3"/>
      </object_component>
      <object_component id="oc-9a">
         <name>FlashPumpSemaphoreRegsFile</name>
         <uninitialized>true</uninitialized>
         <run_address>0x50024</run_address>
         <size>0x2</size>
         <input_file_ref idref="fl-3"/>
      </object_component>
      <object_component id="oc-102">
         <name>GpioCtrlRegsFile</name>
         <uninitialized>true</uninitialized>
         <run_address>0x7c00</run_address>
         <size>0x180</size>
         <input_file_ref idref="fl-3"/>
      </object_component>
      <object_component id="oc-d5">
         <name>GpioDataRegsFile</name>
         <uninitialized>true</uninitialized>
         <run_address>0x7f00</run_address>
         <size>0x30</size>
         <input_file_ref idref="fl-3"/>
      </object_component>
      <object_component id="oc-cb">
         <name>I2caRegsFile</name>
         <uninitialized>true</uninitialized>
         <run_address>0x7300</run_address>
         <size>0x22</size>
         <input_file_ref idref="fl-3"/>
      </object_component>
      <object_component id="oc-cc">
         <name>I2cbRegsFile</name>
         <uninitialized>true</uninitialized>
         <run_address>0x7340</run_address>
         <size>0x22</size>
         <input_file_ref idref="fl-3"/>
      </object_component>
      <object_component id="oc-c5">
         <name>InputXbarRegsFile</name>
         <uninitialized>true</uninitialized>
         <run_address>0x7900</run_address>
         <size>0x20</size>
         <input_file_ref idref="fl-3"/>
      </object_component>
      <object_component id="oc-cd">
         <name>IpcRegsFile</name>
         <uninitialized>true</uninitialized>
         <run_address>0x50000</run_address>
         <size>0x24</size>
         <input_file_ref idref="fl-3"/>
      </object_component>
      <object_component id="oc-d7">
         <name>MemoryErrorRegsFile</name>
         <uninitialized>true</uninitialized>
         <run_address>0x5f500</run_address>
         <size>0x3a</size>
         <input_file_ref idref="fl-3"/>
      </object_component>
      <object_component id="oc-e8">
         <name>MemCfgRegsFile</name>
         <uninitialized>true</uninitialized>
         <run_address>0x5f400</run_address>
         <size>0x76</size>
         <input_file_ref idref="fl-3"/>
      </object_component>
      <object_component id="oc-ce">
         <name>McbspaRegsFile</name>
         <uninitialized>true</uninitialized>
         <run_address>0x6000</run_address>
         <size>0x24</size>
         <input_file_ref idref="fl-3"/>
      </object_component>
      <object_component id="oc-cf">
         <name>McbspbRegsFile</name>
         <uninitialized>true</uninitialized>
         <run_address>0x6040</run_address>
         <size>0x24</size>
         <input_file_ref idref="fl-3"/>
      </object_component>
      <object_component id="oc-a2">
         <name>NmiIntruptRegsFile</name>
         <uninitialized>true</uninitialized>
         <run_address>0x7060</run_address>
         <size>0x7</size>
         <input_file_ref idref="fl-3"/>
      </object_component>
      <object_component id="oc-e4">
         <name>OutputXbarRegsFile</name>
         <uninitialized>true</uninitialized>
         <run_address>0x7a80</run_address>
         <size>0x40</size>
         <input_file_ref idref="fl-3"/>
      </object_component>
      <object_component id="oc-bc">
         <name>PieCtrlRegsFile</name>
         <uninitialized>true</uninitialized>
         <run_address>0xce0</run_address>
         <size>0x1a</size>
         <input_file_ref idref="fl-3"/>
      </object_component>
      <object_component id="oc-9b">
         <name>RomPrefetchRegsFile</name>
         <uninitialized>true</uninitialized>
         <run_address>0x5e608</run_address>
         <size>0x2</size>
         <input_file_ref idref="fl-3"/>
      </object_component>
      <object_component id="oc-9c">
         <name>RomWaitStateRegsFile</name>
         <uninitialized>true</uninitialized>
         <run_address>0x5f540</run_address>
         <size>0x2</size>
         <input_file_ref idref="fl-3"/>
      </object_component>
      <object_component id="oc-aa">
         <name>SciaRegsFile</name>
         <uninitialized>true</uninitialized>
         <run_address>0x7200</run_address>
         <size>0x10</size>
         <input_file_ref idref="fl-3"/>
      </object_component>
      <object_component id="oc-ab">
         <name>ScibRegsFile</name>
         <uninitialized>true</uninitialized>
         <run_address>0x7210</run_address>
         <size>0x10</size>
         <input_file_ref idref="fl-3"/>
      </object_component>
      <object_component id="oc-ac">
         <name>ScicRegsFile</name>
         <uninitialized>true</uninitialized>
         <run_address>0x7220</run_address>
         <size>0x10</size>
         <input_file_ref idref="fl-3"/>
      </object_component>
      <object_component id="oc-ad">
         <name>ScidRegsFile</name>
         <uninitialized>true</uninitialized>
         <run_address>0x7230</run_address>
         <size>0x10</size>
         <input_file_ref idref="fl-3"/>
      </object_component>
      <object_component id="oc-e5">
         <name>Sdfm1RegsFile</name>
         <uninitialized>true</uninitialized>
         <run_address>0x5e00</run_address>
         <size>0x48</size>
         <input_file_ref idref="fl-3"/>
      </object_component>
      <object_component id="oc-e6">
         <name>Sdfm2RegsFile</name>
         <uninitialized>true</uninitialized>
         <run_address>0x5e80</run_address>
         <size>0x48</size>
         <input_file_ref idref="fl-3"/>
      </object_component>
      <object_component id="oc-ae">
         <name>SpiaRegsFile</name>
         <uninitialized>true</uninitialized>
         <run_address>0x6100</run_address>
         <size>0x10</size>
         <input_file_ref idref="fl-3"/>
      </object_component>
      <object_component id="oc-af">
         <name>SpibRegsFile</name>
         <uninitialized>true</uninitialized>
         <run_address>0x6110</run_address>
         <size>0x10</size>
         <input_file_ref idref="fl-3"/>
      </object_component>
      <object_component id="oc-b0">
         <name>SpicRegsFile</name>
         <uninitialized>true</uninitialized>
         <run_address>0x6120</run_address>
         <size>0x10</size>
         <input_file_ref idref="fl-3"/>
      </object_component>
      <object_component id="oc-9e">
         <name>SyncSocRegsFile</name>
         <uninitialized>true</uninitialized>
         <run_address>0x7940</run_address>
         <size>0x6</size>
         <input_file_ref idref="fl-3"/>
      </object_component>
      <object_component id="oc-e7">
         <name>UppRegsFile</name>
         <uninitialized>true</uninitialized>
         <run_address>0x6200</run_address>
         <size>0x48</size>
         <input_file_ref idref="fl-3"/>
      </object_component>
      <object_component id="oc-d3">
         <name>WdRegsFile</name>
         <uninitialized>true</uninitialized>
         <run_address>0x7000</run_address>
         <size>0x2b</size>
         <input_file_ref idref="fl-3"/>
      </object_component>
      <object_component id="oc-a9">
         <name>XbarRegsFile</name>
         <uninitialized>true</uninitialized>
         <run_address>0x7920</run_address>
         <size>0xe</size>
         <input_file_ref idref="fl-3"/>
      </object_component>
      <object_component id="oc-a8">
         <name>XintRegsFile</name>
         <uninitialized>true</uninitialized>
         <run_address>0x7070</run_address>
         <size>0xb</size>
         <input_file_ref idref="fl-3"/>
      </object_component>
      <object_component id="oc-222">
         <name>.cinit:_ti_sysbios_family_c28_Hwi_Module_State_0_dispatchTable__A</name>
         <load_address>0x8002d</load_address>
         <run_address>0x8002d</run_address>
         <size>0x1c3</size>
         <input_file_ref idref="fl-b"/>
      </object_component>
      <object_component id="oc-11d">
         <name>.cinit</name>
         <load_address>0x801f0</load_address>
         <run_address>0x801f0</run_address>
         <size>0x174</size>
         <input_file_ref idref="fl-b"/>
      </object_component>
      <object_component id="oc-132">
         <name>.cinit:_ti_sysbios_knl_Task_Object__table__V</name>
         <load_address>0x80364</load_address>
         <run_address>0x80364</run_address>
         <size>0x81</size>
         <input_file_ref idref="fl-b"/>
      </object_component>
      <object_component id="oc-21d">
         <name>.cinit:_ti_sysbios_family_c28_Timer_Object__table__V</name>
         <load_address>0x803e5</load_address>
         <run_address>0x803e5</run_address>
         <size>0x4b</size>
         <input_file_ref idref="fl-b"/>
      </object_component>
      <object_component id="oc-236">
         <name>.cinit:_ti_sysbios_family_c28_Hwi_Object__table__V</name>
         <load_address>0x80430</load_address>
         <run_address>0x80430</run_address>
         <size>0x43</size>
         <input_file_ref idref="fl-b"/>
      </object_component>
      <object_component id="oc-220">
         <name>.cinit:_ti_sysbios_knl_Swi_Module_State_0_readyQ__A</name>
         <load_address>0x80473</load_address>
         <run_address>0x80473</run_address>
         <size>0x43</size>
         <input_file_ref idref="fl-b"/>
      </object_component>
      <object_component id="oc-229">
         <name>.cinit:_ti_sysbios_knl_Task_Module_State_0_readyQ__A</name>
         <load_address>0x804b6</load_address>
         <run_address>0x804b6</run_address>
         <size>0x43</size>
         <input_file_ref idref="fl-b"/>
      </object_component>
      <object_component id="oc-231">
         <name>.cinit:_ti_sysbios_utils_Load_Module_State_0_taskEnv__A</name>
         <load_address>0x804f9</load_address>
         <run_address>0x804f9</run_address>
         <size>0x2d</size>
         <input_file_ref idref="fl-b"/>
      </object_component>
      <object_component id="oc-21f">
         <name>.cinit:_ti_sysbios_knl_Swi_Object__table__V</name>
         <load_address>0x80526</load_address>
         <run_address>0x80526</run_address>
         <size>0x2b</size>
         <input_file_ref idref="fl-b"/>
      </object_component>
      <object_component id="oc-10c">
         <name>.cinit</name>
         <load_address>0x80551</load_address>
         <run_address>0x80551</run_address>
         <size>0x21</size>
         <input_file_ref idref="fl-5"/>
      </object_component>
      <object_component id="oc-234">
         <name>.cinit:_ti_sysbios_knl_Semaphore_Object__table__V</name>
         <load_address>0x80572</load_address>
         <run_address>0x80572</run_address>
         <size>0x17</size>
         <input_file_ref idref="fl-b"/>
      </object_component>
      <object_component id="oc-313">
         <name>.cinit:_xdc_runtime_LoggerBuf_Object__table__V</name>
         <load_address>0x80589</load_address>
         <run_address>0x80589</run_address>
         <size>0x15</size>
         <input_file_ref idref="fl-b"/>
      </object_component>
      <object_component id="oc-224">
         <name>.cinit:_ti_sysbios_gates_GateMutex_Object__table__V</name>
         <load_address>0x8059e</load_address>
         <run_address>0x8059e</run_address>
         <size>0x11</size>
         <input_file_ref idref="fl-b"/>
      </object_component>
      <object_component id="oc-1e0">
         <name>.cinit</name>
         <load_address>0x805af</load_address>
         <run_address>0x805af</run_address>
         <size>0xe</size>
         <input_file_ref idref="fl-3f"/>
      </object_component>
      <object_component id="oc-219">
         <name>.cinit:_xdc_runtime_System_Module_State_0_atexitHandlers__A</name>
         <load_address>0x805bd</load_address>
         <run_address>0x805bd</run_address>
         <size>0xb</size>
         <input_file_ref idref="fl-b"/>
      </object_component>
      <object_component id="oc-355">
         <name>.cinit:_xdc_runtime_HeapStd_Object__table__V</name>
         <load_address>0x805c8</load_address>
         <run_address>0x805c8</run_address>
         <size>0x9</size>
         <input_file_ref idref="fl-b"/>
      </object_component>
      <object_component id="oc-285">
         <name>.cinit:__lock</name>
         <load_address>0x805d1</load_address>
         <run_address>0x805d1</run_address>
         <size>0x5</size>
         <input_file_ref idref="fl-40"/>
      </object_component>
      <object_component id="oc-284">
         <name>.cinit:__unlock</name>
         <load_address>0x805d6</load_address>
         <run_address>0x805d6</run_address>
         <size>0x5</size>
         <input_file_ref idref="fl-40"/>
      </object_component>
      <object_component id="oc-268">
         <name>.cinit:_temperature_buffer</name>
         <load_address>0x805db</load_address>
         <run_address>0x805db</run_address>
         <size>0x5</size>
         <input_file_ref idref="fl-5"/>
      </object_component>
      <object_component id="oc-2e6">
         <name>.cinit:_ti_sysbios_gates_GateHwi_Object__table__V</name>
         <load_address>0x805e0</load_address>
         <run_address>0x805e0</run_address>
         <size>0x5</size>
         <input_file_ref idref="fl-b"/>
      </object_component>
      <object_component id="oc-22b">
         <name>.cinit:_ti_sysbios_knl_Task_Module_State_0_idleTask__A</name>
         <load_address>0x805e5</load_address>
         <run_address>0x805e5</run_address>
         <size>0x5</size>
         <input_file_ref idref="fl-b"/>
      </object_component>
      <object_component id="oc-22f">
         <name>.cinit:_ti_sysbios_utils_Load_Module_State_0_runningTask__A</name>
         <load_address>0x805ea</load_address>
         <run_address>0x805ea</run_address>
         <size>0x5</size>
         <input_file_ref idref="fl-b"/>
      </object_component>
      <object_component id="oc-22d">
         <name>.cinit:_ti_sysbios_utils_Load_Module_State_0_taskStartTime__A</name>
         <load_address>0x805ef</load_address>
         <run_address>0x805ef</run_address>
         <size>0x5</size>
         <input_file_ref idref="fl-b"/>
      </object_component>
      <object_component id="oc-3ec">
         <name>.binit</name>
         <load_address>0x80b88</load_address>
         <run_address>0x80b88</run_address>
         <size>0xa</size>
      </object_component>
      <object_component id="oc-3c1">
         <name>.text:_xdc_runtime_System_doPrint__I</name>
         <load_address>0x88000</load_address>
         <run_address>0x88000</run_address>
         <size>0x23b</size>
         <input_file_ref idref="fl-22"/>
      </object_component>
      <object_component id="oc-262">
         <name>.text:_ti_sysbios_knl_Semaphore_pend__E</name>
         <load_address>0x8823b</load_address>
         <run_address>0x8823b</run_address>
         <size>0x19c</size>
         <input_file_ref idref="fl-13"/>
      </object_component>
      <object_component id="oc-1bc">
         <name>.text</name>
         <load_address>0x883d7</load_address>
         <run_address>0x883d7</run_address>
         <size>0x107</size>
         <input_file_ref idref="fl-38"/>
      </object_component>
      <object_component id="oc-264">
         <name>.text:_ti_sysbios_knl_Task_sleep__E</name>
         <load_address>0x884de</load_address>
         <run_address>0x884de</run_address>
         <size>0x104</size>
         <input_file_ref idref="fl-13"/>
      </object_component>
      <object_component id="oc-3b1">
         <name>.text:_xdc_runtime_HeapStd_alloc__E</name>
         <load_address>0x885e2</load_address>
         <run_address>0x885e2</run_address>
         <size>0xee</size>
         <input_file_ref idref="fl-1e"/>
      </object_component>
      <object_component id="oc-2cb">
         <name>.text:_ti_sysbios_family_c28_Hwi_clearInterrupt__E</name>
         <load_address>0x886d0</load_address>
         <run_address>0x886d0</run_address>
         <size>0xdc</size>
         <input_file_ref idref="fl-13"/>
      </object_component>
      <object_component id="oc-237">
         <name>.text:_myTskFxn</name>
         <load_address>0x887ac</load_address>
         <run_address>0x887ac</run_address>
         <size>0xd4</size>
         <input_file_ref idref="fl-5"/>
      </object_component>
      <object_component id="oc-3e6">
         <name>.text:_xdc_runtime_System_printfExtend__I</name>
         <load_address>0x88880</load_address>
         <run_address>0x88880</run_address>
         <size>0xc2</size>
         <input_file_ref idref="fl-b"/>
      </object_component>
      <object_component id="oc-314">
         <name>.text:_xdc_runtime_LoggerBuf_write8__E</name>
         <load_address>0x88942</load_address>
         <run_address>0x88942</run_address>
         <size>0xc0</size>
         <input_file_ref idref="fl-1f"/>
      </object_component>
      <object_component id="oc-323">
         <name>.text:_ti_sysbios_knl_Semaphore_Instance_init__E</name>
         <load_address>0x88a02</load_address>
         <run_address>0x88a02</run_address>
         <size>0xbf</size>
         <input_file_ref idref="fl-13"/>
      </object_component>
      <object_component id="oc-393">
         <name>.text:_ti_sysbios_utils_Load_updateThreadContexts__E</name>
         <load_address>0x88ac1</load_address>
         <run_address>0x88ac1</run_address>
         <size>0xa6</size>
         <input_file_ref idref="fl-13"/>
      </object_component>
      <object_component id="oc-2c2">
         <name>.text:_xdc_runtime_Core_createObject__I</name>
         <load_address>0x88b67</load_address>
         <run_address>0x88b67</run_address>
         <size>0xa0</size>
         <input_file_ref idref="fl-19"/>
      </object_component>
      <object_component id="oc-3a0">
         <name>.text:_ti_sysbios_family_c28_Hwi_dispatch</name>
         <load_address>0x88c07</load_address>
         <run_address>0x88c07</run_address>
         <size>0x9d</size>
         <input_file_ref idref="fl-15"/>
      </object_component>
      <object_component id="oc-3ae">
         <name>.text</name>
         <load_address>0x88ca4</load_address>
         <run_address>0x88ca4</run_address>
         <size>0x95</size>
         <input_file_ref idref="fl-46"/>
      </object_component>
      <object_component id="oc-270">
         <name>.text:_DeviceInit</name>
         <load_address>0x88d39</load_address>
         <run_address>0x88d39</run_address>
         <size>0x90</size>
         <input_file_ref idref="fl-4"/>
      </object_component>
      <object_component id="oc-2cc">
         <name>.text:_ti_sysbios_family_c28_Hwi_enableInterrupt__E</name>
         <load_address>0x88dc9</load_address>
         <run_address>0x88dc9</run_address>
         <size>0x8e</size>
         <input_file_ref idref="fl-13"/>
      </object_component>
      <object_component id="oc-322">
         <name>.text:_xdc_runtime_Core_constructObject__I</name>
         <load_address>0x88e57</load_address>
         <run_address>0x88e57</run_address>
         <size>0x8d</size>
         <input_file_ref idref="fl-1a"/>
      </object_component>
      <object_component id="oc-3d2">
         <name>.text:_xdc_runtime_HeapStd_Instance_init__E</name>
         <load_address>0x88ee4</load_address>
         <run_address>0x88ee4</run_address>
         <size>0x83</size>
         <input_file_ref idref="fl-1e"/>
      </object_component>
      <object_component id="oc-269">
         <name>.text:_ti_sysbios_knl_Semaphore_post__E</name>
         <load_address>0x88f67</load_address>
         <run_address>0x88f67</run_address>
         <size>0x82</size>
         <input_file_ref idref="fl-13"/>
      </object_component>
      <object_component id="oc-3c5">
         <name>.text:_ti_sysbios_family_c28_Hwi_disableInterrupt__E</name>
         <load_address>0x88fe9</load_address>
         <run_address>0x88fe9</run_address>
         <size>0x81</size>
         <input_file_ref idref="fl-13"/>
      </object_component>
      <object_component id="oc-302">
         <name>.text:_ti_sysbios_family_c28_Hwi_disablePIEIER__E</name>
         <load_address>0x8906a</load_address>
         <run_address>0x8906a</run_address>
         <size>0x80</size>
         <input_file_ref idref="fl-13"/>
      </object_component>
      <object_component id="oc-301">
         <name>.text:_ti_sysbios_family_c28_Hwi_enablePIEIER__E</name>
         <load_address>0x890ea</load_address>
         <run_address>0x890ea</run_address>
         <size>0x7f</size>
         <input_file_ref idref="fl-13"/>
      </object_component>
      <object_component id="oc-381">
         <name>.text:_ti_sysbios_knl_Task_postInit__I</name>
         <load_address>0x89169</load_address>
         <run_address>0x89169</run_address>
         <size>0x7b</size>
         <input_file_ref idref="fl-13"/>
      </object_component>
      <object_component id="oc-363">
         <name>.text:_xdc_runtime_LoggerBuf_write4__E</name>
         <load_address>0x891e4</load_address>
         <run_address>0x891e4</run_address>
         <size>0x7a</size>
         <input_file_ref idref="fl-1f"/>
      </object_component>
      <object_component id="oc-3e8">
         <name>.text:_ti_sysbios_family_c28_Hwi_dispatchCore__I</name>
         <load_address>0x8925e</load_address>
         <run_address>0x8925e</run_address>
         <size>0x78</size>
         <input_file_ref idref="fl-13"/>
      </object_component>
      <object_component id="oc-2d3">
         <name>.text:_ti_sysbios_knl_Task_checkStacks__E</name>
         <load_address>0x892d6</load_address>
         <run_address>0x892d6</run_address>
         <size>0x75</size>
         <input_file_ref idref="fl-13"/>
      </object_component>
      <object_component id="oc-2b3">
         <name>.text:_xdc_runtime_Startup_startMods__I</name>
         <load_address>0x8934b</load_address>
         <run_address>0x8934b</run_address>
         <size>0x72</size>
         <input_file_ref idref="fl-21"/>
      </object_component>
      <object_component id="oc-342">
         <name>.text:_ti_sysbios_family_c28_Hwi_Module_startup__E</name>
         <load_address>0x893bd</load_address>
         <run_address>0x893bd</run_address>
         <size>0x71</size>
         <input_file_ref idref="fl-13"/>
      </object_component>
      <object_component id="oc-27c">
         <name>.text:_ti_sysbios_gates_GateMutex_enter__E</name>
         <load_address>0x8942e</load_address>
         <run_address>0x8942e</run_address>
         <size>0x71</size>
         <input_file_ref idref="fl-13"/>
      </object_component>
      <object_component id="oc-31f">
         <name>.text:_ti_sysbios_knl_Swi_run__I</name>
         <load_address>0x8949f</load_address>
         <run_address>0x8949f</run_address>
         <size>0x6c</size>
         <input_file_ref idref="fl-13"/>
      </object_component>
      <object_component id="oc-3b2">
         <name>.text:_xdc_runtime_HeapStd_free__E</name>
         <load_address>0x8950b</load_address>
         <run_address>0x8950b</run_address>
         <size>0x6b</size>
         <input_file_ref idref="fl-1e"/>
      </object_component>
      <object_component id="oc-92">
         <name>.text</name>
         <load_address>0x89576</load_address>
         <run_address>0x89576</run_address>
         <size>0x69</size>
         <input_file_ref idref="fl-2a"/>
      </object_component>
      <object_component id="oc-357">
         <name>.text:_ti_sysbios_knl_Task_setHookContext__E</name>
         <load_address>0x895df</load_address>
         <run_address>0x895df</run_address>
         <size>0x67</size>
         <input_file_ref idref="fl-13"/>
      </object_component>
      <object_component id="oc-3a1">
         <name>.text:_ti_sysbios_family_c28_Timer_stopAndClear__I</name>
         <load_address>0x89646</load_address>
         <run_address>0x89646</run_address>
         <size>0x66</size>
         <input_file_ref idref="fl-13"/>
      </object_component>
      <object_component id="oc-310">
         <name>.text:_ti_sysbios_utils_Load_idleFxn__E</name>
         <load_address>0x896ac</load_address>
         <run_address>0x896ac</run_address>
         <size>0x66</size>
         <input_file_ref idref="fl-13"/>
      </object_component>
      <object_component id="oc-35c">
         <name>.text:_ti_sysbios_utils_Load_updateLoads__E</name>
         <load_address>0x89712</load_address>
         <run_address>0x89712</run_address>
         <size>0x64</size>
         <input_file_ref idref="fl-13"/>
      </object_component>
      <object_component id="oc-2af">
         <name>.text:_xdc_runtime_Error_policyDefault__E</name>
         <load_address>0x89776</load_address>
         <run_address>0x89776</run_address>
         <size>0x60</size>
         <input_file_ref idref="fl-1c"/>
      </object_component>
      <object_component id="oc-36b">
         <name>.text:_xdc_runtime_Text_putSite__E</name>
         <load_address>0x897d6</load_address>
         <run_address>0x897d6</run_address>
         <size>0x60</size>
         <input_file_ref idref="fl-24"/>
      </object_component>
      <object_component id="oc-295">
         <name>.text:_ti_sysbios_knl_Task_startCore__E</name>
         <load_address>0x89836</load_address>
         <run_address>0x89836</run_address>
         <size>0x53</size>
         <input_file_ref idref="fl-13"/>
      </object_component>
      <object_component id="oc-392">
         <name>.text:_ti_sysbios_utils_Load_updateCurrentThreadTime__E</name>
         <load_address>0x89889</load_address>
         <run_address>0x89889</run_address>
         <size>0x50</size>
         <input_file_ref idref="fl-13"/>
      </object_component>
      <object_component id="oc-2d7">
         <name>.text:_ti_sysbios_knl_Task_schedule__I</name>
         <load_address>0x898d9</load_address>
         <run_address>0x898d9</run_address>
         <size>0x4c</size>
         <input_file_ref idref="fl-13"/>
      </object_component>
      <object_component id="oc-258">
         <name>.text:_ti_sysbios_utils_Load_startup__E</name>
         <load_address>0x89925</load_address>
         <run_address>0x89925</run_address>
         <size>0x4c</size>
         <input_file_ref idref="fl-13"/>
      </object_component>
      <object_component id="oc-240">
         <name>.text:.bootCodeSection:_ti_catalog_c2800_initF2837x_Boot_configurePllDivs</name>
         <load_address>0x89971</load_address>
         <run_address>0x89971</run_address>
         <size>0x49</size>
         <input_file_ref idref="fl-2b"/>
      </object_component>
      <object_component id="oc-346">
         <name>.text:_ti_sysbios_knl_Task_Module_startup__E</name>
         <load_address>0x899ba</load_address>
         <run_address>0x899ba</run_address>
         <size>0x47</size>
         <input_file_ref idref="fl-13"/>
      </object_component>
      <object_component id="oc-24d">
         <name>.text:_ti_sysbios_knl_Clock_workFunc__E</name>
         <load_address>0x89a01</load_address>
         <run_address>0x89a01</run_address>
         <size>0x44</size>
         <input_file_ref idref="fl-13"/>
      </object_component>
      <object_component id="oc-139">
         <name>.text:_ti_sysbios_family_c28_Hwi_unPluggedInterrupt__I</name>
         <load_address>0x89a45</load_address>
         <run_address>0x89a45</run_address>
         <size>0x42</size>
         <input_file_ref idref="fl-13"/>
      </object_component>
      <object_component id="oc-345">
         <name>.text:_ti_sysbios_knl_Swi_Module_startup__E</name>
         <load_address>0x89a87</load_address>
         <run_address>0x89a87</run_address>
         <size>0x41</size>
         <input_file_ref idref="fl-13"/>
      </object_component>
      <object_component id="oc-278">
         <name>.text:_ti_sysbios_knl_Swi_post__E</name>
         <load_address>0x89ac8</load_address>
         <run_address>0x89ac8</run_address>
         <size>0x41</size>
         <input_file_ref idref="fl-13"/>
      </object_component>
      <object_component id="oc-3ea">
         <name>.text:_xdc_runtime_Text_putLab__E</name>
         <load_address>0x89b09</load_address>
         <run_address>0x89b09</run_address>
         <size>0x41</size>
         <input_file_ref idref="fl-24"/>
      </object_component>
      <object_component id="oc-271">
         <name>.text:_start_i2c</name>
         <load_address>0x89b4a</load_address>
         <run_address>0x89b4a</run_address>
         <size>0x40</size>
         <input_file_ref idref="fl-6"/>
      </object_component>
      <object_component id="oc-377">
         <name>.text:_ti_sysbios_family_c28_Timer_postInit__I</name>
         <load_address>0x89b8a</load_address>
         <run_address>0x89b8a</run_address>
         <size>0x40</size>
         <input_file_ref idref="fl-13"/>
      </object_component>
      <object_component id="oc-359">
         <name>.text:_ti_sysbios_utils_Load_addTask__E</name>
         <load_address>0x89bca</load_address>
         <run_address>0x89bca</run_address>
         <size>0x40</size>
         <input_file_ref idref="fl-13"/>
      </object_component>
      <object_component id="oc-34e">
         <name>.text:_xdc_runtime_Memory_alloc__E</name>
         <load_address>0x89c0a</load_address>
         <run_address>0x89c0a</run_address>
         <size>0x40</size>
         <input_file_ref idref="fl-20"/>
      </object_component>
      <object_component id="oc-263">
         <name>.text:_i2c_master_transmit</name>
         <load_address>0x89c4a</load_address>
         <run_address>0x89c4a</run_address>
         <size>0x3e</size>
         <input_file_ref idref="fl-6"/>
      </object_component>
      <object_component id="oc-37c">
         <name>.text:_ti_sysbios_knl_Swi_postInit__I</name>
         <load_address>0x89c88</load_address>
         <run_address>0x89c88</run_address>
         <size>0x3e</size>
         <input_file_ref idref="fl-13"/>
      </object_component>
      <object_component id="oc-3eb">
         <name>.text:_ti_sysbios_knl_Swi_restoreHwi__E</name>
         <load_address>0x89cc6</load_address>
         <run_address>0x89cc6</run_address>
         <size>0x3e</size>
         <input_file_ref idref="fl-13"/>
      </object_component>
      <object_component id="oc-32a">
         <name>.text:_ti_sysbios_utils_Load_taskCreateHook__E</name>
         <load_address>0x89d04</load_address>
         <run_address>0x89d04</run_address>
         <size>0x3e</size>
         <input_file_ref idref="fl-13"/>
      </object_component>
      <object_component id="oc-2c5">
         <name>.text:_xdc_runtime_Core_deleteObject__I</name>
         <load_address>0x89d42</load_address>
         <run_address>0x89d42</run_address>
         <size>0x3e</size>
         <input_file_ref idref="fl-19"/>
      </object_component>
      <object_component id="oc-365">
         <name>.text:_xdc_runtime_LoggerBuf_getFilterLevel__E</name>
         <load_address>0x89d80</load_address>
         <run_address>0x89d80</run_address>
         <size>0x3d</size>
         <input_file_ref idref="fl-1f"/>
      </object_component>
      <object_component id="oc-376">
         <name>.text:_ti_sysbios_family_c28_Hwi_postInit__I</name>
         <load_address>0x89dbd</load_address>
         <run_address>0x89dbd</run_address>
         <size>0x3c</size>
         <input_file_ref idref="fl-13"/>
      </object_component>
      <object_component id="oc-364">
         <name>.text:_xdc_runtime_LoggerBuf_setFilterLevel__E</name>
         <load_address>0x89df9</load_address>
         <run_address>0x89df9</run_address>
         <size>0x3c</size>
         <input_file_ref idref="fl-1f"/>
      </object_component>
      <object_component id="oc-3c7">
         <name>.text:_ti_sysbios_family_c28_TaskSupport_start__E</name>
         <load_address>0x89e35</load_address>
         <run_address>0x89e35</run_address>
         <size>0x39</size>
         <input_file_ref idref="fl-13"/>
      </object_component>
      <object_component id="oc-386">
         <name>.text</name>
         <load_address>0x89e6e</load_address>
         <run_address>0x89e6e</run_address>
         <size>0x39</size>
         <input_file_ref idref="fl-45"/>
      </object_component>
      <object_component id="oc-39a">
         <name>.text:_xdc_runtime_Text_putMod__E</name>
         <load_address>0x89ea7</load_address>
         <run_address>0x89ea7</run_address>
         <size>0x38</size>
         <input_file_ref idref="fl-24"/>
      </object_component>
      <object_component id="oc-3a5">
         <name>.text:_ti_sysbios_knl_Task_exit__E</name>
         <load_address>0x89edf</load_address>
         <run_address>0x89edf</run_address>
         <size>0x37</size>
         <input_file_ref idref="fl-13"/>
      </object_component>
      <object_component id="oc-3c2">
         <name>.text:_ti_sysbios_utils_Load_hwiBeginHook__E</name>
         <load_address>0x89f16</load_address>
         <run_address>0x89f16</run_address>
         <size>0x35</size>
         <input_file_ref idref="fl-b"/>
      </object_component>
      <object_component id="oc-3d9">
         <name>.text:_xdc_runtime_System_formatNum__I</name>
         <load_address>0x89f4b</load_address>
         <run_address>0x89f4b</run_address>
         <size>0x35</size>
         <input_file_ref idref="fl-22"/>
      </object_component>
      <object_component id="oc-265">
         <name>.text:_i2c_master_receive</name>
         <load_address>0x89f80</load_address>
         <run_address>0x89f80</run_address>
         <size>0x34</size>
         <input_file_ref idref="fl-6"/>
      </object_component>
      <object_component id="oc-32b">
         <name>.text:_ti_sysbios_utils_Load_taskSwitchHook__E</name>
         <load_address>0x89fb4</load_address>
         <run_address>0x89fb4</run_address>
         <size>0x33</size>
         <input_file_ref idref="fl-13"/>
      </object_component>
      <object_component id="oc-33c">
         <name>.text:_xdc_runtime_Error_print__E</name>
         <load_address>0x89fe7</load_address>
         <run_address>0x89fe7</run_address>
         <size>0x31</size>
         <input_file_ref idref="fl-1c"/>
      </object_component>
      <object_component id="oc-398">
         <name>.text:_xdc_runtime_LoggerBuf_Instance_init__E</name>
         <load_address>0x8a018</load_address>
         <run_address>0x8a018</run_address>
         <size>0x30</size>
         <input_file_ref idref="fl-1f"/>
      </object_component>
      <object_component id="oc-239">
         <name>.text:_myTskFxn1</name>
         <load_address>0x8a048</load_address>
         <run_address>0x8a048</run_address>
         <size>0x2f</size>
         <input_file_ref idref="fl-5"/>
      </object_component>
      <object_component id="oc-2f4">
         <name>.text:_xdc_runtime_Core_assignParams__I</name>
         <load_address>0x8a077</load_address>
         <run_address>0x8a077</run_address>
         <size>0x2f</size>
         <input_file_ref idref="fl-1b"/>
      </object_component>
      <object_component id="oc-212">
         <name>.text:_xdc_runtime_Startup_exec__E</name>
         <load_address>0x8a0a6</load_address>
         <run_address>0x8a0a6</run_address>
         <size>0x2f</size>
         <input_file_ref idref="fl-21"/>
      </object_component>
      <object_component id="oc-318">
         <name>.text:_ti_sysbios_family_c28_Hwi_getStackInfo__E</name>
         <load_address>0x8a0d5</load_address>
         <run_address>0x8a0d5</run_address>
         <size>0x2e</size>
         <input_file_ref idref="fl-13"/>
      </object_component>
      <object_component id="oc-2ec">
         <name>.text:_ti_sysbios_knl_Swi_runLoop__I</name>
         <load_address>0x8a103</load_address>
         <run_address>0x8a103</run_address>
         <size>0x2e</size>
         <input_file_ref idref="fl-13"/>
      </object_component>
      <object_component id="oc-2b9">
         <name>.text:_ti_sysbios_knl_Swi_schedule__I</name>
         <load_address>0x8a131</load_address>
         <run_address>0x8a131</run_address>
         <size>0x2e</size>
         <input_file_ref idref="fl-13"/>
      </object_component>
      <object_component id="oc-31d">
         <name>.text:_ti_sysbios_utils_Load_swiBeginHook__E</name>
         <load_address>0x8a15f</load_address>
         <run_address>0x8a15f</run_address>
         <size>0x2e</size>
         <input_file_ref idref="fl-13"/>
      </object_component>
      <object_component id="oc-24b">
         <name>.text:_mySwiFxn</name>
         <load_address>0x8a18d</load_address>
         <run_address>0x8a18d</run_address>
         <size>0x2d</size>
         <input_file_ref idref="fl-5"/>
      </object_component>
      <object_component id="oc-293">
         <name>.text:_xdc_runtime_Assert_raise__I</name>
         <load_address>0x8a1ba</load_address>
         <run_address>0x8a1ba</run_address>
         <size>0x2d</size>
         <input_file_ref idref="fl-18"/>
      </object_component>
      <object_component id="oc-2d9">
         <name>.text:_xdc_runtime_Error_setX__E</name>
         <load_address>0x8a1e7</load_address>
         <run_address>0x8a1e7</run_address>
         <size>0x2d</size>
         <input_file_ref idref="fl-1c"/>
      </object_component>
      <object_component id="oc-28b">
         <name>.text:_ti_sysbios_family_c28_Timer_start__E</name>
         <load_address>0x8a214</load_address>
         <run_address>0x8a214</run_address>
         <size>0x2c</size>
         <input_file_ref idref="fl-13"/>
      </object_component>
      <object_component id="oc-366">
         <name>.text:_xdc_runtime_LoggerBuf_Object__create__S</name>
         <load_address>0x8a240</load_address>
         <run_address>0x8a240</run_address>
         <size>0x2c</size>
         <input_file_ref idref="fl-b"/>
      </object_component>
      <object_component id="oc-3b5">
         <name>.text:_xdc_runtime_HeapStd_Object__create__S</name>
         <load_address>0x8a26c</load_address>
         <run_address>0x8a26c</run_address>
         <size>0x2b</size>
         <input_file_ref idref="fl-b"/>
      </object_component>
      <object_component id="oc-266">
         <name>.text:_resetRegister</name>
         <load_address>0x8a297</load_address>
         <run_address>0x8a297</run_address>
         <size>0x2a</size>
         <input_file_ref idref="fl-6"/>
      </object_component>
      <object_component id="oc-3b8">
         <name>.text:_ti_sysbios_utils_Load_logLoads__I</name>
         <load_address>0x8a2c1</load_address>
         <run_address>0x8a2c1</run_address>
         <size>0x2a</size>
         <input_file_ref idref="fl-13"/>
      </object_component>
      <object_component id="oc-32c">
         <name>.text:_ti_sysbios_utils_Load_taskDeleteHook__E</name>
         <load_address>0x8a2eb</load_address>
         <run_address>0x8a2eb</run_address>
         <size>0x29</size>
         <input_file_ref idref="fl-13"/>
      </object_component>
      <object_component id="oc-39b">
         <name>.text:_xdc_runtime_Text_xprintf__I</name>
         <load_address>0x8a314</load_address>
         <run_address>0x8a314</run_address>
         <size>0x29</size>
         <input_file_ref idref="fl-24"/>
      </object_component>
      <object_component id="oc-2b7">
         <name>.text</name>
         <load_address>0x8a33d</load_address>
         <run_address>0x8a33d</run_address>
         <size>0x29</size>
         <input_file_ref idref="fl-3f"/>
      </object_component>
      <object_component id="oc-3c3">
         <name>.text:_ti_sysbios_utils_Load_hwiEndHook__E</name>
         <load_address>0x8a366</load_address>
         <run_address>0x8a366</run_address>
         <size>0x27</size>
         <input_file_ref idref="fl-13"/>
      </object_component>
      <object_component id="oc-35a">
         <name>.text:_ti_sysbios_utils_Load_removeTask__E</name>
         <load_address>0x8a38d</load_address>
         <run_address>0x8a38d</run_address>
         <size>0x26</size>
         <input_file_ref idref="fl-13"/>
      </object_component>
      <object_component id="oc-2ea">
         <name>.text:_xdc_runtime_SysMin_flush__E</name>
         <load_address>0x8a3b3</load_address>
         <run_address>0x8a3b3</run_address>
         <size>0x26</size>
         <input_file_ref idref="fl-23"/>
      </object_component>
      <object_component id="oc-3e3">
         <name>.text:_ti_sysbios_family_c28_TaskSupport_buildTaskStack</name>
         <load_address>0x8a3d9</load_address>
         <run_address>0x8a3d9</run_address>
         <size>0x25</size>
         <input_file_ref idref="fl-17"/>
      </object_component>
      <object_component id="oc-211">
         <name>.text</name>
         <load_address>0x8a3fe</load_address>
         <run_address>0x8a3fe</run_address>
         <size>0x24</size>
         <input_file_ref idref="fl-3b"/>
      </object_component>
      <object_component id="oc-247">
         <name>.text:_xdc_runtime_System_processAtExit__E</name>
         <load_address>0x8a422</load_address>
         <run_address>0x8a422</run_address>
         <size>0x23</size>
         <input_file_ref idref="fl-22"/>
      </object_component>
      <object_component id="oc-249">
         <name>.text:_myTickFxn</name>
         <load_address>0x8a445</load_address>
         <run_address>0x8a445</run_address>
         <size>0x22</size>
         <input_file_ref idref="fl-5"/>
      </object_component>
      <object_component id="oc-1c1">
         <name>.text</name>
         <load_address>0x8a467</load_address>
         <run_address>0x8a467</run_address>
         <size>0x22</size>
         <input_file_ref idref="fl-39"/>
      </object_component>
      <object_component id="oc-2d1">
         <name>.text:_ti_sysbios_knl_Task_allBlockedFunction__I</name>
         <load_address>0x8a489</load_address>
         <run_address>0x8a489</run_address>
         <size>0x21</size>
         <input_file_ref idref="fl-13"/>
      </object_component>
      <object_component id="oc-3a3">
         <name>.text:_ti_sysbios_family_c28_Timer_setPrescale__E</name>
         <load_address>0x8a4aa</load_address>
         <run_address>0x8a4aa</run_address>
         <size>0x20</size>
         <input_file_ref idref="fl-13"/>
      </object_component>
      <object_component id="oc-253">
         <name>.text:_xdc_runtime_System_atexit__E</name>
         <load_address>0x8a4ca</load_address>
         <run_address>0x8a4ca</run_address>
         <size>0x20</size>
         <input_file_ref idref="fl-22"/>
      </object_component>
      <object_component id="oc-31e">
         <name>.text:_ti_sysbios_utils_Load_swiEndHook__E</name>
         <load_address>0x8a4ea</load_address>
         <run_address>0x8a4ea</run_address>
         <size>0x1f</size>
         <input_file_ref idref="fl-13"/>
      </object_component>
      <object_component id="oc-2db">
         <name>.text:_xdc_runtime_Error_policyLog__I</name>
         <load_address>0x8a509</load_address>
         <run_address>0x8a509</run_address>
         <size>0x1f</size>
         <input_file_ref idref="fl-b"/>
      </object_component>
      <object_component id="oc-336">
         <name>.text:_xdc_runtime_LoggerBuf_filterOutEvent__I</name>
         <load_address>0x8a528</load_address>
         <run_address>0x8a528</run_address>
         <size>0x1f</size>
         <input_file_ref idref="fl-1f"/>
      </object_component>
      <object_component id="oc-2a0">
         <name>.text:_ti_sysbios_knl_Task_blockI__E</name>
         <load_address>0x8a547</load_address>
         <run_address>0x8a547</run_address>
         <size>0x1e</size>
         <input_file_ref idref="fl-13"/>
      </object_component>
      <object_component id="oc-30d">
         <name>.text:_ti_sysbios_family_c28_TaskSupport_swap__E</name>
         <load_address>0x8a565</load_address>
         <run_address>0x8a565</run_address>
         <size>0x1d</size>
         <input_file_ref idref="fl-17"/>
      </object_component>
      <object_component id="oc-34a">
         <name>.text:_ti_sysbios_gates_GateHwi_Object__create__S</name>
         <load_address>0x8a582</load_address>
         <run_address>0x8a582</run_address>
         <size>0x1d</size>
         <input_file_ref idref="fl-b"/>
      </object_component>
      <object_component id="oc-27e">
         <name>.text:_ti_sysbios_gates_GateMutex_Object__create__S</name>
         <load_address>0x8a59f</load_address>
         <run_address>0x8a59f</run_address>
         <size>0x1d</size>
         <input_file_ref idref="fl-b"/>
      </object_component>
      <object_component id="oc-2f6">
         <name>.text:_ti_sysbios_knl_Semaphore_construct</name>
         <load_address>0x8a5bc</load_address>
         <run_address>0x8a5bc</run_address>
         <size>0x1d</size>
         <input_file_ref idref="fl-b"/>
      </object_component>
      <object_component id="oc-36e">
         <name>.text:_xdc_runtime_SysMin_putch__E</name>
         <load_address>0x8a5d9</load_address>
         <run_address>0x8a5d9</run_address>
         <size>0x1d</size>
         <input_file_ref idref="fl-23"/>
      </object_component>
      <object_component id="oc-242">
         <name>.text</name>
         <load_address>0x8a5f6</load_address>
         <run_address>0x8a5f6</run_address>
         <size>0x1d</size>
         <input_file_ref idref="fl-3c"/>
      </object_component>
      <object_component id="oc-30f">
         <name>.text:_ti_sysbios_hal_Hwi_checkStack</name>
         <load_address>0x8a613</load_address>
         <run_address>0x8a613</run_address>
         <size>0x1c</size>
         <input_file_ref idref="fl-13"/>
      </object_component>
      <object_component id="oc-34d">
         <name>.text:_xdc_runtime_SysMin_output__I</name>
         <load_address>0x8a62f</load_address>
         <run_address>0x8a62f</run_address>
         <size>0x1c</size>
         <input_file_ref idref="fl-b"/>
      </object_component>
      <object_component id="oc-3de">
         <name>.text:_ti_sysbios_family_c28_Hwi_switchAndDispatch__I</name>
         <load_address>0x8a64b</load_address>
         <run_address>0x8a64b</run_address>
         <size>0x1b</size>
         <input_file_ref idref="fl-14"/>
      </object_component>
      <object_component id="oc-2b2">
         <name>.text:_ti_sysbios_hal_Hwi_initStack</name>
         <load_address>0x8a666</load_address>
         <run_address>0x8a666</run_address>
         <size>0x1b</size>
         <input_file_ref idref="fl-13"/>
      </object_component>
      <object_component id="oc-3c6">
         <name>.text:_ti_sysbios_knl_Task_processVitalTaskFlag__I</name>
         <load_address>0x8a681</load_address>
         <run_address>0x8a681</run_address>
         <size>0x1b</size>
         <input_file_ref idref="fl-13"/>
      </object_component>
      <object_component id="oc-39d">
         <name>.text:_xdc_runtime_System_avprintf__E</name>
         <load_address>0x8a69c</load_address>
         <run_address>0x8a69c</run_address>
         <size>0x1a</size>
         <input_file_ref idref="fl-22"/>
      </object_component>
      <object_component id="oc-26a">
         <name>.text:_calculateDistance</name>
         <load_address>0x8a6b6</load_address>
         <run_address>0x8a6b6</run_address>
         <size>0x19</size>
         <input_file_ref idref="fl-7"/>
      </object_component>
      <object_component id="oc-352">
         <name>.text:_ti_sysbios_knl_Queue_construct</name>
         <load_address>0x8a6cf</load_address>
         <run_address>0x8a6cf</run_address>
         <size>0x19</size>
         <input_file_ref idref="fl-b"/>
      </object_component>
      <object_component id="oc-28d">
         <name>.text:_ti_sysbios_knl_Swi_restore__E</name>
         <load_address>0x8a6e8</load_address>
         <run_address>0x8a6e8</run_address>
         <size>0x19</size>
         <input_file_ref idref="fl-13"/>
      </object_component>
      <object_component id="oc-39e">
         <name>.text:_xdc_runtime_System_vprintf__E</name>
         <load_address>0x8a701</load_address>
         <run_address>0x8a701</run_address>
         <size>0x19</size>
         <input_file_ref idref="fl-22"/>
      </object_component>
      <object_component id="oc-25c">
         <name>.text:_myHwi</name>
[...]
         <value>0x8ace0</value>
         <object_component_ref idref="oc-2d2"/>
      </symbol>
      <symbol id="sm-bdc">
         <name>_ti_sysbios_family_c28_TaskSupport_buildTaskStack</name>
         <value>0x8a3d9</value>
         <object_component_ref idref="oc-3e3"/>
      </symbol>
      <symbol id="sm-bdd">
         <name>_ti_sysbios_family_c28_TaskSupport_swap__E</name>
         <value>0x8a565</value>
         <object_component_ref idref="oc-30d"/>
      </symbol>
      <symbol id="sm-bde">
         <name>_ti_sysbios_family_c28_TaskSupport_glue</name>
         <value>0x8abf8</value>
         <object_component_ref idref="oc-3e9"/>
      </symbol>
      <symbol id="sm-bf2">
         <name>_xdc_runtime_Assert_raise__I</name>
         <value>0x8a1ba</value>
         <object_component_ref idref="oc-293"/>
      </symbol>
      <symbol id="sm-c11">
         <name>_xdc_runtime_Core_deleteObject__I</name>
         <value>0x89d42</value>
         <object_component_ref idref="oc-2c5"/>
      </symbol>
      <symbol id="sm-c12">
         <name>_xdc_runtime_Core_createObject__I</name>
         <value>0x88b67</value>
         <object_component_ref idref="oc-2c2"/>
      </symbol>
      <symbol id="sm-c2a">
         <name>_xdc_runtime_Core_constructObject__I</name>
         <value>0x88e57</value>
         <object_component_ref idref="oc-322"/>
      </symbol>
      <symbol id="sm-c38">
         <name>_xdc_runtime_Core_assignParams__I</name>
         <value>0x8a077</value>
         <object_component_ref idref="oc-2f4"/>
      </symbol>
      <symbol id="sm-c63">
         <name>_xdc_runtime_Error_getSite__E</name>
         <value>0x8ad9e</value>
         <object_component_ref idref="oc-36a"/>
      </symbol>
      <symbol id="sm-c64">
         <name>_xdc_runtime_Error_print__E</name>
         <value>0x89fe7</value>
         <object_component_ref idref="oc-33c"/>
      </symbol>
      <symbol id="sm-c65">
         <name>_xdc_runtime_Error_policyDefault__E</name>
         <value>0x89776</value>
         <object_component_ref idref="oc-2af"/>
      </symbol>
      <symbol id="sm-c66">
         <name>_xdc_runtime_Error_init__E</name>
         <value>0x8abb5</value>
         <object_component_ref idref="oc-311"/>
      </symbol>
      <symbol id="sm-c67">
         <name>_xdc_runtime_Error_raiseX__E</name>
         <value>0x8a90a</value>
         <object_component_ref idref="oc-23f"/>
      </symbol>
      <symbol id="sm-c68">
         <name>_xdc_runtime_Error_check__E</name>
         <value>0x8aab6</value>
         <object_component_ref idref="oc-387"/>
      </symbol>
      <symbol id="sm-c69">
         <name>_xdc_runtime_Error_setX__E</name>
         <value>0x8a1e7</value>
         <object_component_ref idref="oc-2d9"/>
      </symbol>
      <symbol id="sm-c77">
         <name>_xdc_runtime_Gate_leaveSystem__E</name>
         <value>0x8acf8</value>
         <object_component_ref idref="oc-287"/>
      </symbol>
      <symbol id="sm-c78">
         <name>_xdc_runtime_Gate_enterSystem__E</name>
         <value>0x8acf2</value>
         <object_component_ref idref="oc-273"/>
      </symbol>
      <symbol id="sm-cb9">
         <name>_xdc_runtime_HeapStd_isBlocking__E</name>
         <value>0x8ada0</value>
         <object_component_ref idref="oc-3b3"/>
      </symbol>
      <symbol id="sm-cba">
         <name>_xdc_runtime_HeapStd_getStats__E</name>
         <value>0x8acb8</value>
         <object_component_ref idref="oc-3b4"/>
      </symbol>
      <symbol id="sm-cbb">
         <name>_xdc_runtime_HeapStd_free__E</name>
         <value>0x8950b</value>
         <object_component_ref idref="oc-3b2"/>
      </symbol>
      <symbol id="sm-cbc">
         <name>_xdc_runtime_HeapStd_Instance_init__E</name>
         <value>0x88ee4</value>
         <object_component_ref idref="oc-3d2"/>
      </symbol>
      <symbol id="sm-cbd">
         <name>_xdc_runtime_HeapStd_alloc__E</name>
         <value>0x885e2</value>
         <object_component_ref idref="oc-3b1"/>
      </symbol>
      <symbol id="sm-d0c">
         <name>_xdc_runtime_LoggerBuf_write0__E</name>
         <value>0x8aac3</value>
         <object_component_ref idref="oc-360"/>
      </symbol>
      <symbol id="sm-d0d">
         <name>_xdc_runtime_LoggerBuf_Instance_init__E</name>
         <value>0x8a018</value>
         <object_component_ref idref="oc-398"/>
      </symbol>
      <symbol id="sm-d0e">
         <name>_xdc_runtime_LoggerBuf_Module_startup__E</name>
         <value>0x8a833</value>
         <object_component_ref idref="oc-33f"/>
      </symbol>
      <symbol id="sm-d0f">
         <name>_xdc_runtime_LoggerBuf_reset__E</name>
         <value>0x8a762</value>
         <object_component_ref idref="oc-371"/>
      </symbol>
      <symbol id="sm-d10">
         <name>_xdc_runtime_LoggerBuf_Instance_finalize__E</name>
         <value>0x8ab8a</value>
         <object_component_ref idref="oc-399"/>
      </symbol>
      <symbol id="sm-d11">
         <name>_xdc_runtime_LoggerBuf_write4__E</name>
         <value>0x891e4</value>
         <object_component_ref idref="oc-363"/>
      </symbol>
      <symbol id="sm-d12">
         <name>_xdc_runtime_LoggerBuf_getFilterLevel__E</name>
         <value>0x89d80</value>
         <object_component_ref idref="oc-365"/>
      </symbol>
      <symbol id="sm-d13">
         <name>_xdc_runtime_LoggerBuf_disable__E</name>
         <value>0x8ad0e</value>
         <object_component_ref idref="oc-35f"/>
      </symbol>
      <symbol id="sm-d14">
         <name>_xdc_runtime_LoggerBuf_setFilterLevel__E</name>
         <value>0x89df9</value>
         <object_component_ref idref="oc-364"/>
      </symbol>
      <symbol id="sm-d15">
         <name>_xdc_runtime_LoggerBuf_write8__E</name>
         <value>0x88942</value>
         <object_component_ref idref="oc-314"/>
      </symbol>
      <symbol id="sm-d16">
         <name>_xdc_runtime_LoggerBuf_write2__E</name>
         <value>0x8a9f6</value>
         <object_component_ref idref="oc-362"/>
      </symbol>
      <symbol id="sm-d17">
         <name>_xdc_runtime_LoggerBuf_filterOutEvent__I</name>
         <value>0x8a528</value>
         <object_component_ref idref="oc-336"/>
      </symbol>
      <symbol id="sm-d18">
         <name>_xdc_runtime_LoggerBuf_write1__E</name>
         <value>0x8aad0</value>
         <object_component_ref idref="oc-361"/>
      </symbol>
      <symbol id="sm-d19">
         <name>_xdc_runtime_LoggerBuf_enable__E</name>
         <value>0x8acfe</value>
         <object_component_ref idref="oc-35e"/>
      </symbol>
      <symbol id="sm-d34">
         <name>_xdc_runtime_Memory_calloc__E</name>
         <value>0x8ac92</value>
         <object_component_ref idref="oc-2f5"/>
      </symbol>
      <symbol id="sm-d35">
         <name>_xdc_runtime_Memory_free__E</name>
         <value>0x8abbf</value>
         <object_component_ref idref="oc-2f8"/>
      </symbol>
      <symbol id="sm-d36">
         <name>_xdc_runtime_Memory_valloc__E</name>
         <value>0x8a84a</value>
         <object_component_ref idref="oc-320"/>
      </symbol>
      <symbol id="sm-d37">
         <name>_xdc_runtime_Memory_alloc__E</name>
         <value>0x89c0a</value>
         <object_component_ref idref="oc-34e"/>
      </symbol>
      <symbol id="sm-d38">
         <name>_xdc_runtime_Memory_getMaxDefaultTypeAlign__E</name>
         <value>0x8ad2b</value>
         <object_component_ref idref="oc-388"/>
      </symbol>
      <symbol id="sm-d5a">
         <name>_xdc_runtime_Startup_startMods__I</name>
         <value>0x8934b</value>
         <object_component_ref idref="oc-2b3"/>
      </symbol>
      <symbol id="sm-d5b">
         <name>_xdc_runtime_Startup_rtsDone__E</name>
         <value>0x8ad2f</value>
         <object_component_ref idref="oc-250"/>
      </symbol>
      <symbol id="sm-d5c">
         <name>_xdc_runtime_Startup_exec__E</name>
         <value>0x8a0a6</value>
         <object_component_ref idref="oc-212"/>
      </symbol>
      <symbol id="sm-de0">
         <name>_xdc_runtime_System_formatNum__I</name>
         <value>0x89f4b</value>
         <object_component_ref idref="oc-3d9"/>
      </symbol>
      <symbol id="sm-de1">
         <name>_xdc_runtime_System_exit__E</name>
         <value>0x8ab95</value>
         <object_component_ref idref="oc-215"/>
      </symbol>
      <symbol id="sm-de2">
         <name>_xdc_runtime_System_exitStd__E</name>
         <value>0x8ad84</value>
         <object_component_ref idref="oc-275"/>
      </symbol>
      <symbol id="sm-de3">
         <name>_xdc_runtime_System_printf_va__F</name>
         <value>0x8a701</value>
         <object_component_ref idref="oc-39e"/>
      </symbol>
      <symbol id="sm-de4">
         <name>_xdc_runtime_System_atexit__E</name>
         <value>0x8a4ca</value>
         <object_component_ref idref="oc-253"/>
      </symbol>
      <symbol id="sm-de5">
         <name>_xdc_runtime_System_abortStd__E</name>
         <value>0x8ad81</value>
         <object_component_ref idref="oc-33e"/>
      </symbol>
      <symbol id="sm-de6">
         <name>_xdc_runtime_System_putchar__I</name>
         <value>0x8a77a</value>
         <object_component_ref idref="oc-3da"/>
      </symbol>
      <symbol id="sm-de7">
         <name>_xdc_runtime_System_snprintf_va__F</name>
         <value>0x8abc9</value>
         <object_component_ref idref="oc-3bf"/>
      </symbol>
      <symbol id="sm-de8">
         <name>_xdc_runtime_System_Module_startup__E</name>
         <value>0x8ad72</value>
         <object_component_ref idref="oc-340"/>
      </symbol>
      <symbol id="sm-de9">
         <name>_xdc_runtime_System_avprintf__E</name>
         <value>0x8a69c</value>
         <object_component_ref idref="oc-39d"/>
      </symbol>
      <symbol id="sm-dea">
         <name>_xdc_runtime_System_vprintf__E</name>
         <value>0x8a701</value>
         <object_component_ref idref="oc-39e"/>
      </symbol>
      <symbol id="sm-deb">
         <name>_xdc_runtime_System_aprintf_va__F</name>
         <value>0x8a69c</value>
         <object_component_ref idref="oc-39d"/>
      </symbol>
      <symbol id="sm-dec">
         <name>_xdc_runtime_System_doPrint__I</name>
         <value>0x88000</value>
         <object_component_ref idref="oc-3c1"/>
      </symbol>
      <symbol id="sm-ded">
         <name>_xdc_runtime_System_processAtExit__E</name>
         <value>0x8a422</value>
         <object_component_ref idref="oc-247"/>
      </symbol>
      <symbol id="sm-dee">
         <name>_xdc_runtime_System_vsnprintf__E</name>
         <value>0x8abc9</value>
         <object_component_ref idref="oc-3bf"/>
      </symbol>
      <symbol id="sm-def">
         <name>_xdc_runtime_System_abort__E</name>
         <value>0x8aadd</value>
         <object_component_ref idref="oc-2df"/>
      </symbol>
      <symbol id="sm-e0d">
         <name>_xdc_runtime_SysMin_abort__E</name>
         <value>0x8a861</value>
         <object_component_ref idref="oc-33d"/>
      </symbol>
      <symbol id="sm-e0e">
         <name>_xdc_runtime_SysMin_ready__E</name>
         <value>0x8ac9a</value>
         <object_component_ref idref="oc-3d7"/>
      </symbol>
      <symbol id="sm-e0f">
         <name>_xdc_runtime_SysMin_flush__E</name>
         <value>0x8a3b3</value>
         <object_component_ref idref="oc-2ea"/>
      </symbol>
      <symbol id="sm-e10">
         <name>_xdc_runtime_SysMin_Module_startup__E</name>
         <value>0x8a9c8</value>
         <object_component_ref idref="oc-341"/>
      </symbol>
      <symbol id="sm-e11">
         <name>_xdc_runtime_SysMin_putch__E</name>
         <value>0x8a5d9</value>
         <object_component_ref idref="oc-36e"/>
      </symbol>
      <symbol id="sm-e12">
         <name>_xdc_runtime_SysMin_exit__E</name>
         <value>0x8ab26</value>
         <object_component_ref idref="oc-2b6"/>
      </symbol>
      <symbol id="sm-e4c">
         <name>_xdc_runtime_Text_putLab__E</name>
         <value>0x89b09</value>
         <object_component_ref idref="oc-3ea"/>
      </symbol>
      <symbol id="sm-e4d">
         <name>_xdc_runtime_Text_printVisFxn__I</name>
         <value>0x8a8ba</value>
         <object_component_ref idref="oc-3be"/>
      </symbol>
      <symbol id="sm-e4e">
         <name>_xdc_runtime_Text_putMod__E</name>
         <value>0x89ea7</value>
         <object_component_ref idref="oc-39a"/>
      </symbol>
      <symbol id="sm-e4f">
         <name>_xdc_runtime_Text_xprintf__I</name>
         <value>0x8a314</value>
         <object_component_ref idref="oc-39b"/>
      </symbol>
      <symbol id="sm-e50">
         <name>_xdc_runtime_Text_ropeText__E</name>
         <value>0x8abd3</value>
         <object_component_ref idref="oc-2ce"/>
      </symbol>
      <symbol id="sm-e51">
         <name>_xdc_runtime_Text_putSite__E</name>
         <value>0x897d6</value>
         <object_component_ref idref="oc-36b"/>
      </symbol>
      <symbol id="sm-e5f">
         <name>_xdc_runtime_Timestamp_getFreq__E</name>
         <value>0x8ad93</value>
         <object_component_ref idref="oc-32f"/>
      </symbol>
      <symbol id="sm-e60">
         <name>_xdc_runtime_Timestamp_get32__E</name>
         <value>0x8ad90</value>
         <object_component_ref idref="oc-294"/>
      </symbol>
      <symbol id="sm-e75">
         <name>___xdc__init</name>
         <value>0x8ad36</value>
         <object_component_ref idref="oc-216"/>
      </symbol>
      <symbol id="sm-e95">
         <name>_xdc_runtime_Registry_findById__E</name>
         <value>0x8aa05</value>
         <object_component_ref idref="oc-3bc"/>
      </symbol>
      <symbol id="sm-eb0">
         <name>_c_int00</name>
         <value>0x89576</value>
         <object_component_ref idref="oc-92"/>
      </symbol>
      <symbol id="sm-eb1">
         <name>__stack</name>
         <value>0x122</value>
         <object_component_ref idref="oc-1ae"/>
      </symbol>
      <symbol id="sm-ec8">
         <name>_ti_catalog_c2800_initF2837x_Boot_initFlash</name>
         <value>0xb000</value>
         <object_component_ref idref="oc-2e0"/>
      </symbol>
      <symbol id="sm-ec9">
         <name>_ti_catalog_c2800_initF2837x_Boot_defaultLimpAbortFunction</name>
         <value>0x8ada5</value>
         <object_component_ref idref="oc-2b0"/>
      </symbol>
      <symbol id="sm-eca">
         <name>_ti_catalog_c2800_initF2837x_Boot_configurePllDivs</name>
         <value>0x89971</value>
         <object_component_ref idref="oc-240"/>
      </symbol>
      <symbol id="sm-ecb">
         <name>_ti_catalog_c2800_initF2837x_Boot_initSharedRAMs</name>
         <value>0x8ac52</value>
         <object_component_ref idref="oc-241"/>
      </symbol>
      <symbol id="sm-ed7">
         <name>_ti_catalog_c2800_initF2837x_Boot_entry</name>
         <value>0x80000</value>
         <object_component_ref idref="oc-93"/>
      </symbol>
      <symbol id="sm-f03">
         <name>ULL$$MOD</name>
         <value>0x8847c</value>
         <object_component_ref idref="oc-1bc"/>
      </symbol>
      <symbol id="sm-f04">
         <name>ULL$$DIV</name>
         <value>0x8844d</value>
         <object_component_ref idref="oc-1bc"/>
      </symbol>
      <symbol id="sm-f05">
         <name>LL$$MOD</name>
         <value>0x88413</value>
         <object_component_ref idref="oc-1bc"/>
      </symbol>
      <symbol id="sm-f06">
         <name>LL$$DIV</name>
         <value>0x883d7</value>
         <object_component_ref idref="oc-1bc"/>
      </symbol>
      <symbol id="sm-f14">
         <name>I$$MOD</name>
         <value>0x8a478</value>
         <object_component_ref idref="oc-1c1"/>
      </symbol>
      <symbol id="sm-f15">
         <name>I$$DIV</name>
         <value>0x8a467</value>
         <object_component_ref idref="oc-1c1"/>
      </symbol>
      <symbol id="sm-f21">
         <name>U$$MOD</name>
         <value>0x8aba5</value>
         <object_component_ref idref="oc-1c6"/>
      </symbol>
      <symbol id="sm-f22">
         <name>U$$DIV</name>
         <value>0x8aba0</value>
         <object_component_ref idref="oc-1c6"/>
      </symbol>
      <symbol id="sm-f31">
         <name>_copy_in</name>
         <value>0x8a3fe</value>
         <object_component_ref idref="oc-211"/>
      </symbol>
      <symbol id="sm-f43">
         <name>_memcpy</name>
         <value>0x8a5f6</value>
         <object_component_ref idref="oc-242"/>
      </symbol>
      <symbol id="sm-f50">
         <name>__system_pre_init</name>
         <value>0x8ada2</value>
         <object_component_ref idref="oc-20f"/>
      </symbol>
      <symbol id="sm-f5e">
         <name>__system_post_cinit</name>
         <value>0x8adab</value>
         <object_component_ref idref="oc-213"/>
      </symbol>
      <symbol id="sm-f73">
         <name>C$$EXIT</name>
         <value>0x8a33d</value>
         <object_component_ref idref="oc-2b7"/>
      </symbol>
      <symbol id="sm-f74">
         <name>_exit</name>
         <value>0x8a33f</value>
         <object_component_ref idref="oc-2b7"/>
      </symbol>
      <symbol id="sm-f76">
         <name>___TI_cleanup_ptr</name>
         <value>0x89c2</value>
         <object_component_ref idref="oc-1e1"/>
      </symbol>
      <symbol id="sm-f77">
         <name>___TI_enable_exit_profile_output</name>
         <value>0x89c0</value>
         <object_component_ref idref="oc-1e1"/>
      </symbol>
      <symbol id="sm-f78">
         <name>_abort</name>
         <value>0x8a33d</value>
         <object_component_ref idref="oc-2b7"/>
      </symbol>
      <symbol id="sm-f7a">
         <name>___TI_dtors_ptr</name>
         <value>0x89c4</value>
         <object_component_ref idref="oc-1e1"/>
      </symbol>
      <symbol id="sm-f8e">
         <name>__unlock</name>
         <value>0x87be</value>
         <object_component_ref idref="oc-2c6"/>
      </symbol>
      <symbol id="sm-f8f">
         <name>__lock</name>
         <value>0x86be</value>
         <object_component_ref idref="oc-2c7"/>
      </symbol>
      <symbol id="sm-f90">
         <name>__register_lock</name>
         <value>0x8ac4d</value>
         <object_component_ref idref="oc-283"/>
      </symbol>
      <symbol id="sm-f92">
         <name>__nop</name>
         <value>0x8ac51</value>
         <object_component_ref idref="oc-283"/>
      </symbol>
      <symbol id="sm-f94">
         <name>__register_unlock</name>
         <value>0x8ac49</value>
         <object_component_ref idref="oc-283"/>
      </symbol>
      <symbol id="sm-fa4">
         <name>__args_main</name>
         <value>0x8a941</value>
         <object_component_ref idref="oc-214"/>
      </symbol>
      <symbol id="sm-fb3">
         <name>_memset</name>
         <value>0x8accd</value>
         <object_component_ref idref="oc-34f"/>
      </symbol>
      <symbol id="sm-fca">
         <name>_strlen</name>
         <value>0x8aca2</value>
         <object_component_ref idref="oc-39c"/>
      </symbol>
      <symbol id="sm-fd8">
         <name>_HOSTwrite</name>
         <value>0x89e6e</value>
         <object_component_ref idref="oc-386"/>
      </symbol>
      <symbol id="sm-ff2">
         <name>___TI_readmsg</name>
         <value>0x88cfc</value>
         <object_component_ref idref="oc-3ae"/>
      </symbol>
      <symbol id="sm-ff4">
         <name>C$$IO$$</name>
         <value>0x88cf7</value>
         <object_component_ref idref="oc-3ae"/>
      </symbol>
      <symbol id="sm-ff5">
         <name>__CIOBUF_</name>
         <value>0x8a00</value>
         <object_component_ref idref="oc-205"/>
      </symbol>
      <symbol id="sm-ff6">
         <name>___TI_writemsg</name>
         <value>0x88ca4</value>
         <object_component_ref idref="oc-3ae"/>
      </symbol>
      <symbol id="sm-1003">
         <name>_parmbuf</name>
         <value>0x88b0</value>
         <object_component_ref idref="oc-3ad"/>
      </symbol>
   </symbol_table>
   <title>Link successful</title>
</link_info>
